<?xml version="1.0" encoding="utf-8"?>
<TestRun id="9dd85266-4308-451a-836e-68b2c1e97fca" name="allen@DESKTOP-SET3SNR 2026-10-07 15:12:29" runUser="DESKTOP-SET3SNR\CodexSandboxOffline" xmlns="http://microsoft.com/schemas/VisualStudio/TeamTest/2010">
  <Times creation="2026-10-07T15:12:29.9781239+08:00" queuing="2026-10-07T15:12:29.9781244+08:00" start="2026-10-07T15:12:24.8335522+08:00" finish="2026-10-07T15:12:44.6068749+08:00" />
  <TestSettings name="default" id="f7289798-69b9-4dc3-b45b-416843871bb2">
    <Deployment runDeploymentRoot="allen_DESKTOP-SET3SNR_2026-10-07_15_12_29" />
  </TestSettings>
  <Results>
    <UnitTestResult executionId="ee46d082-fdd0-4cf6-868f-a1c6cb7a5014" testId="4a4eccec-cc5c-6233-bd58-2a3f990f1f0d" testName="OptilandWorkbench.Tests.RmsAnalysisTests.RmsFieldMapProducesFiniteTwoDimensionalGrid" computerName="DESKTOP-SET3SNR" duration="00:00:00.0516305" startTime="2026-10-07T15:12:29.1172401+08:00" endTime="2026-10-07T15:12:29.1616052+08:00" testType="13cdc9d9-ddb5-4fa4-a97d-d965ccfc6d4b" outcome="Passed" testListId="8c84fa94-04c1-424b-9868-57a2d4851a1d" relativeResultsDirectory="ee46d082-fdd0-4cf6-868f-a1c6cb7a5014" />
    <UnitTestResult executionId="c20a2c71-1f3e-4573-ba84-6fcd69163b67" testId="a40335b3-e671-b433-b6f7-08f1031147fe" testName="OptilandWorkbench.Tests.RmsAnalysisTests.HiddenDiffractionLimitDoesNotAddReferenceSeries" computerName="DESKTOP-SET3SNR" duration="00:00:00.0026918" startTime="2026-10-07T15:12:29.1766740+08:00" endTime="2026-10-07T15:12:29.1792615+08:00" testType="13cdc9d9-ddb5-4fa4-a97d-d965ccfc6d4b" outcome="Passed" testListId="8c84fa94-04c1-424b-9868-57a2d4851a1d" relativeResultsDirectory="c20a2c71-1f3e-4573-ba84-6fcd69163b67" />
    <UnitTestResult executionId="0048857e-f875-424b-a19f-ab73e64258e9" testId="718fc0f0-b53d-a66e-6d05-65c9090c6ec9" testName="OptilandWorkbench.Tests.RectangularRmsParityTests.RectangularSpotFieldScanMatchesIndependentNativeCaptures(lens: &quot;even-asphere&quot;, density: 64)" computerName="DESKTOP-SET3SNR" duration="00:00:00.4027509" startTime="2026-10-07T15:12:43.7527355+08:00" endTime="2026-10-07T15:12:44.1550870+08:00" testType="13cdc9d9-ddb5-4fa4-a97d-d965ccfc6d4b" outcome="Passed" testListId="8c84fa94-04c1-424b-9868-57a2d4851a1d" relativeResultsDirectory="0048857e-f875-424b-a19f-ab73e64258e9" />
    <UnitTestResult executionId="60268b5b-f715-44f0-9fb1-ae0d5ea61227" testId="b03fcdc4-1164-6732-1c27-4e031c31f97d" testName="OptilandWorkbench.Tests.ZemaxRmsWavefrontVsFieldParityTests.WorkbenchProductPresetUsesTheCaptured123456RmsFieldSettings" computerName="DESKTOP-SET3SNR" duration="00:00:11.0801058" startTime="2026-10-07T15:12:28.3990620+08:00" endTime="2026-10-07T15:12:39.4651851+08:00" testType="13cdc9d9-ddb5-4fa4-a97d-d965ccfc6d4b" outcome="Passed" testListId="8c84fa94-04c1-424b-9868-57a2d4851a1d" relativeResultsDirectory="60268b5b-f715-44f0-9fb1-ae0d5ea61227" />
    <UnitTestResult executionId="10e333ec-6e95-4f8a-b08c-67596e40029f" testId="8ab49eb8-2a85-6f52-b620-a60d72cd5fa5" testName="OptilandWorkbench.Tests.RectangularRmsParityTests.InvalidRectangularDensityIsRejected(density: 1025)" computerName="DESKTOP-SET3SNR" duration="00:00:00.0000100" startTime="2026-10-07T15:12:44.1634415+08:00" endTime="2026-10-07T15:12:44.1634538+08:00" testType="13cdc9d9-ddb5-4fa4-a97d-d965ccfc6d4b" outcome="Passed" testListId="8c84fa94-04c1-424b-9868-57a2d4851a1d" relativeResultsDirectory="10e333ec-6e95-4f8a-b08c-67596e40029f" />
    <UnitTestResult executionId="2f474512-37b0-41d9-8096-5b92e82148de" testId="0ee53f0c-727e-a38a-02b2-9fd7b394a40f" testName="OptilandWorkbench.Tests.RectangularRmsParityTests.RectangularSpotFieldScanMatchesIndependentNativeCaptures(lens: &quot;relay-lens&quot;, density: 64)" computerName="DESKTOP-SET3SNR" duration="00:00:04.2492370" startTime="2026-10-07T15:12:28.3990120+08:00" endTime="2026-10-07T15:12:32.6343638+08:00" testType="13cdc9d9-ddb5-4fa4-a97d-d965ccfc6d4b" outcome="Passed" testListId="8c84fa94-04c1-424b-9868-57a2d4851a1d" relativeResultsDirectory="2f474512-37b0-41d9-8096-5b92e82148de" />
    <UnitTestResult executionId="ca32dc8d-0f6d-4f86-a1fe-e1202e0727f9" testId="49bb2c71-2714-18b3-fb75-6c4e5dd5e441" testName="OptilandWorkbench.Tests.RectangularRmsParityTests.RectangularCellIntegrationIsCenteredAndKeepsGeneralEndpointSamplingDistinct(density: 64)" computerName="DESKTOP-SET3SNR" duration="00:00:00.0034022" startTime="2026-10-07T15:12:44.1586555+08:00" endTime="2026-10-07T15:12:44.1620315+08:00" testType="13cdc9d9-ddb5-4fa4-a97d-d965ccfc6d4b" outcome="Passed" testListId="8c84fa94-04c1-424b-9868-57a2d4851a1d" relativeResultsDirectory="ca32dc8d-0f6d-4f86-a1fe-e1202e0727f9" />
    <UnitTestResult executionId="8ffb4348-9ebe-49d9-bce0-99b72f94ebbf" testId="62f28f0d-e0dd-5bcc-783a-4b294ee6f96e" testName="OptilandWorkbench.Tests.RectangularRmsParityTests.RectangularSpotFieldScanMatchesIndependentNativeCaptures(lens: &quot;cooke-40-degree-field&quot;, density: 128)" computerName="DESKTOP-SET3SNR" duration="00:00:00.8981658" startTime="2026-10-07T15:12:35.3110681+08:00" endTime="2026-10-07T15:12:36.2091506+08:00" testType="13cdc9d9-ddb5-4fa4-a97d-d965ccfc6d4b" outcome="Passed" testListId="8c84fa94-04c1-424b-9868-57a2d4851a1d" relativeResultsDirectory="8ffb4348-9ebe-49d9-bce0-99b72f94ebbf" />
    <UnitTestResult executionId="16ea321e-8016-4358-b292-b52b6a7ba09c" testId="9a9f7f33-c48f-dc6f-45f3-f0604733f68a" testName="OptilandWorkbench.Tests.RectangularRmsParityTests.RectangularCellIntegrationIsCenteredAndKeepsGeneralEndpointSamplingDistinct(density: 2)" computerName="DESKTOP-SET3SNR" duration="00:00:00.0002960" startTime="2026-10-07T15:12:44.1582683+08:00" endTime="2026-10-07T15:12:44.1585451+08:00" testType="13cdc9d9-ddb5-4fa4-a97d-d965ccfc6d4b" outcome="Passed" testListId="8c84fa94-04c1-424b-9868-57a2d4851a1d" relativeResultsDirectory="16ea321e-8016-4358-b292-b52b6a7ba09c" />
    <UnitTestResult executionId="e9634010-bee2-48d9-a505-3e3c968674fd" testId="7f3ac316-19ae-8c0a-cf8d-b73284d2c227" testName="OptilandWorkbench.Tests.RectangularRmsParityTests.RectangularSpotFieldScanMatchesIndependentNativeCaptures(lens: &quot;relay-lens&quot;, density: 128)" computerName="DESKTOP-SET3SNR" duration="00:00:06.3842914" startTime="2026-10-07T15:12:37.3680193+08:00" endTime="2026-10-07T15:12:43.7522476+08:00" testType="13cdc9d9-ddb5-4fa4-a97d-d965ccfc6d4b" outcome="Passed" testListId="8c84fa94-04c1-424b-9868-57a2d4851a1d" relativeResultsDirectory="e9634010-bee2-48d9-a505-3e3c968674fd" />
    <UnitTestResult executionId="85aef185-3d06-4540-8e8f-a134629005a4" testId="f43f1f0d-f74e-23e3-1c89-7d8d2b3a2114" testName="OptilandWorkbench.Tests.RectangularRmsParityTests.RectangularCellIntegrationIsCenteredAndKeepsGeneralEndpointSamplingDistinct(density: 1)" computerName="DESKTOP-SET3SNR" duration="00:00:00.0029655" startTime="2026-10-07T15:12:44.1552103+08:00" endTime="2026-10-07T15:12:44.1581574+08:00" testType="13cdc9d9-ddb5-4fa4-a97d-d965ccfc6d4b" outcome="Passed" testListId="8c84fa94-04c1-424b-9868-57a2d4851a1d" relativeResultsDirectory="85aef185-3d06-4540-8e8f-a134629005a4" />
    <UnitTestResult executionId="ca525420-550a-4bff-993b-79ae093c6e67" testId="5394eeb6-539d-d8af-708e-218085ebfe8a" testName="OptilandWorkbench.Tests.RectangularRmsParityTests.InvalidRectangularDensityIsRejected(density: -1)" computerName="DESKTOP-SET3SNR" duration="00:00:00.0002275" startTime="2026-10-07T15:12:44.1631939+08:00" endTime="2026-10-07T15:12:44.1633952+08:00" testType="13cdc9d9-ddb5-4fa4-a97d-d965ccfc6d4b" outcome="Passed" testListId="8c84fa94-04c1-424b-9868-57a2d4851a1d" relativeResultsDirectory="ca525420-550a-4bff-993b-79ae093c6e67" />
    <UnitTestResult executionId="e604799b-daaa-4ad4-99fd-84caee4e502f" testId="e718d0e3-6684-4ca8-4a01-9d8d46bb0f3a" testName="OptilandWorkbench.Tests.RectangularRmsParityTests.RectangularSpotFieldScanMatchesIndependentNativeCaptures(lens: &quot;cooke-40-degree-field&quot;, density: 64)" computerName="DESKTOP-SET3SNR" duration="00:00:00.3205180" startTime="2026-10-07T15:12:32.6355816+08:00" endTime="2026-10-07T15:12:32.9549542+08:00" testType="13cdc9d9-ddb5-4fa4-a97d-d965ccfc6d4b" outcome="Passed" testListId="8c84fa94-04c1-424b-9868-57a2d4851a1d" relativeResultsDirectory="e604799b-daaa-4ad4-99fd-84caee4e502f" />
    <UnitTestResult executionId="defd8e32-fe04-437b-a0bc-c3ce6beafb22" testId="cf0bf77e-f82c-54ea-782d-4a7f3034c5ce" testName="OptilandWorkbench.Tests.RectangularRmsParityTests.RectangularSpotFieldScanMatchesIndependentNativeCaptures(lens: &quot;double-gauss-28-degree-field&quot;, density: 64)" computerName="DESKTOP-SET3SNR" duration="00:00:00.1690164" startTime="2026-10-07T15:12:36.2093253+08:00" endTime="2026-10-07T15:12:36.3782552+08:00" testType="13cdc9d9-ddb5-4fa4-a97d-d965ccfc6d4b" outcome="Passed" testListId="8c84fa94-04c1-424b-9868-57a2d4851a1d" relativeResultsDirectory="defd8e32-fe04-437b-a0bc-c3ce6beafb22" />
    <UnitTestResult executionId="1e58ac0d-36f3-4ed0-9d42-e496e50af800" testId="2b4abf9a-3fd6-57da-1296-ada9bb83de56" testName="OptilandWorkbench.Tests.RectangularRmsParityTests.RectangularSpotFieldScanMatchesIndependentNativeCaptures(lens: &quot;even-asphere&quot;, density: 128)" computerName="DESKTOP-SET3SNR" duration="00:00:02.3558480" startTime="2026-10-07T15:12:32.9551105+08:00" endTime="2026-10-07T15:12:35.3109485+08:00" testType="13cdc9d9-ddb5-4fa4-a97d-d965ccfc6d4b" outcome="Passed" testListId="8c84fa94-04c1-424b-9868-57a2d4851a1d" relativeResultsDirectory="1e58ac0d-36f3-4ed0-9d42-e496e50af800" />
    <UnitTestResult executionId="2c79c214-e417-485b-bc2d-0b66a845cf4e" testId="d4613d48-5805-92ab-af02-667b296b0eb0" testName="OptilandWorkbench.Tests.RmsAnalysisTests.RmsVsWavelengthProducesFiniteSeriesForEveryDefinedField" computerName="DESKTOP-SET3SNR" duration="00:00:00.0119691" startTime="2026-10-07T15:12:29.1150989+08:00" endTime="2026-10-07T15:12:29.1151883+08:00" testType="13cdc9d9-ddb5-4fa4-a97d-d965ccfc6d4b" outcome="Passed" testListId="8c84fa94-04c1-424b-9868-57a2d4851a1d" relativeResultsDirectory="2c79c214-e417-485b-bc2d-0b66a845cf4e" />
    <UnitTestResult executionId="c5da4b8c-bb42-466c-ba07-7ca07bc87002" testId="edf3374d-0f9f-3d7b-0c2d-2863b526ecf1" testName="OptilandWorkbench.Tests.ZemaxRmsWavefrontVsFocusParityTests.CapturedChiefRayFocusScanSettingsMatchZemax123456" computerName="DESKTOP-SET3SNR" duration="00:00:06.6149690" startTime="2026-10-07T15:12:28.3980694+08:00" endTime="2026-10-07T15:12:35.0033360+08:00" testType="13cdc9d9-ddb5-4fa4-a97d-d965ccfc6d4b" outcome="Passed" testListId="8c84fa94-04c1-424b-9868-57a2d4851a1d" relativeResultsDirectory="c5da4b8c-bb42-466c-ba07-7ca07bc87002">
      <Output>
        <StdOut>S1 actual: 0.10005933,0.08575993,0.071615343,0.0577389,0.044382094,0.032197224,0.023116843,0.021514805,0.028672134,0.040148933,0.053219905,0.066957381,0.081022647,0.095270292,0.10962894,0.12405978&#xD;
S1 zemax:  0.10005205,0.085752642,0.07160806,0.057731658,0.044375001,0.032190656,0.023112162,0.021514573,0.028675559,0.040153948,0.053225628,0.06696347,0.081028952,0.095276738,0.10963548,0.1240664&#xD;
S2 actual: 0.12336502,0.11232197,0.10213136,0.093073259,0.085507978,0.0798605,0.07655602,0.075900759,0.077961144,0.082533661,0.089232606,0.097620876,0.10730272,0.11795979,0.12935102,0.14129874&#xD;
S2 zemax:  0.12327262,0.11221174,0.10200114,0.092921212,0.085333298,0.079664493,0.076343106,0.07567844,0.077738276,0.082317974,0.089029172,0.097432091,0.1071291,0.1178008,0.12920567,0.14116591&#xD;
S3 actual: 0.094168917,0.081377724,0.069284507,0.058324502,0.049259357,0.043295367,0.041781544,0.04516687,0.052511628,0.062433231,0.073900568,0.08629927,0.099280687,0.11264325,0.12626576,0.14007217&#xD;
S3 zemax:  0.094098005,0.081295128,0.069186923,0.058207981,0.049120784,0.043137161,0.041617255,0.045014804,0.052380929,0.062323517,0.073808176,0.086220516,0.099212649,0.11258375,0.12621319,0.14002532&#xD;
S4 actual: 0.094175082,0.080816016,0.06797981,0.056026421,0.045653914,0.038172632,0.035461321,0.038539351,0.046264611,0.056770051,0.068793098,0.081665811,0.095043239,0.10873897,0.12264615,0.13670003&#xD;
S4 zemax:  0.094142481,0.0807796,0.067938229,0.055977853,0.045596393,0.038106062,0.035391789,0.0384771,0.046213996,0.056729651,0.06876033,0.081638584,0.095020079,0.10871886,0.12262838,0.13668408&#xD;
S5 actual: 0.098293055,0.084298058,0.070576661,0.057325103,0.044960032,0.034448675,0.027964671,0.028412571,0.035530276,0.046339366,0.058838917,0.072155247,0.085909001,0.099919386,0.11409161,0.12837184&#xD;
S5 zemax:  0.09828022,0.084284524,0.070562136,0.057309152,0.044942051,0.034428145,0.027942831,0.028394314,0.035518139,0.04633185,0.058834333,0.072152538,0.08590754,0.099918788,0.11409163,0.12837231&#xD;
RMSE=9.432635E-05 waves; NRMSE=0.066819%; max=0.00022286796 waves</StdOut>
      </Output>
    </UnitTestResult>
    <UnitTestResult executionId="5cccaa80-de4b-4ecd-8672-f2d0ea83675c" testId="6fc699f1-b523-bf84-4e4d-770aa3309025" testName="OptilandWorkbench.Tests.RmsAnalysisTests.ShowDiffractionLimitAddsZemaxReferenceSeriesToAllRmsScans" computerName="DESKTOP-SET3SNR" duration="00:00:00.7090890" startTime="2026-10-07T15:12:28.3990452+08:00" endTime="2026-10-07T15:12:29.1004690+08:00" testType="13cdc9d9-ddb5-4fa4-a97d-d965ccfc6d4b" outcome="Passed" testListId="8c84fa94-04c1-424b-9868-57a2d4851a1d" relativeResultsDirectory="5cccaa80-de4b-4ecd-8672-f2d0ea83675c" />
    <UnitTestResult executionId="3f0ae103-4fe4-41b1-a95c-520397b9ef5c" testId="2f02ed93-17cb-529d-b753-1de5459f685e" testName="OptilandWorkbench.Tests.RectangularRmsParityTests.RectangularSpotFieldScanMatchesIndependentNativeCaptures(lens: &quot;double-gauss-28-degree-field&quot;, density: 128)" computerName="DESKTOP-SET3SNR" duration="00:00:00.9894899" startTime="2026-10-07T15:12:36.3791434+08:00" endTime="2026-10-07T15:12:37.3678682+08:00" testType="13cdc9d9-ddb5-4fa4-a97d-d965ccfc6d4b" outcome="Passed" testListId="8c84fa94-04c1-424b-9868-57a2d4851a1d" relativeResultsDirectory="3f0ae103-4fe4-41b1-a95c-520397b9ef5c" />
    <UnitTestResult executionId="60eddd79-5600-4785-b01b-e85db20a8a3b" testId="667ec7a3-3e12-8a41-1932-f6599c8e1dc5" testName="OptilandWorkbench.Tests.RectangularRmsParityTests.InvalidRectangularDensityIsRejected(density: 0)" computerName="DESKTOP-SET3SNR" duration="00:00:00.0004721" startTime="2026-10-07T15:12:44.1627281+08:00" endTime="2026-10-07T15:12:44.1631344+08:00" testType="13cdc9d9-ddb5-4fa4-a97d-d965ccfc6d4b" outcome="Passed" testListId="8c84fa94-04c1-424b-9868-57a2d4851a1d" relativeResultsDirectory="60eddd79-5600-4785-b01b-e85db20a8a3b" />
    <UnitTestResult executionId="ba3f58d0-79e9-40b1-8896-83f12f74f49e" testId="275ff94a-3e36-dce4-bfb6-4caa1e695e8d" testName="OptilandWorkbench.Tests.ZemaxRmsWavefrontVsFieldParityTests.ChiefRayGaussianQuadratureFieldScanMatchesZemax123456" computerName="DESKTOP-SET3SNR" duration="00:00:05.0536525" startTime="2026-10-07T15:12:39.4662653+08:00" endTime="2026-10-07T15:12:44.5189275+08:00" testType="13cdc9d9-ddb5-4fa4-a97d-d965ccfc6d4b" outcome="Passed" testListId="8c84fa94-04c1-424b-9868-57a2d4851a1d" relativeResultsDirectory="ba3f58d0-79e9-40b1-8896-83f12f74f49e">
      <Output>
        <StdOut>RMSE=0.00012701273 waves; NRMSE=0.129585%; max absolute=0.00031413541 waves; minimum correlation=0.9999498586&#xD;
Poly: RMSE=0.00011323195, max=0.00022368487, corr=0.9999986504&#xD;
0.4200 µm: RMSE=0.00018800694, max=0.00023674039, corr=0.9999966245&#xD;
0.4400 µm: RMSE=0.00011686337, max=0.00031413541, corr=0.9999498586&#xD;
0.4600 µm: RMSE=5.1998125E-05, max=0.00012462486, corr=0.9999997267</StdOut>
      </Output>
    </UnitTestResult>
    <UnitTestResult executionId="c8cc168c-5814-414b-ac49-5dabb0e3cbc9" testId="54a27ac6-acf5-57bf-a246-b62b681da9ea" testName="OptilandWorkbench.Tests.RmsAnalysisTests.RmsVsFocusProducesFiniteSeriesForEveryDefinedField" computerName="DESKTOP-SET3SNR" duration="00:00:00.0148368" startTime="2026-10-07T15:12:29.1631957+08:00" endTime="2026-10-07T15:12:29.1765218+08:00" testType="13cdc9d9-ddb5-4fa4-a97d-d965ccfc6d4b" outcome="Passed" testListId="8c84fa94-04c1-424b-9868-57a2d4851a1d" relativeResultsDirectory="c8cc168c-5814-414b-ac49-5dabb0e3cbc9" />
  </Results>
  <TestDefinitions>
    <UnitTest name="OptilandWorkbench.Tests.RectangularRmsParityTests.RectangularSpotFieldScanMatchesIndependentNativeCaptures(lens: &quot;double-gauss-28-degree-field&quot;, density: 64)" storage="d:\projects\opticalsystem\tests\optilandworkbench.tests\bin\release\net10.0\optilandworkbench.tests.dll" id="cf0bf77e-f82c-54ea-782d-4a7f3034c5ce">
      <Execution id="defd8e32-fe04-437b-a0bc-c3ce6beafb22" />
      <TestMethod codeBase="D:\Projects\opticalsystem\tests\OptilandWorkbench.Tests\bin\Release\net10.0\OptilandWorkbench.Tests.dll" adapterTypeName="executor://xunit/VsTestRunner3/netcore/" className="OptilandWorkbench.Tests.RectangularRmsParityTests" name="RectangularSpotFieldScanMatchesIndependentNativeCaptures" />
    </UnitTest>
    <UnitTest name="OptilandWorkbench.Tests.RectangularRmsParityTests.RectangularCellIntegrationIsCenteredAndKeepsGeneralEndpointSamplingDistinct(density: 2)" storage="d:\projects\opticalsystem\tests\optilandworkbench.tests\bin\release\net10.0\optilandworkbench.tests.dll" id="9a9f7f33-c48f-dc6f-45f3-f0604733f68a">
      <Execution id="16ea321e-8016-4358-b292-b52b6a7ba09c" />
      <TestMethod codeBase="D:\Projects\opticalsystem\tests\OptilandWorkbench.Tests\bin\Release\net10.0\OptilandWorkbench.Tests.dll" adapterTypeName="executor://xunit/VsTestRunner3/netcore/" className="OptilandWorkbench.Tests.RectangularRmsParityTests" name="RectangularCellIntegrationIsCenteredAndKeepsGeneralEndpointSamplingDistinct" />
    </UnitTest>
    <UnitTest name="OptilandWorkbench.Tests.ZemaxRmsWavefrontVsFieldParityTests.ChiefRayGaussianQuadratureFieldScanMatchesZemax123456" storage="d:\projects\opticalsystem\tests\optilandworkbench.tests\bin\release\net10.0\optilandworkbench.tests.dll" id="275ff94a-3e36-dce4-bfb6-4caa1e695e8d">
      <Execution id="ba3f58d0-79e9-40b1-8896-83f12f74f49e" />
      <TestMethod codeBase="D:\Projects\opticalsystem\tests\OptilandWorkbench.Tests\bin\Release\net10.0\OptilandWorkbench.Tests.dll" adapterTypeName="executor://xunit/VsTestRunner3/netcore/" className="OptilandWorkbench.Tests.ZemaxRmsWavefrontVsFieldParityTests" name="ChiefRayGaussianQuadratureFieldScanMatchesZemax123456" />
    </UnitTest>
    <UnitTest name="OptilandWorkbench.Tests.ZemaxRmsWavefrontVsFocusParityTests.CapturedChiefRayFocusScanSettingsMatchZemax123456" storage="d:\projects\opticalsystem\tests\optilandworkbench.tests\bin\release\net10.0\optilandworkbench.tests.dll" id="edf3374d-0f9f-3d7b-0c2d-2863b526ecf1">
      <Execution id="c5da4b8c-bb42-466c-ba07-7ca07bc87002" />
      <TestMethod codeBase="D:\Projects\opticalsystem\tests\OptilandWorkbench.Tests\bin\Release\net10.0\OptilandWorkbench.Tests.dll" adapterTypeName="executor://xunit/VsTestRunner3/netcore/" className="OptilandWorkbench.Tests.ZemaxRmsWavefrontVsFocusParityTests" name="CapturedChiefRayFocusScanSettingsMatchZemax123456" />
    </UnitTest>
    <UnitTest name="OptilandWorkbench.Tests.RectangularRmsParityTests.RectangularSpotFieldScanMatchesIndependentNativeCaptures(lens: &quot;cooke-40-degree-field&quot;, density: 64)" storage="d:\projects\opticalsystem\tests\optilandworkbench.tests\bin\release\net10.0\optilandworkbench.tests.dll" id="e718d0e3-6684-4ca8-4a01-9d8d46bb0f3a">
      <Execution id="e604799b-daaa-4ad4-99fd-84caee4e502f" />
      <TestMethod codeBase="D:\Projects\opticalsystem\tests\OptilandWorkbench.Tests\bin\Release\net10.0\OptilandWorkbench.Tests.dll" adapterTypeName="executor://xunit/VsTestRunner3/netcore/" className="OptilandWorkbench.Tests.RectangularRmsParityTests" name="RectangularSpotFieldScanMatchesIndependentNativeCaptures" />
    </UnitTest>
    <UnitTest name="OptilandWorkbench.Tests.RectangularRmsParityTests.RectangularSpotFieldScanMatchesIndependentNativeCaptures(lens: &quot;double-gauss-28-degree-field&quot;, density: 128)" storage="d:\projects\opticalsystem\tests\optilandworkbench.tests\bin\release\net10.0\optilandworkbench.tests.dll" id="2f02ed93-17cb-529d-b753-1de5459f685e">
      <Execution id="3f0ae103-4fe4-41b1-a95c-520397b9ef5c" />
      <TestMethod codeBase="D:\Projects\opticalsystem\tests\OptilandWorkbench.Tests\bin\Release\net10.0\OptilandWorkbench.Tests.dll" adapterTypeName="executor://xunit/VsTestRunner3/netcore/" className="OptilandWorkbench.Tests.RectangularRmsParityTests" name="RectangularSpotFieldScanMatchesIndependentNativeCaptures" />
    </UnitTest>
    <UnitTest name="OptilandWorkbench.Tests.RectangularRmsParityTests.RectangularCellIntegrationIsCenteredAndKeepsGeneralEndpointSamplingDistinct(density: 64)" storage="d:\projects\opticalsystem\tests\optilandworkbench.tests\bin\release\net10.0\optilandworkbench.tests.dll" id="49bb2c71-2714-18b3-fb75-6c4e5dd5e441">
      <Execution id="ca32dc8d-0f6d-4f86-a1fe-e1202e0727f9" />
      <TestMethod codeBase="D:\Projects\opticalsystem\tests\OptilandWorkbench.Tests\bin\Release\net10.0\OptilandWorkbench.Tests.dll" adapterTypeName="executor://xunit/VsTestRunner3/netcore/" className="OptilandWorkbench.Tests.RectangularRmsParityTests" name="RectangularCellIntegrationIsCenteredAndKeepsGeneralEndpointSamplingDistinct" />
    </UnitTest>
    <UnitTest name="OptilandWorkbench.Tests.ZemaxRmsWavefrontVsFieldParityTests.WorkbenchProductPresetUsesTheCaptured123456RmsFieldSettings" storage="d:\projects\opticalsystem\tests\optilandworkbench.tests\bin\release\net10.0\optilandworkbench.tests.dll" id="b03fcdc4-1164-6732-1c27-4e031c31f97d">
      <Execution id="60268b5b-f715-44f0-9fb1-ae0d5ea61227" />
      <TestMethod codeBase="D:\Projects\opticalsystem\tests\OptilandWorkbench.Tests\bin\Release\net10.0\OptilandWorkbench.Tests.dll" adapterTypeName="executor://xunit/VsTestRunner3/netcore/" className="OptilandWorkbench.Tests.ZemaxRmsWavefrontVsFieldParityTests" name="WorkbenchProductPresetUsesTheCaptured123456RmsFieldSettings" />
    </UnitTest>
    <UnitTest name="OptilandWorkbench.Tests.RectangularRmsParityTests.InvalidRectangularDensityIsRejected(density: 0)" storage="d:\projects\opticalsystem\tests\optilandworkbench.tests\bin\release\net10.0\optilandworkbench.tests.dll" id="667ec7a3-3e12-8a41-1932-f6599c8e1dc5">
      <Execution id="60eddd79-5600-4785-b01b-e85db20a8a3b" />
      <TestMethod codeBase="D:\Projects\opticalsystem\tests\OptilandWorkbench.Tests\bin\Release\net10.0\OptilandWorkbench.Tests.dll" adapterTypeName="executor://xunit/VsTestRunner3/netcore/" className="OptilandWorkbench.Tests.RectangularRmsParityTests" name="InvalidRectangularDensityIsRejected" />
    </UnitTest>
    <UnitTest name="OptilandWorkbench.Tests.RectangularRmsParityTests.RectangularSpotFieldScanMatchesIndependentNativeCaptures(lens: &quot;even-asphere&quot;, density: 64)" storage="d:\projects\opticalsystem\tests\optilandworkbench.tests\bin\release\net10.0\optilandworkbench.tests.dll" id="718fc0f0-b53d-a66e-6d05-65c9090c6ec9">
      <Execution id="0048857e-f875-424b-a19f-ab73e64258e9" />
      <TestMethod codeBase="D:\Projects\opticalsystem\tests\OptilandWorkbench.Tests\bin\Release\net10.0\OptilandWorkbench.Tests.dll" adapterTypeName="executor://xunit/VsTestRunner3/netcore/" className="OptilandWorkbench.Tests.RectangularRmsParityTests" name="RectangularSpotFieldScanMatchesIndependentNativeCaptures" />
    </UnitTest>
    <UnitTest name="OptilandWorkbench.Tests.RmsAnalysisTests.RmsVsWavelengthProducesFiniteSeriesForEveryDefinedField" storage="d:\projects\opticalsystem\tests\optilandworkbench.tests\bin\release\net10.0\optilandworkbench.tests.dll" id="d4613d48-5805-92ab-af02-667b296b0eb0">
      <Execution id="2c79c214-e417-485b-bc2d-0b66a845cf4e" />
      <TestMethod codeBase="D:\Projects\opticalsystem\tests\OptilandWorkbench.Tests\bin\Release\net10.0\OptilandWorkbench.Tests.dll" adapterTypeName="executor://xunit/VsTestRunner3/netcore/" className="OptilandWorkbench.Tests.RmsAnalysisTests" name="RmsVsWavelengthProducesFiniteSeriesForEveryDefinedField" />
    </UnitTest>
    <UnitTest name="OptilandWorkbench.Tests.RectangularRmsParityTests.InvalidRectangularDensityIsRejected(density: 1025)" storage="d:\projects\opticalsystem\tests\optilandworkbench.tests\bin\release\net10.0\optilandworkbench.tests.dll" id="8ab49eb8-2a85-6f52-b620-a60d72cd5fa5">
      <Execution id="10e333ec-6e95-4f8a-b08c-67596e40029f" />
      <TestMethod codeBase="D:\Projects\opticalsystem\tests\OptilandWorkbench.Tests\bin\Release\net10.0\OptilandWorkbench.Tests.dll" adapterTypeName="executor://xunit/VsTestRunner3/netcore/" className="OptilandWorkbench.Tests.RectangularRmsParityTests" name="InvalidRectangularDensityIsRejected" />
    </UnitTest>
    <UnitTest name="OptilandWorkbench.Tests.RectangularRmsParityTests.RectangularSpotFieldScanMatchesIndependentNativeCaptures(lens: &quot;relay-lens&quot;, density: 64)" storage="d:\projects\opticalsystem\tests\optilandworkbench.tests\bin\release\net10.0\optilandworkbench.tests.dll" id="0ee53f0c-727e-a38a-02b2-9fd7b394a40f">
      <Execution id="2f474512-37b0-41d9-8096-5b92e82148de" />
      <TestMethod codeBase="D:\Projects\opticalsystem\tests\OptilandWorkbench.Tests\bin\Release\net10.0\OptilandWorkbench.Tests.dll" adapterTypeName="executor://xunit/VsTestRunner3/netcore/" className="OptilandWorkbench.Tests.RectangularRmsParityTests" name="RectangularSpotFieldScanMatchesIndependentNativeCaptures" />
    </UnitTest>
    <UnitTest name="OptilandWorkbench.Tests.RectangularRmsParityTests.RectangularSpotFieldScanMatchesIndependentNativeCaptures(lens: &quot;relay-lens&quot;, density: 128)" storage="d:\projects\opticalsystem\tests\optilandworkbench.tests\bin\release\net10.0\optilandworkbench.tests.dll" id="7f3ac316-19ae-8c0a-cf8d-b73284d2c227">
      <Execution id="e9634010-bee2-48d9-a505-3e3c968674fd" />
      <TestMethod codeBase="D:\Projects\opticalsystem\tests\OptilandWorkbench.Tests\bin\Release\net10.0\OptilandWorkbench.Tests.dll" adapterTypeName="executor://xunit/VsTestRunner3/netcore/" className="OptilandWorkbench.Tests.RectangularRmsParityTests" name="RectangularSpotFieldScanMatchesIndependentNativeCaptures" />
    </UnitTest>
    <UnitTest name="OptilandWorkbench.Tests.RectangularRmsParityTests.RectangularSpotFieldScanMatchesIndependentNativeCaptures(lens: &quot;cooke-40-degree-field&quot;, density: 128)" storage="d:\projects\opticalsystem\tests\optilandworkbench.tests\bin\release\net10.0\optilandworkbench.tests.dll" id="62f28f0d-e0dd-5bcc-783a-4b294ee6f96e">
      <Execution id="8ffb4348-9ebe-49d9-bce0-99b72f94ebbf" />
      <TestMethod codeBase="D:\Projects\opticalsystem\tests\OptilandWorkbench.Tests\bin\Release\net10.0\OptilandWorkbench.Tests.dll" adapterTypeName="executor://xunit/VsTestRunner3/netcore/" className="OptilandWorkbench.Tests.RectangularRmsParityTests" name="RectangularSpotFieldScanMatchesIndependentNativeCaptures" />
    </UnitTest>
    <UnitTest name="OptilandWorkbench.Tests.RmsAnalysisTests.ShowDiffractionLimitAddsZemaxReferenceSeriesToAllRmsScans" storage="d:\projects\opticalsystem\tests\optilandworkbench.tests\bin\release\net10.0\optilandworkbench.tests.dll" id="6fc699f1-b523-bf84-4e4d-770aa3309025">
      <Execution id="5cccaa80-de4b-4ecd-8672-f2d0ea83675c" />
      <TestMethod codeBase="D:\Projects\opticalsystem\tests\OptilandWorkbench.Tests\bin\Release\net10.0\OptilandWorkbench.Tests.dll" adapterTypeName="executor://xunit/VsTestRunner3/netcore/" className="OptilandWorkbench.Tests.RmsAnalysisTests" name="ShowDiffractionLimitAddsZemaxReferenceSeriesToAllRmsScans" />
    </UnitTest>
    <UnitTest name="OptilandWorkbench.Tests.RectangularRmsParityTests.InvalidRectangularDensityIsRejected(density: -1)" storage="d:\projects\opticalsystem\tests\optilandworkbench.tests\bin\release\net10.0\optilandworkbench.tests.dll" id="5394eeb6-539d-d8af-708e-218085ebfe8a">
      <Execution id="ca525420-550a-4bff-993b-79ae093c6e67" />
      <TestMethod codeBase="D:\Projects\opticalsystem\tests\OptilandWorkbench.Tests\bin\Release\net10.0\OptilandWorkbench.Tests.dll" adapterTypeName="executor://xunit/VsTestRunner3/netcore/" className="OptilandWorkbench.Tests.RectangularRmsParityTests" name="InvalidRectangularDensityIsRejected" />
    </UnitTest>
    <UnitTest name="OptilandWorkbench.Tests.RectangularRmsParityTests.RectangularCellIntegrationIsCenteredAndKeepsGeneralEndpointSamplingDistinct(density: 1)" storage="d:\projects\opticalsystem\tests\optilandworkbench.tests\bin\release\net10.0\optilandworkbench.tests.dll" id="f43f1f0d-f74e-23e3-1c89-7d8d2b3a2114">
      <Execution id="85aef185-3d06-4540-8e8f-a134629005a4" />
      <TestMethod codeBase="D:\Projects\opticalsystem\tests\OptilandWorkbench.Tests\bin\Release\net10.0\OptilandWorkbench.Tests.dll" adapterTypeName="executor://xunit/VsTestRunner3/netcore/" className="OptilandWorkbench.Tests.RectangularRmsParityTests" name="RectangularCellIntegrationIsCenteredAndKeepsGeneralEndpointSamplingDistinct" />
    </UnitTest>
    <UnitTest name="OptilandWorkbench.Tests.RectangularRmsParityTests.RectangularSpotFieldScanMatchesIndependentNativeCaptures(lens: &quot;even-asphere&quot;, density: 128)" storage="d:\projects\opticalsystem\tests\optilandworkbench.tests\bin\release\net10.0\optilandworkbench.tests.dll" id="2b4abf9a-3fd6-57da-1296-ada9bb83de56">
      <Execution id="1e58ac0d-36f3-4ed0-9d42-e496e50af800" />
      <TestMethod codeBase="D:\Projects\opticalsystem\tests\OptilandWorkbench.Tests\bin\Release\net10.0\OptilandWorkbench.Tests.dll" adapterTypeName="executor://xunit/VsTestRunner3/netcore/" className="OptilandWorkbench.Tests.RectangularRmsParityTests" name="RectangularSpotFieldScanMatchesIndependentNativeCaptures" />
    </UnitTest>
    <UnitTest name="OptilandWorkbench.Tests.RmsAnalysisTests.RmsVsFocusProducesFiniteSeriesForEveryDefinedField" storage="d:\projects\opticalsystem\tests\optilandworkbench.tests\bin\release\net10.0\optilandworkbench.tests.dll" id="54a27ac6-acf5-57bf-a246-b62b681da9ea">
      <Execution id="c8cc168c-5814-414b-ac49-5dabb0e3cbc9" />
      <TestMethod codeBase="D:\Projects\opticalsystem\tests\OptilandWorkbench.Tests\bin\Release\net10.0\OptilandWorkbench.Tests.dll" adapterTypeName="executor://xunit/VsTestRunner3/netcore/" className="OptilandWorkbench.Tests.RmsAnalysisTests" name="RmsVsFocusProducesFiniteSeriesForEveryDefinedField" />
    </UnitTest>
    <UnitTest name="OptilandWorkbench.Tests.RmsAnalysisTests.HiddenDiffractionLimitDoesNotAddReferenceSeries" storage="d:\projects\opticalsystem\tests\optilandworkbench.tests\bin\release\net10.0\optilandworkbench.tests.dll" id="a40335b3-e671-b433-b6f7-08f1031147fe">
      <Execution id="c20a2c71-1f3e-4573-ba84-6fcd69163b67" />
      <TestMethod codeBase="D:\Projects\opticalsystem\tests\OptilandWorkbench.Tests\bin\Release\net10.0\OptilandWorkbench.Tests.dll" adapterTypeName="executor://xunit/VsTestRunner3/netcore/" className="OptilandWorkbench.Tests.RmsAnalysisTests" name="HiddenDiffractionLimitDoesNotAddReferenceSeries" />
    </UnitTest>
    <UnitTest name="OptilandWorkbench.Tests.RmsAnalysisTests.RmsFieldMapProducesFiniteTwoDimensionalGrid" storage="d:\projects\opticalsystem\tests\optilandworkbench.tests\bin\release\net10.0\optilandworkbench.tests.dll" id="4a4eccec-cc5c-6233-bd58-2a3f990f1f0d">
      <Execution id="ee46d082-fdd0-4cf6-868f-a1c6cb7a5014" />
      <TestMethod codeBase="D:\Projects\opticalsystem\tests\OptilandWorkbench.Tests\bin\Release\net10.0\OptilandWorkbench.Tests.dll" adapterTypeName="executor://xunit/VsTestRunner3/netcore/" className="OptilandWorkbench.Tests.RmsAnalysisTests" name="RmsFieldMapProducesFiniteTwoDimensionalGrid" />
    </UnitTest>
  </TestDefinitions>
  <TestEntries>
    <TestEntry testId="4a4eccec-cc5c-6233-bd58-2a3f990f1f0d" executionId="ee46d082-fdd0-4cf6-868f-a1c6cb7a5014" testListId="8c84fa94-04c1-424b-9868-57a2d4851a1d" />
    <TestEntry testId="a40335b3-e671-b433-b6f7-08f1031147fe" executionId="c20a2c71-1f3e-4573-ba84-6fcd69163b67" testListId="8c84fa94-04c1-424b-9868-57a2d4851a1d" />
    <TestEntry testId="718fc0f0-b53d-a66e-6d05-65c9090c6ec9" executionId="0048857e-f875-424b-a19f-ab73e64258e9" testListId="8c84fa94-04c1-424b-9868-57a2d4851a1d" />
    <TestEntry testId="b03fcdc4-1164-6732-1c27-4e031c31f97d" executionId="60268b5b-f715-44f0-9fb1-ae0d5ea61227" testListId="8c84fa94-04c1-424b-9868-57a2d4851a1d" />
    <TestEntry testId="8ab49eb8-2a85-6f52-b620-a60d72cd5fa5" executionId="10e333ec-6e95-4f8a-b08c-67596e40029f" testListId="8c84fa94-04c1-424b-9868-57a2d4851a1d" />
    <TestEntry testId="0ee53f0c-727e-a38a-02b2-9fd7b394a40f" executionId="2f474512-37b0-41d9-8096-5b92e82148de" testListId="8c84fa94-04c1-424b-9868-57a2d4851a1d" />
    <TestEntry testId="49bb2c71-2714-18b3-fb75-6c4e5dd5e441" executionId="ca32dc8d-0f6d-4f86-a1fe-e1202e0727f9" testListId="8c84fa94-04c1-424b-9868-57a2d4851a1d" />
    <TestEntry testId="62f28f0d-e0dd-5bcc-783a-4b294ee6f96e" executionId="8ffb4348-9ebe-49d9-bce0-99b72f94ebbf" testListId="8c84fa94-04c1-424b-9868-57a2d4851a1d" />
    <TestEntry testId="9a9f7f33-c48f-dc6f-45f3-f0604733f68a" executionId="16ea321e-8016-4358-b292-b52b6a7ba09c" testListId="8c84fa94-04c1-424b-9868-57a2d4851a1d" />
    <TestEntry testId="7f3ac316-19ae-8c0a-cf8d-b73284d2c227" executionId="e9634010-bee2-48d9-a505-3e3c968674fd" testListId="8c84fa94-04c1-424b-9868-57a2d4851a1d" />
    <TestEntry testId="f43f1f0d-f74e-23e3-1c89-7d8d2b3a2114" executionId="85aef185-3d06-4540-8e8f-a134629005a4" testListId="8c84fa94-04c1-424b-9868-57a2d4851a1d" />
    <TestEntry testId="5394eeb6-539d-d8af-708e-218085ebfe8a" executionId="ca525420-550a-4bff-993b-79ae093c6e67" testListId="8c84fa94-04c1-424b-9868-57a2d4851a1d" />
    <TestEntry testId="e718d0e3-6684-4ca8-4a01-9d8d46bb0f3a" executionId="e604799b-daaa-4ad4-99fd-84caee4e502f" testListId="8c84fa94-04c1-424b-9868-57a2d4851a1d" />
    <TestEntry testId="cf0bf77e-f82c-54ea-782d-4a7f3034c5ce" executionId="defd8e32-fe04-437b-a0bc-c3ce6beafb22" testListId="8c84fa94-04c1-424b-9868-57a2d4851a1d" />
    <TestEntry testId="2b4abf9a-3fd6-57da-1296-ada9bb83de56" executionId="1e58ac0d-36f3-4ed0-9d42-e496e50af800" testListId="8c84fa94-04c1-424b-9868-57a2d4851a1d" />
    <TestEntry testId="d4613d48-5805-92ab-af02-667b296b0eb0" executionId="2c79c214-e417-485b-bc2d-0b66a845cf4e" testListId="8c84fa94-04c1-424b-9868-57a2d4851a1d" />
    <TestEntry testId="edf3374d-0f9f-3d7b-0c2d-2863b526ecf1" executionId="c5da4b8c-bb42-466c-ba07-7ca07bc87002" testListId="8c84fa94-04c1-424b-9868-57a2d4851a1d" />
    <TestEntry testId="6fc699f1-b523-bf84-4e4d-770aa3309025" executionId="5cccaa80-de4b-4ecd-8672-f2d0ea83675c" testListId="8c84fa94-04c1-424b-9868-57a2d4851a1d" />
    <TestEntry testId="2f02ed93-17cb-529d-b753-1de5459f685e" executionId="3f0ae103-4fe4-41b1-a95c-520397b9ef5c" testListId="8c84fa94-04c1-424b-9868-57a2d4851a1d" />
    <TestEntry testId="667ec7a3-3e12-8a41-1932-f6599c8e1dc5" executionId="60eddd79-5600-4785-b01b-e85db20a8a3b" testListId="8c84fa94-04c1-424b-9868-57a2d4851a1d" />
    <TestEntry testId="275ff94a-3e36-dce4-bfb6-4caa1e695e8d" executionId="ba3f58d0-79e9-40b1-8896-83f12f74f49e" testListId="8c84fa94-04c1-424b-9868-57a2d4851a1d" />
    <TestEntry testId="54a27ac6-acf5-57bf-a246-b62b681da9ea" executionId="c8cc168c-5814-414b-ac49-5dabb0e3cbc9" testListId="8c84fa94-04c1-424b-9868-57a2d4851a1d" />
  </TestEntries>
  <TestLists>
    <TestList name="列表中未列出的结果" id="8c84fa94-04c1-424b-9868-57a2d4851a1d" />
    <TestList name="所有已加载的结果" id="19431567-8539-422a-85d7-44ee4e166bda" />
  </TestLists>
  <ResultSummary outcome="Completed">
    <Counters total="22" executed="22" passed="22" failed="0" error="0" timeout="0" aborted="0" inconclusive="0" passedButRunAborted="0" notRunnable="0" notExecuted="0" disconnected="0" warning="0" completed="0" inProgress="0" pending="0" />
    <Output>
      <StdOut>[xUnit.net 00:00:00.00] xUnit.net VSTest Adapter v3.1.4+50e68bbb8b (64-bit .NET 10.0.8)&#xD;
[xUnit.net 00:00:01.68]   Discovering: OptilandWorkbench.Tests&#xD;
[xUnit.net 00:00:02.13]   Discovered:  OptilandWorkbench.Tests&#xD;
[xUnit.net 00:00:02.16]   Starting:    OptilandWorkbench.Tests&#xD;
[xUnit.net 00:00:18.32]   Finished:    OptilandWorkbench.Tests&#xD;
</StdOut>
    </Output>
  </ResultSummary>
</TestRun>