<?xml version="1.0" encoding="utf-8"?>
<TestRun id="829d3889-e92a-4469-9d33-a3dec45fa92e" name="@starlabdeMacBook-Air 2026-10-02 17:19:03" xmlns="http://microsoft.com/schemas/VisualStudio/TeamTest/2010">
  <Times creation="2026-10-02T17:19:03.5306670+08:00" queuing="2026-10-02T17:19:03.5306670+08:00" start="2026-10-02T17:19:02.9218150+08:00" finish="2026-10-02T17:19:05.7886630+08:00" />
  <TestSettings name="default" id="fd1fcd75-ff54-46cb-a56e-7579b7ee9bb7">
    <Deployment runDeploymentRoot="_starlabdeMacBook-Air_2026-10-02_17_19_03" />
  </TestSettings>
  <Results>
    <UnitTestResult executionId="6f7e04d4-6e87-42ee-8600-b2e3edfee5e1" testId="f83ce164-c70d-6caf-b272-548c9653be29" testName="OptilandWorkbench.CoatingDesign.Tests.WorkflowTests.SaveOpenRecalculatesIdenticallyAndExportPreservesPrecision" computerName="starlabdeMacBook-Air" duration="00:00:00.0609292" startTime="2026-10-02T17:19:05.6186600+08:00" endTime="2026-10-02T17:19:05.6797030+08:00" testType="13cdc9d9-ddb5-4fa4-a97d-d965ccfc6d4b" outcome="Passed" testListId="8c84fa94-04c1-424b-9868-57a2d4851a1d" relativeResultsDirectory="6f7e04d4-6e87-42ee-8600-b2e3edfee5e1" />
    <UnitTestResult executionId="ec0a4fe6-1f61-4563-9a0a-22a7a7153e9a" testId="8d1cf04c-d5a1-7cf3-d42e-c25079df244d" testName="OptilandWorkbench.CoatingDesign.Tests.WorkflowTests.OdUsesRawLogTransmissionAndDisplayDoesNotAffectAcceptance" computerName="starlabdeMacBook-Air" duration="00:00:00.0001772" startTime="2026-10-02T17:19:04.2595780+08:00" endTime="2026-10-02T17:19:04.2596190+08:00" testType="13cdc9d9-ddb5-4fa4-a97d-d965ccfc6d4b" outcome="Passed" testListId="8c84fa94-04c1-424b-9868-57a2d4851a1d" relativeResultsDirectory="ec0a4fe6-1f61-4563-9a0a-22a7a7153e9a" />
    <UnitTestResult executionId="82d9718d-73ab-4413-8dfb-50625d39811d" testId="17b6a1ba-1cc6-7901-5ed8-d938cb697f27" testName="OptilandWorkbench.CoatingDesign.Tests.WorkflowTests.InputMaterialSnapshotsAreDetachedFromCallerArrays" computerName="starlabdeMacBook-Air" duration="00:00:00.0061787" startTime="2026-10-02T17:19:05.6124690+08:00" endTime="2026-10-02T17:19:05.6186050+08:00" testType="13cdc9d9-ddb5-4fa4-a97d-d965ccfc6d4b" outcome="Passed" testListId="8c84fa94-04c1-424b-9868-57a2d4851a1d" relativeResultsDirectory="82d9718d-73ab-4413-8dfb-50625d39811d" />
    <UnitTestResult executionId="1bdcbec5-fa9e-4ce7-a535-fb00ef8f0367" testId="ea66e870-b52b-91af-f960-48768be88e9f" testName="OptilandWorkbench.CoatingDesign.Tests.ThinFilmPhysicsTests.BareFresnelAndBrewsterAnalyticChecks" computerName="starlabdeMacBook-Air" duration="00:00:00.0116782" startTime="2026-10-02T17:19:03.3470640+08:00" endTime="2026-10-02T17:19:03.3612350+08:00" testType="13cdc9d9-ddb5-4fa4-a97d-d965ccfc6d4b" outcome="Passed" testListId="8c84fa94-04c1-424b-9868-57a2d4851a1d" relativeResultsDirectory="1bdcbec5-fa9e-4ce7-a535-fb00ef8f0367" />
    <UnitTestResult executionId="754247b6-dd1f-49f6-baf6-1d3945901106" testId="1a7e0fb7-353c-6fe5-12f0-1e257253f102" testName="OptilandWorkbench.CoatingDesign.Tests.ThinFilmPhysicsTests.LosslessPowerAndUnpolarizedAverage(angle: 70)" computerName="starlabdeMacBook-Air" duration="00:00:00.0002188" startTime="2026-10-02T17:19:03.3656250+08:00" endTime="2026-10-02T17:19:03.3656460+08:00" testType="13cdc9d9-ddb5-4fa4-a97d-d965ccfc6d4b" outcome="Passed" testListId="8c84fa94-04c1-424b-9868-57a2d4851a1d" relativeResultsDirectory="754247b6-dd1f-49f6-baf6-1d3945901106" />
    <UnitTestResult executionId="a6409088-730b-477d-90f2-42ed6322601b" testId="ac26711e-0e27-5543-22f2-631c4cb22094" testName="OptilandWorkbench.CoatingDesign.Tests.WorkflowTests.RealExamplesGenerateOptimizeAndVerifyWithoutChangingInput(kind: HighReflector)" computerName="starlabdeMacBook-Air" duration="00:00:00.9087967" startTime="2026-10-02T17:19:04.3528920+08:00" endTime="2026-10-02T17:19:05.2608780+08:00" testType="13cdc9d9-ddb5-4fa4-a97d-d965ccfc6d4b" outcome="Passed" testListId="8c84fa94-04c1-424b-9868-57a2d4851a1d" relativeResultsDirectory="a6409088-730b-477d-90f2-42ed6322601b" />
    <UnitTestResult executionId="b946ab56-ec58-4450-963f-406b2e5e28d9" testId="3a17f45d-48a2-a5d1-a240-04fc2f72ab4b" testName="OptilandWorkbench.CoatingDesign.Tests.ThinFilmPhysicsTests.LosslessPowerAndUnpolarizedAverage(angle: 35)" computerName="starlabdeMacBook-Air" duration="00:00:00.0015119" startTime="2026-10-02T17:19:03.3650760+08:00" endTime="2026-10-02T17:19:03.3651040+08:00" testType="13cdc9d9-ddb5-4fa4-a97d-d965ccfc6d4b" outcome="Passed" testListId="8c84fa94-04c1-424b-9868-57a2d4851a1d" relativeResultsDirectory="b946ab56-ec58-4450-963f-406b2e5e28d9" />
    <UnitTestResult executionId="a03a48d5-d94b-475a-a053-4af8d447babd" testId="ca914d6a-5c64-8308-12a9-e5cd9237f830" testName="OptilandWorkbench.CoatingDesign.Tests.WorkflowTests.RealExamplesGenerateOptimizeAndVerifyWithoutChangingInput(kind: NarrowBand)" computerName="starlabdeMacBook-Air" duration="00:00:00.3333643" startTime="2026-10-02T17:19:05.2610000+08:00" endTime="2026-10-02T17:19:05.5942920+08:00" testType="13cdc9d9-ddb5-4fa4-a97d-d965ccfc6d4b" outcome="Passed" testListId="8c84fa94-04c1-424b-9868-57a2d4851a1d" relativeResultsDirectory="a03a48d5-d94b-475a-a053-4af8d447babd" />
    <UnitTestResult executionId="35664279-f915-4504-af4c-eba9884fc23a" testId="f3d15761-0933-dc81-459f-db6e5273c8eb" testName="OptilandWorkbench.CoatingDesign.Tests.WorkflowTests.CancelAndParameterEditInvalidatePendingTask" computerName="starlabdeMacBook-Air" duration="00:00:00.0092950" startTime="2026-10-02T17:19:04.2596760+08:00" endTime="2026-10-02T17:19:04.2690460+08:00" testType="13cdc9d9-ddb5-4fa4-a97d-d965ccfc6d4b" outcome="Passed" testListId="8c84fa94-04c1-424b-9868-57a2d4851a1d" relativeResultsDirectory="35664279-f915-4504-af4c-eba9884fc23a" />
    <UnitTestResult executionId="d4a5735c-6045-4a2b-8aba-ffff71883310" testId="9dde2fc5-2587-7645-7fbc-5fc1fd9ed883" testName="OptilandWorkbench.CoatingDesign.Tests.WorkflowTests.AbsorbingSubstrateFresnelAndThickFilmLimitAreIndependentAnalyticChecks" computerName="starlabdeMacBook-Air" duration="00:00:00.0001119" startTime="2026-10-02T17:19:03.7016710+08:00" endTime="2026-10-02T17:19:03.7016950+08:00" testType="13cdc9d9-ddb5-4fa4-a97d-d965ccfc6d4b" outcome="Passed" testListId="8c84fa94-04c1-424b-9868-57a2d4851a1d" relativeResultsDirectory="d4a5735c-6045-4a2b-8aba-ffff71883310" />
    <UnitTestResult executionId="244baf63-6151-4d28-9660-77d5f5264d0a" testId="e51d7667-8cab-1706-0a3e-8b15f9234f2d" testName="OptilandWorkbench.CoatingDesign.Tests.WorkflowTests.NarrowBandDenseSamplingConvergesAgainstIndependentDenserGrid" computerName="starlabdeMacBook-Air" duration="00:00:00.5395850" startTime="2026-10-02T17:19:03.7197440+08:00" endTime="2026-10-02T17:19:04.2594400+08:00" testType="13cdc9d9-ddb5-4fa4-a97d-d965ccfc6d4b" outcome="Passed" testListId="8c84fa94-04c1-424b-9868-57a2d4851a1d" relativeResultsDirectory="244baf63-6151-4d28-9660-77d5f5264d0a" />
    <UnitTestResult executionId="7ecdf80f-153a-4981-9d46-cde5f884c827" testId="1596dd1e-ec06-48d8-5c3e-5c0ab3ea08a6" testName="OptilandWorkbench.CoatingDesign.Tests.WorkflowTests.FixedLayersAndThicknessBoundsArePreserved" computerName="starlabdeMacBook-Air" duration="00:00:00.0150548" startTime="2026-10-02T17:19:05.7521890+08:00" endTime="2026-10-02T17:19:05.7672040+08:00" testType="13cdc9d9-ddb5-4fa4-a97d-d965ccfc6d4b" outcome="Passed" testListId="8c84fa94-04c1-424b-9868-57a2d4851a1d" relativeResultsDirectory="7ecdf80f-153a-4981-9d46-cde5f884c827" />
    <UnitTestResult executionId="83f2a853-fb1e-4b59-968b-dcc4bc3dfc6b" testId="56e619c1-b093-ef57-e90f-95c0fb48d4b4" testName="OptilandWorkbench.CoatingDesign.Tests.WorkflowTests.OldTaskCannotOverwriteEditedOrSwitchedExperimentEvenIfItIgnoresCancellation" computerName="starlabdeMacBook-Air" duration="00:00:00.0168364" startTime="2026-10-02T17:19:03.7017430+08:00" endTime="2026-10-02T17:19:03.7193410+08:00" testType="13cdc9d9-ddb5-4fa4-a97d-d965ccfc6d4b" outcome="Passed" testListId="8c84fa94-04c1-424b-9868-57a2d4851a1d" relativeResultsDirectory="83f2a853-fb1e-4b59-968b-dcc4bc3dfc6b" />
    <UnitTestResult executionId="b27d0b3a-e146-48f5-8f9d-d77904a11da2" testId="46d95b9d-8415-f1e0-ce7a-81c008467398" testName="OptilandWorkbench.CoatingDesign.Tests.ThinFilmPhysicsTests.TotalInternalReflectionAndPassiveInputValidation" computerName="starlabdeMacBook-Air" duration="00:00:00.0017347" startTime="2026-10-02T17:19:03.3715650+08:00" endTime="2026-10-02T17:19:03.3732760+08:00" testType="13cdc9d9-ddb5-4fa4-a97d-d965ccfc6d4b" outcome="Passed" testListId="8c84fa94-04c1-424b-9868-57a2d4851a1d" relativeResultsDirectory="b27d0b3a-e146-48f5-8f9d-d77904a11da2" />
    <UnitTestResult executionId="86fd9146-113c-48da-9f54-2251297b6c00" testId="9c2a6e0e-8cd7-c6e9-a1e5-51c36a5cd85e" testName="OptilandWorkbench.CoatingDesign.Tests.WorkflowTests.InvalidInputsAndOutOfRangeMaterialsAreNotSilentlyCoerced" computerName="starlabdeMacBook-Air" duration="00:00:00.0079609" startTime="2026-10-02T17:19:04.3441090+08:00" endTime="2026-10-02T17:19:04.3519920+08:00" testType="13cdc9d9-ddb5-4fa4-a97d-d965ccfc6d4b" outcome="Passed" testListId="8c84fa94-04c1-424b-9868-57a2d4851a1d" relativeResultsDirectory="86fd9146-113c-48da-9f54-2251297b6c00" />
    <UnitTestResult executionId="a2eb2bb3-64ec-415c-9857-dff9a02874b8" testId="c3f74cf1-621e-b6d6-2fdd-da40af51c561" testName="OptilandWorkbench.CoatingDesign.Tests.WorkflowTests.CancellationDuringOptimizationStopsAtEvaluationBoundary" computerName="starlabdeMacBook-Air" duration="00:00:00.0579845" startTime="2026-10-02T17:19:05.6798020+08:00" endTime="2026-10-02T17:19:05.7377830+08:00" testType="13cdc9d9-ddb5-4fa4-a97d-d965ccfc6d4b" outcome="Passed" testListId="8c84fa94-04c1-424b-9868-57a2d4851a1d" relativeResultsDirectory="a2eb2bb3-64ec-415c-9857-dff9a02874b8" />
    <UnitTestResult executionId="79ca56dc-e48f-40ef-a2f0-beb7c4960d88" testId="e924f40a-3b68-704d-040f-8caa6a701449" testName="OptilandWorkbench.CoatingDesign.Tests.ThinFilmPhysicsTests.ThickAbsorberAndThousandLayersRemainFiniteWithoutClippingTransmission" computerName="starlabdeMacBook-Air" duration="00:00:00.0008289" startTime="2026-10-02T17:19:03.3828620+08:00" endTime="2026-10-02T17:19:03.3828970+08:00" testType="13cdc9d9-ddb5-4fa4-a97d-d965ccfc6d4b" outcome="Passed" testListId="8c84fa94-04c1-424b-9868-57a2d4851a1d" relativeResultsDirectory="79ca56dc-e48f-40ef-a2f0-beb7c4960d88" />
    <UnitTestResult executionId="315173a9-1d8f-4661-aeda-a21b518ebcc2" testId="4cbbf7d4-cd3d-d737-9971-efd562beedc5" testName="OptilandWorkbench.CoatingDesign.Tests.WorkflowTests.RealExamplesGenerateOptimizeAndVerifyWithoutChangingInput(kind: Antireflection)" computerName="starlabdeMacBook-Air" duration="00:00:00.0180305" startTime="2026-10-02T17:19:05.5943960+08:00" endTime="2026-10-02T17:19:05.6123720+08:00" testType="13cdc9d9-ddb5-4fa4-a97d-d965ccfc6d4b" outcome="Passed" testListId="8c84fa94-04c1-424b-9868-57a2d4851a1d" relativeResultsDirectory="315173a9-1d8f-4661-aeda-a21b518ebcc2" />
    <UnitTestResult executionId="7272ada2-47ab-4b28-8d08-c2b3c371c978" testId="51119540-b40a-17f9-d9aa-11376d77e878" testName="OptilandWorkbench.CoatingDesign.Tests.ThinFilmPhysicsTests.HighReflectorMatchesQuarterWaveAnalyticSolution" computerName="starlabdeMacBook-Air" duration="00:00:00.0001313" startTime="2026-10-02T17:19:03.3714680+08:00" endTime="2026-10-02T17:19:03.3715170+08:00" testType="13cdc9d9-ddb5-4fa4-a97d-d965ccfc6d4b" outcome="Passed" testListId="8c84fa94-04c1-424b-9868-57a2d4851a1d" relativeResultsDirectory="7272ada2-47ab-4b28-8d08-c2b3c371c978" />
    <UnitTestResult executionId="c8c2bb11-4c7c-4f33-a910-66c53f53a8e4" testId="554a77bd-71ff-9f32-bbc3-76dfa7fa51de" testName="OptilandWorkbench.CoatingDesign.Tests.WorkflowTests.PreCancelledGenerationOptimizationAndToleranceStop" computerName="starlabdeMacBook-Air" duration="00:00:00.3535337" startTime="2026-10-02T17:19:03.3475810+08:00" endTime="2026-10-02T17:19:03.7015680+08:00" testType="13cdc9d9-ddb5-4fa4-a97d-d965ccfc6d4b" outcome="Passed" testListId="8c84fa94-04c1-424b-9868-57a2d4851a1d" relativeResultsDirectory="c8c2bb11-4c7c-4f33-a910-66c53f53a8e4" />
    <UnitTestResult executionId="feb31737-00f3-4907-815f-c5af828afabe" testId="ed35eb7a-0f3c-7d2b-6de8-89b42462ec07" testName="OptilandWorkbench.CoatingDesign.Tests.WorkflowTests.ImpossibleGoalReportsSpecificFailureInsteadOfOptimizerSuccess" computerName="starlabdeMacBook-Air" duration="00:00:00.0142364" startTime="2026-10-02T17:19:05.7378910+08:00" endTime="2026-10-02T17:19:05.7520930+08:00" testType="13cdc9d9-ddb5-4fa4-a97d-d965ccfc6d4b" outcome="Passed" testListId="8c84fa94-04c1-424b-9868-57a2d4851a1d" relativeResultsDirectory="feb31737-00f3-4907-815f-c5af828afabe" />
    <UnitTestResult executionId="d1d80c81-3afb-4d29-9a0b-249e04c9688f" testId="764b93c4-c8ac-01d0-1516-273be0234ad3" testName="OptilandWorkbench.CoatingDesign.Tests.ThinFilmPhysicsTests.LosslessPowerAndUnpolarizedAverage(angle: 0)" computerName="starlabdeMacBook-Air" duration="00:00:00.0001209" startTime="2026-10-02T17:19:03.3656870+08:00" endTime="2026-10-02T17:19:03.3657020+08:00" testType="13cdc9d9-ddb5-4fa4-a97d-d965ccfc6d4b" outcome="Passed" testListId="8c84fa94-04c1-424b-9868-57a2d4851a1d" relativeResultsDirectory="d1d80c81-3afb-4d29-9a0b-249e04c9688f" />
    <UnitTestResult executionId="0d580a79-b47d-45fe-92c7-5cf304d004aa" testId="990f3aaf-47e9-9eda-c42d-4eecd00c5f54" testName="OptilandWorkbench.CoatingDesign.Tests.WorkflowTests.ToleranceUsesSameSolverAndDeterministicSharedSampler" computerName="starlabdeMacBook-Air" duration="00:00:00.0748099" startTime="2026-10-02T17:19:04.2691060+08:00" endTime="2026-10-02T17:19:04.3439660+08:00" testType="13cdc9d9-ddb5-4fa4-a97d-d965ccfc6d4b" outcome="Passed" testListId="8c84fa94-04c1-424b-9868-57a2d4851a1d" relativeResultsDirectory="0d580a79-b47d-45fe-92c7-5cf304d004aa" />
    <UnitTestResult executionId="8cd5a4a5-ab67-4e5d-8a70-c761604f1708" testId="1150eb9b-4d07-6464-0601-95fa4abec4e9" testName="OptilandWorkbench.CoatingDesign.Tests.ThinFilmPhysicsTests.SingleQuarterWaveCancelsAndZeroThicknessIsIdentity" computerName="starlabdeMacBook-Air" duration="00:00:00.0001608" startTime="2026-10-02T17:19:03.3657590+08:00" endTime="2026-10-02T17:19:03.3657780+08:00" testType="13cdc9d9-ddb5-4fa4-a97d-d965ccfc6d4b" outcome="Passed" testListId="8c84fa94-04c1-424b-9868-57a2d4851a1d" relativeResultsDirectory="8cd5a4a5-ab67-4e5d-8a70-c761604f1708" />
    <UnitTestResult executionId="b63da4a2-7f2f-4d46-a2e0-60a27e3b8d90" testId="f40cd6f9-79ea-c5fb-f1b9-c3f3b0d51c1b" testName="OptilandWorkbench.CoatingDesign.Tests.ThinFilmPhysicsTests.FixedUpstreamReferenceMatchesAllCases" computerName="starlabdeMacBook-Air" duration="00:00:00.0080045" startTime="2026-10-02T17:19:03.3658250+08:00" endTime="2026-10-02T17:19:03.3713780+08:00" testType="13cdc9d9-ddb5-4fa4-a97d-d965ccfc6d4b" outcome="Passed" testListId="8c84fa94-04c1-424b-9868-57a2d4851a1d" relativeResultsDirectory="b63da4a2-7f2f-4d46-a2e0-60a27e3b8d90" />
  </Results>
  <TestDefinitions>
    <UnitTest name="OptilandWorkbench.CoatingDesign.Tests.ThinFilmPhysicsTests.BareFresnelAndBrewsterAnalyticChecks" storage="/users/starlab/documents/opticalsystem/labs/coatingdesign/tests/optilandworkbench.coatingdesign.tests/bin/release/net10.0/optilandworkbench.coatingdesign.tests.dll" id="ea66e870-b52b-91af-f960-48768be88e9f">
      <Execution id="1bdcbec5-fa9e-4ce7-a535-fb00ef8f0367" />
      <TestMethod codeBase="/Users/starlab/Documents/opticalsystem/labs/CoatingDesign/tests/OptilandWorkbench.CoatingDesign.Tests/bin/Release/net10.0/OptilandWorkbench.CoatingDesign.Tests.dll" adapterTypeName="executor://xunit/VsTestRunner3/netcore/" className="OptilandWorkbench.CoatingDesign.Tests.ThinFilmPhysicsTests" name="BareFresnelAndBrewsterAnalyticChecks" />
    </UnitTest>
    <UnitTest name="OptilandWorkbench.CoatingDesign.Tests.ThinFilmPhysicsTests.LosslessPowerAndUnpolarizedAverage(angle: 70)" storage="/users/starlab/documents/opticalsystem/labs/coatingdesign/tests/optilandworkbench.coatingdesign.tests/bin/release/net10.0/optilandworkbench.coatingdesign.tests.dll" id="1a7e0fb7-353c-6fe5-12f0-1e257253f102">
      <Execution id="754247b6-dd1f-49f6-baf6-1d3945901106" />
      <TestMethod codeBase="/Users/starlab/Documents/opticalsystem/labs/CoatingDesign/tests/OptilandWorkbench.CoatingDesign.Tests/bin/Release/net10.0/OptilandWorkbench.CoatingDesign.Tests.dll" adapterTypeName="executor://xunit/VsTestRunner3/netcore/" className="OptilandWorkbench.CoatingDesign.Tests.ThinFilmPhysicsTests" name="LosslessPowerAndUnpolarizedAverage" />
    </UnitTest>
    <UnitTest name="OptilandWorkbench.CoatingDesign.Tests.ThinFilmPhysicsTests.SingleQuarterWaveCancelsAndZeroThicknessIsIdentity" storage="/users/starlab/documents/opticalsystem/labs/coatingdesign/tests/optilandworkbench.coatingdesign.tests/bin/release/net10.0/optilandworkbench.coatingdesign.tests.dll" id="1150eb9b-4d07-6464-0601-95fa4abec4e9">
      <Execution id="8cd5a4a5-ab67-4e5d-8a70-c761604f1708" />
      <TestMethod codeBase="/Users/starlab/Documents/opticalsystem/labs/CoatingDesign/tests/OptilandWorkbench.CoatingDesign.Tests/bin/Release/net10.0/OptilandWorkbench.CoatingDesign.Tests.dll" adapterTypeName="executor://xunit/VsTestRunner3/netcore/" className="OptilandWorkbench.CoatingDesign.Tests.ThinFilmPhysicsTests" name="SingleQuarterWaveCancelsAndZeroThicknessIsIdentity" />
    </UnitTest>
    <UnitTest name="OptilandWorkbench.CoatingDesign.Tests.WorkflowTests.RealExamplesGenerateOptimizeAndVerifyWithoutChangingInput(kind: Antireflection)" storage="/users/starlab/documents/opticalsystem/labs/coatingdesign/tests/optilandworkbench.coatingdesign.tests/bin/release/net10.0/optilandworkbench.coatingdesign.tests.dll" id="4cbbf7d4-cd3d-d737-9971-efd562beedc5">
      <Execution id="315173a9-1d8f-4661-aeda-a21b518ebcc2" />
      <TestMethod codeBase="/Users/starlab/Documents/opticalsystem/labs/CoatingDesign/tests/OptilandWorkbench.CoatingDesign.Tests/bin/Release/net10.0/OptilandWorkbench.CoatingDesign.Tests.dll" adapterTypeName="executor://xunit/VsTestRunner3/netcore/" className="OptilandWorkbench.CoatingDesign.Tests.WorkflowTests" name="RealExamplesGenerateOptimizeAndVerifyWithoutChangingInput" />
    </UnitTest>
    <UnitTest name="OptilandWorkbench.CoatingDesign.Tests.ThinFilmPhysicsTests.HighReflectorMatchesQuarterWaveAnalyticSolution" storage="/users/starlab/documents/opticalsystem/labs/coatingdesign/tests/optilandworkbench.coatingdesign.tests/bin/release/net10.0/optilandworkbench.coatingdesign.tests.dll" id="51119540-b40a-17f9-d9aa-11376d77e878">
      <Execution id="7272ada2-47ab-4b28-8d08-c2b3c371c978" />
      <TestMethod codeBase="/Users/starlab/Documents/opticalsystem/labs/CoatingDesign/tests/OptilandWorkbench.CoatingDesign.Tests/bin/Release/net10.0/OptilandWorkbench.CoatingDesign.Tests.dll" adapterTypeName="executor://xunit/VsTestRunner3/netcore/" className="OptilandWorkbench.CoatingDesign.Tests.ThinFilmPhysicsTests" name="HighReflectorMatchesQuarterWaveAnalyticSolution" />
    </UnitTest>
    <UnitTest name="OptilandWorkbench.CoatingDesign.Tests.ThinFilmPhysicsTests.LosslessPowerAndUnpolarizedAverage(angle: 35)" storage="/users/starlab/documents/opticalsystem/labs/coatingdesign/tests/optilandworkbench.coatingdesign.tests/bin/release/net10.0/optilandworkbench.coatingdesign.tests.dll" id="3a17f45d-48a2-a5d1-a240-04fc2f72ab4b">
      <Execution id="b946ab56-ec58-4450-963f-406b2e5e28d9" />
      <TestMethod codeBase="/Users/starlab/Documents/opticalsystem/labs/CoatingDesign/tests/OptilandWorkbench.CoatingDesign.Tests/bin/Release/net10.0/OptilandWorkbench.CoatingDesign.Tests.dll" adapterTypeName="executor://xunit/VsTestRunner3/netcore/" className="OptilandWorkbench.CoatingDesign.Tests.ThinFilmPhysicsTests" name="LosslessPowerAndUnpolarizedAverage" />
    </UnitTest>
    <UnitTest name="OptilandWorkbench.CoatingDesign.Tests.WorkflowTests.CancellationDuringOptimizationStopsAtEvaluationBoundary" storage="/users/starlab/documents/opticalsystem/labs/coatingdesign/tests/optilandworkbench.coatingdesign.tests/bin/release/net10.0/optilandworkbench.coatingdesign.tests.dll" id="c3f74cf1-621e-b6d6-2fdd-da40af51c561">
      <Execution id="a2eb2bb3-64ec-415c-9857-dff9a02874b8" />
      <TestMethod codeBase="/Users/starlab/Documents/opticalsystem/labs/CoatingDesign/tests/OptilandWorkbench.CoatingDesign.Tests/bin/Release/net10.0/OptilandWorkbench.CoatingDesign.Tests.dll" adapterTypeName="executor://xunit/VsTestRunner3/netcore/" className="OptilandWorkbench.CoatingDesign.Tests.WorkflowTests" name="CancellationDuringOptimizationStopsAtEvaluationBoundary" />
    </UnitTest>
    <UnitTest name="OptilandWorkbench.CoatingDesign.Tests.WorkflowTests.InputMaterialSnapshotsAreDetachedFromCallerArrays" storage="/users/starlab/documents/opticalsystem/labs/coatingdesign/tests/optilandworkbench.coatingdesign.tests/bin/release/net10.0/optilandworkbench.coatingdesign.tests.dll" id="17b6a1ba-1cc6-7901-5ed8-d938cb697f27">
      <Execution id="82d9718d-73ab-4413-8dfb-50625d39811d" />
      <TestMethod codeBase="/Users/starlab/Documents/opticalsystem/labs/CoatingDesign/tests/OptilandWorkbench.CoatingDesign.Tests/bin/Release/net10.0/OptilandWorkbench.CoatingDesign.Tests.dll" adapterTypeName="executor://xunit/VsTestRunner3/netcore/" className="OptilandWorkbench.CoatingDesign.Tests.WorkflowTests" name="InputMaterialSnapshotsAreDetachedFromCallerArrays" />
    </UnitTest>
    <UnitTest name="OptilandWorkbench.CoatingDesign.Tests.WorkflowTests.OdUsesRawLogTransmissionAndDisplayDoesNotAffectAcceptance" storage="/users/starlab/documents/opticalsystem/labs/coatingdesign/tests/optilandworkbench.coatingdesign.tests/bin/release/net10.0/optilandworkbench.coatingdesign.tests.dll" id="8d1cf04c-d5a1-7cf3-d42e-c25079df244d">
      <Execution id="ec0a4fe6-1f61-4563-9a0a-22a7a7153e9a" />
      <TestMethod codeBase="/Users/starlab/Documents/opticalsystem/labs/CoatingDesign/tests/OptilandWorkbench.CoatingDesign.Tests/bin/Release/net10.0/OptilandWorkbench.CoatingDesign.Tests.dll" adapterTypeName="executor://xunit/VsTestRunner3/netcore/" className="OptilandWorkbench.CoatingDesign.Tests.WorkflowTests" name="OdUsesRawLogTransmissionAndDisplayDoesNotAffectAcceptance" />
    </UnitTest>
    <UnitTest name="OptilandWorkbench.CoatingDesign.Tests.WorkflowTests.ImpossibleGoalReportsSpecificFailureInsteadOfOptimizerSuccess" storage="/users/starlab/documents/opticalsystem/labs/coatingdesign/tests/optilandworkbench.coatingdesign.tests/bin/release/net10.0/optilandworkbench.coatingdesign.tests.dll" id="ed35eb7a-0f3c-7d2b-6de8-89b42462ec07">
      <Execution id="feb31737-00f3-4907-815f-c5af828afabe" />
      <TestMethod codeBase="/Users/starlab/Documents/opticalsystem/labs/CoatingDesign/tests/OptilandWorkbench.CoatingDesign.Tests/bin/Release/net10.0/OptilandWorkbench.CoatingDesign.Tests.dll" adapterTypeName="executor://xunit/VsTestRunner3/netcore/" className="OptilandWorkbench.CoatingDesign.Tests.WorkflowTests" name="ImpossibleGoalReportsSpecificFailureInsteadOfOptimizerSuccess" />
    </UnitTest>
    <UnitTest name="OptilandWorkbench.CoatingDesign.Tests.WorkflowTests.NarrowBandDenseSamplingConvergesAgainstIndependentDenserGrid" storage="/users/starlab/documents/opticalsystem/labs/coatingdesign/tests/optilandworkbench.coatingdesign.tests/bin/release/net10.0/optilandworkbench.coatingdesign.tests.dll" id="e51d7667-8cab-1706-0a3e-8b15f9234f2d">
      <Execution id="244baf63-6151-4d28-9660-77d5f5264d0a" />
      <TestMethod codeBase="/Users/starlab/Documents/opticalsystem/labs/CoatingDesign/tests/OptilandWorkbench.CoatingDesign.Tests/bin/Release/net10.0/OptilandWorkbench.CoatingDesign.Tests.dll" adapterTypeName="executor://xunit/VsTestRunner3/netcore/" className="OptilandWorkbench.CoatingDesign.Tests.WorkflowTests" name="NarrowBandDenseSamplingConvergesAgainstIndependentDenserGrid" />
    </UnitTest>
    <UnitTest name="OptilandWorkbench.CoatingDesign.Tests.WorkflowTests.RealExamplesGenerateOptimizeAndVerifyWithoutChangingInput(kind: NarrowBand)" storage="/users/starlab/documents/opticalsystem/labs/coatingdesign/tests/optilandworkbench.coatingdesign.tests/bin/release/net10.0/optilandworkbench.coatingdesign.tests.dll" id="ca914d6a-5c64-8308-12a9-e5cd9237f830">
      <Execution id="a03a48d5-d94b-475a-a053-4af8d447babd" />
      <TestMethod codeBase="/Users/starlab/Documents/opticalsystem/labs/CoatingDesign/tests/OptilandWorkbench.CoatingDesign.Tests/bin/Release/net10.0/OptilandWorkbench.CoatingDesign.Tests.dll" adapterTypeName="executor://xunit/VsTestRunner3/netcore/" className="OptilandWorkbench.CoatingDesign.Tests.WorkflowTests" name="RealExamplesGenerateOptimizeAndVerifyWithoutChangingInput" />
    </UnitTest>
    <UnitTest name="OptilandWorkbench.CoatingDesign.Tests.WorkflowTests.InvalidInputsAndOutOfRangeMaterialsAreNotSilentlyCoerced" storage="/users/starlab/documents/opticalsystem/labs/coatingdesign/tests/optilandworkbench.coatingdesign.tests/bin/release/net10.0/optilandworkbench.coatingdesign.tests.dll" id="9c2a6e0e-8cd7-c6e9-a1e5-51c36a5cd85e">
      <Execution id="86fd9146-113c-48da-9f54-2251297b6c00" />
      <TestMethod codeBase="/Users/starlab/Documents/opticalsystem/labs/CoatingDesign/tests/OptilandWorkbench.CoatingDesign.Tests/bin/Release/net10.0/OptilandWorkbench.CoatingDesign.Tests.dll" adapterTypeName="executor://xunit/VsTestRunner3/netcore/" className="OptilandWorkbench.CoatingDesign.Tests.WorkflowTests" name="InvalidInputsAndOutOfRangeMaterialsAreNotSilentlyCoerced" />
    </UnitTest>
    <UnitTest name="OptilandWorkbench.CoatingDesign.Tests.WorkflowTests.CancelAndParameterEditInvalidatePendingTask" storage="/users/starlab/documents/opticalsystem/labs/coatingdesign/tests/optilandworkbench.coatingdesign.tests/bin/release/net10.0/optilandworkbench.coatingdesign.tests.dll" id="f3d15761-0933-dc81-459f-db6e5273c8eb">
      <Execution id="35664279-f915-4504-af4c-eba9884fc23a" />
      <TestMethod codeBase="/Users/starlab/Documents/opticalsystem/labs/CoatingDesign/tests/OptilandWorkbench.CoatingDesign.Tests/bin/Release/net10.0/OptilandWorkbench.CoatingDesign.Tests.dll" adapterTypeName="executor://xunit/VsTestRunner3/netcore/" className="OptilandWorkbench.CoatingDesign.Tests.WorkflowTests" name="CancelAndParameterEditInvalidatePendingTask" />
    </UnitTest>
    <UnitTest name="OptilandWorkbench.CoatingDesign.Tests.ThinFilmPhysicsTests.ThickAbsorberAndThousandLayersRemainFiniteWithoutClippingTransmission" storage="/users/starlab/documents/opticalsystem/labs/coatingdesign/tests/optilandworkbench.coatingdesign.tests/bin/release/net10.0/optilandworkbench.coatingdesign.tests.dll" id="e924f40a-3b68-704d-040f-8caa6a701449">
      <Execution id="79ca56dc-e48f-40ef-a2f0-beb7c4960d88" />
      <TestMethod codeBase="/Users/starlab/Documents/opticalsystem/labs/CoatingDesign/tests/OptilandWorkbench.CoatingDesign.Tests/bin/Release/net10.0/OptilandWorkbench.CoatingDesign.Tests.dll" adapterTypeName="executor://xunit/VsTestRunner3/netcore/" className="OptilandWorkbench.CoatingDesign.Tests.ThinFilmPhysicsTests" name="ThickAbsorberAndThousandLayersRemainFiniteWithoutClippingTransmission" />
    </UnitTest>
    <UnitTest name="OptilandWorkbench.CoatingDesign.Tests.ThinFilmPhysicsTests.TotalInternalReflectionAndPassiveInputValidation" storage="/users/starlab/documents/opticalsystem/labs/coatingdesign/tests/optilandworkbench.coatingdesign.tests/bin/release/net10.0/optilandworkbench.coatingdesign.tests.dll" id="46d95b9d-8415-f1e0-ce7a-81c008467398">
      <Execution id="b27d0b3a-e146-48f5-8f9d-d77904a11da2" />
      <TestMethod codeBase="/Users/starlab/Documents/opticalsystem/labs/CoatingDesign/tests/OptilandWorkbench.CoatingDesign.Tests/bin/Release/net10.0/OptilandWorkbench.CoatingDesign.Tests.dll" adapterTypeName="executor://xunit/VsTestRunner3/netcore/" className="OptilandWorkbench.CoatingDesign.Tests.ThinFilmPhysicsTests" name="TotalInternalReflectionAndPassiveInputValidation" />
    </UnitTest>
    <UnitTest name="OptilandWorkbench.CoatingDesign.Tests.WorkflowTests.PreCancelledGenerationOptimizationAndToleranceStop" storage="/users/starlab/documents/opticalsystem/labs/coatingdesign/tests/optilandworkbench.coatingdesign.tests/bin/release/net10.0/optilandworkbench.coatingdesign.tests.dll" id="554a77bd-71ff-9f32-bbc3-76dfa7fa51de">
      <Execution id="c8c2bb11-4c7c-4f33-a910-66c53f53a8e4" />
      <TestMethod codeBase="/Users/starlab/Documents/opticalsystem/labs/CoatingDesign/tests/OptilandWorkbench.CoatingDesign.Tests/bin/Release/net10.0/OptilandWorkbench.CoatingDesign.Tests.dll" adapterTypeName="executor://xunit/VsTestRunner3/netcore/" className="OptilandWorkbench.CoatingDesign.Tests.WorkflowTests" name="PreCancelledGenerationOptimizationAndToleranceStop" />
    </UnitTest>
    <UnitTest name="OptilandWorkbench.CoatingDesign.Tests.WorkflowTests.ToleranceUsesSameSolverAndDeterministicSharedSampler" storage="/users/starlab/documents/opticalsystem/labs/coatingdesign/tests/optilandworkbench.coatingdesign.tests/bin/release/net10.0/optilandworkbench.coatingdesign.tests.dll" id="990f3aaf-47e9-9eda-c42d-4eecd00c5f54">
      <Execution id="0d580a79-b47d-45fe-92c7-5cf304d004aa" />
      <TestMethod codeBase="/Users/starlab/Documents/opticalsystem/labs/CoatingDesign/tests/OptilandWorkbench.CoatingDesign.Tests/bin/Release/net10.0/OptilandWorkbench.CoatingDesign.Tests.dll" adapterTypeName="executor://xunit/VsTestRunner3/netcore/" className="OptilandWorkbench.CoatingDesign.Tests.WorkflowTests" name="ToleranceUsesSameSolverAndDeterministicSharedSampler" />
    </UnitTest>
    <UnitTest name="OptilandWorkbench.CoatingDesign.Tests.WorkflowTests.FixedLayersAndThicknessBoundsArePreserved" storage="/users/starlab/documents/opticalsystem/labs/coatingdesign/tests/optilandworkbench.coatingdesign.tests/bin/release/net10.0/optilandworkbench.coatingdesign.tests.dll" id="1596dd1e-ec06-48d8-5c3e-5c0ab3ea08a6">
      <Execution id="7ecdf80f-153a-4981-9d46-cde5f884c827" />
      <TestMethod codeBase="/Users/starlab/Documents/opticalsystem/labs/CoatingDesign/tests/OptilandWorkbench.CoatingDesign.Tests/bin/Release/net10.0/OptilandWorkbench.CoatingDesign.Tests.dll" adapterTypeName="executor://xunit/VsTestRunner3/netcore/" className="OptilandWorkbench.CoatingDesign.Tests.WorkflowTests" name="FixedLayersAndThicknessBoundsArePreserved" />
    </UnitTest>
    <UnitTest name="OptilandWorkbench.CoatingDesign.Tests.WorkflowTests.SaveOpenRecalculatesIdenticallyAndExportPreservesPrecision" storage="/users/starlab/documents/opticalsystem/labs/coatingdesign/tests/optilandworkbench.coatingdesign.tests/bin/release/net10.0/optilandworkbench.coatingdesign.tests.dll" id="f83ce164-c70d-6caf-b272-548c9653be29">
      <Execution id="6f7e04d4-6e87-42ee-8600-b2e3edfee5e1" />
      <TestMethod codeBase="/Users/starlab/Documents/opticalsystem/labs/CoatingDesign/tests/OptilandWorkbench.CoatingDesign.Tests/bin/Release/net10.0/OptilandWorkbench.CoatingDesign.Tests.dll" adapterTypeName="executor://xunit/VsTestRunner3/netcore/" className="OptilandWorkbench.CoatingDesign.Tests.WorkflowTests" name="SaveOpenRecalculatesIdenticallyAndExportPreservesPrecision" />
    </UnitTest>
    <UnitTest name="OptilandWorkbench.CoatingDesign.Tests.ThinFilmPhysicsTests.LosslessPowerAndUnpolarizedAverage(angle: 0)" storage="/users/starlab/documents/opticalsystem/labs/coatingdesign/tests/optilandworkbench.coatingdesign.tests/bin/release/net10.0/optilandworkbench.coatingdesign.tests.dll" id="764b93c4-c8ac-01d0-1516-273be0234ad3">
      <Execution id="d1d80c81-3afb-4d29-9a0b-249e04c9688f" />
      <TestMethod codeBase="/Users/starlab/Documents/opticalsystem/labs/CoatingDesign/tests/OptilandWorkbench.CoatingDesign.Tests/bin/Release/net10.0/OptilandWorkbench.CoatingDesign.Tests.dll" adapterTypeName="executor://xunit/VsTestRunner3/netcore/" className="OptilandWorkbench.CoatingDesign.Tests.ThinFilmPhysicsTests" name="LosslessPowerAndUnpolarizedAverage" />
    </UnitTest>
    <UnitTest name="OptilandWorkbench.CoatingDesign.Tests.WorkflowTests.OldTaskCannotOverwriteEditedOrSwitchedExperimentEvenIfItIgnoresCancellation" storage="/users/starlab/documents/opticalsystem/labs/coatingdesign/tests/optilandworkbench.coatingdesign.tests/bin/release/net10.0/optilandworkbench.coatingdesign.tests.dll" id="56e619c1-b093-ef57-e90f-95c0fb48d4b4">
      <Execution id="83f2a853-fb1e-4b59-968b-dcc4bc3dfc6b" />
      <TestMethod codeBase="/Users/starlab/Documents/opticalsystem/labs/CoatingDesign/tests/OptilandWorkbench.CoatingDesign.Tests/bin/Release/net10.0/OptilandWorkbench.CoatingDesign.Tests.dll" adapterTypeName="executor://xunit/VsTestRunner3/netcore/" className="OptilandWorkbench.CoatingDesign.Tests.WorkflowTests" name="OldTaskCannotOverwriteEditedOrSwitchedExperimentEvenIfItIgnoresCancellation" />
    </UnitTest>
    <UnitTest name="OptilandWorkbench.CoatingDesign.Tests.WorkflowTests.AbsorbingSubstrateFresnelAndThickFilmLimitAreIndependentAnalyticChecks" storage="/users/starlab/documents/opticalsystem/labs/coatingdesign/tests/optilandworkbench.coatingdesign.tests/bin/release/net10.0/optilandworkbench.coatingdesign.tests.dll" id="9dde2fc5-2587-7645-7fbc-5fc1fd9ed883">
      <Execution id="d4a5735c-6045-4a2b-8aba-ffff71883310" />
      <TestMethod codeBase="/Users/starlab/Documents/opticalsystem/labs/CoatingDesign/tests/OptilandWorkbench.CoatingDesign.Tests/bin/Release/net10.0/OptilandWorkbench.CoatingDesign.Tests.dll" adapterTypeName="executor://xunit/VsTestRunner3/netcore/" className="OptilandWorkbench.CoatingDesign.Tests.WorkflowTests" name="AbsorbingSubstrateFresnelAndThickFilmLimitAreIndependentAnalyticChecks" />
    </UnitTest>
    <UnitTest name="OptilandWorkbench.CoatingDesign.Tests.WorkflowTests.RealExamplesGenerateOptimizeAndVerifyWithoutChangingInput(kind: HighReflector)" storage="/users/starlab/documents/opticalsystem/labs/coatingdesign/tests/optilandworkbench.coatingdesign.tests/bin/release/net10.0/optilandworkbench.coatingdesign.tests.dll" id="ac26711e-0e27-5543-22f2-631c4cb22094">
      <Execution id="a6409088-730b-477d-90f2-42ed6322601b" />
      <TestMethod codeBase="/Users/starlab/Documents/opticalsystem/labs/CoatingDesign/tests/OptilandWorkbench.CoatingDesign.Tests/bin/Release/net10.0/OptilandWorkbench.CoatingDesign.Tests.dll" adapterTypeName="executor://xunit/VsTestRunner3/netcore/" className="OptilandWorkbench.CoatingDesign.Tests.WorkflowTests" name="RealExamplesGenerateOptimizeAndVerifyWithoutChangingInput" />
    </UnitTest>
    <UnitTest name="OptilandWorkbench.CoatingDesign.Tests.ThinFilmPhysicsTests.FixedUpstreamReferenceMatchesAllCases" storage="/users/starlab/documents/opticalsystem/labs/coatingdesign/tests/optilandworkbench.coatingdesign.tests/bin/release/net10.0/optilandworkbench.coatingdesign.tests.dll" id="f40cd6f9-79ea-c5fb-f1b9-c3f3b0d51c1b">
      <Execution id="b63da4a2-7f2f-4d46-a2e0-60a27e3b8d90" />
      <TestMethod codeBase="/Users/starlab/Documents/opticalsystem/labs/CoatingDesign/tests/OptilandWorkbench.CoatingDesign.Tests/bin/Release/net10.0/OptilandWorkbench.CoatingDesign.Tests.dll" adapterTypeName="executor://xunit/VsTestRunner3/netcore/" className="OptilandWorkbench.CoatingDesign.Tests.ThinFilmPhysicsTests" name="FixedUpstreamReferenceMatchesAllCases" />
    </UnitTest>
  </TestDefinitions>
  <TestEntries>
    <TestEntry testId="f83ce164-c70d-6caf-b272-548c9653be29" executionId="6f7e04d4-6e87-42ee-8600-b2e3edfee5e1" testListId="8c84fa94-04c1-424b-9868-57a2d4851a1d" />
    <TestEntry testId="8d1cf04c-d5a1-7cf3-d42e-c25079df244d" executionId="ec0a4fe6-1f61-4563-9a0a-22a7a7153e9a" testListId="8c84fa94-04c1-424b-9868-57a2d4851a1d" />
    <TestEntry testId="17b6a1ba-1cc6-7901-5ed8-d938cb697f27" executionId="82d9718d-73ab-4413-8dfb-50625d39811d" testListId="8c84fa94-04c1-424b-9868-57a2d4851a1d" />
    <TestEntry testId="ea66e870-b52b-91af-f960-48768be88e9f" executionId="1bdcbec5-fa9e-4ce7-a535-fb00ef8f0367" testListId="8c84fa94-04c1-424b-9868-57a2d4851a1d" />
    <TestEntry testId="1a7e0fb7-353c-6fe5-12f0-1e257253f102" executionId="754247b6-dd1f-49f6-baf6-1d3945901106" testListId="8c84fa94-04c1-424b-9868-57a2d4851a1d" />
    <TestEntry testId="ac26711e-0e27-5543-22f2-631c4cb22094" executionId="a6409088-730b-477d-90f2-42ed6322601b" testListId="8c84fa94-04c1-424b-9868-57a2d4851a1d" />
    <TestEntry testId="3a17f45d-48a2-a5d1-a240-04fc2f72ab4b" executionId="b946ab56-ec58-4450-963f-406b2e5e28d9" testListId="8c84fa94-04c1-424b-9868-57a2d4851a1d" />
    <TestEntry testId="ca914d6a-5c64-8308-12a9-e5cd9237f830" executionId="a03a48d5-d94b-475a-a053-4af8d447babd" testListId="8c84fa94-04c1-424b-9868-57a2d4851a1d" />
    <TestEntry testId="f3d15761-0933-dc81-459f-db6e5273c8eb" executionId="35664279-f915-4504-af4c-eba9884fc23a" testListId="8c84fa94-04c1-424b-9868-57a2d4851a1d" />
    <TestEntry testId="9dde2fc5-2587-7645-7fbc-5fc1fd9ed883" executionId="d4a5735c-6045-4a2b-8aba-ffff71883310" testListId="8c84fa94-04c1-424b-9868-57a2d4851a1d" />
    <TestEntry testId="e51d7667-8cab-1706-0a3e-8b15f9234f2d" executionId="244baf63-6151-4d28-9660-77d5f5264d0a" testListId="8c84fa94-04c1-424b-9868-57a2d4851a1d" />
    <TestEntry testId="1596dd1e-ec06-48d8-5c3e-5c0ab3ea08a6" executionId="7ecdf80f-153a-4981-9d46-cde5f884c827" testListId="8c84fa94-04c1-424b-9868-57a2d4851a1d" />
    <TestEntry testId="56e619c1-b093-ef57-e90f-95c0fb48d4b4" executionId="83f2a853-fb1e-4b59-968b-dcc4bc3dfc6b" testListId="8c84fa94-04c1-424b-9868-57a2d4851a1d" />
    <TestEntry testId="46d95b9d-8415-f1e0-ce7a-81c008467398" executionId="b27d0b3a-e146-48f5-8f9d-d77904a11da2" testListId="8c84fa94-04c1-424b-9868-57a2d4851a1d" />
    <TestEntry testId="9c2a6e0e-8cd7-c6e9-a1e5-51c36a5cd85e" executionId="86fd9146-113c-48da-9f54-2251297b6c00" testListId="8c84fa94-04c1-424b-9868-57a2d4851a1d" />
    <TestEntry testId="c3f74cf1-621e-b6d6-2fdd-da40af51c561" executionId="a2eb2bb3-64ec-415c-9857-dff9a02874b8" testListId="8c84fa94-04c1-424b-9868-57a2d4851a1d" />
    <TestEntry testId="e924f40a-3b68-704d-040f-8caa6a701449" executionId="79ca56dc-e48f-40ef-a2f0-beb7c4960d88" testListId="8c84fa94-04c1-424b-9868-57a2d4851a1d" />
    <TestEntry testId="4cbbf7d4-cd3d-d737-9971-efd562beedc5" executionId="315173a9-1d8f-4661-aeda-a21b518ebcc2" testListId="8c84fa94-04c1-424b-9868-57a2d4851a1d" />
    <TestEntry testId="51119540-b40a-17f9-d9aa-11376d77e878" executionId="7272ada2-47ab-4b28-8d08-c2b3c371c978" testListId="8c84fa94-04c1-424b-9868-57a2d4851a1d" />
    <TestEntry testId="554a77bd-71ff-9f32-bbc3-76dfa7fa51de" executionId="c8c2bb11-4c7c-4f33-a910-66c53f53a8e4" testListId="8c84fa94-04c1-424b-9868-57a2d4851a1d" />
    <TestEntry testId="ed35eb7a-0f3c-7d2b-6de8-89b42462ec07" executionId="feb31737-00f3-4907-815f-c5af828afabe" testListId="8c84fa94-04c1-424b-9868-57a2d4851a1d" />
    <TestEntry testId="764b93c4-c8ac-01d0-1516-273be0234ad3" executionId="d1d80c81-3afb-4d29-9a0b-249e04c9688f" testListId="8c84fa94-04c1-424b-9868-57a2d4851a1d" />
    <TestEntry testId="990f3aaf-47e9-9eda-c42d-4eecd00c5f54" executionId="0d580a79-b47d-45fe-92c7-5cf304d004aa" testListId="8c84fa94-04c1-424b-9868-57a2d4851a1d" />
    <TestEntry testId="1150eb9b-4d07-6464-0601-95fa4abec4e9" executionId="8cd5a4a5-ab67-4e5d-8a70-c761604f1708" testListId="8c84fa94-04c1-424b-9868-57a2d4851a1d" />
    <TestEntry testId="f40cd6f9-79ea-c5fb-f1b9-c3f3b0d51c1b" executionId="b63da4a2-7f2f-4d46-a2e0-60a27e3b8d90" testListId="8c84fa94-04c1-424b-9868-57a2d4851a1d" />
  </TestEntries>
  <TestLists>
    <TestList name="列表中未列出的结果" id="8c84fa94-04c1-424b-9868-57a2d4851a1d" />
    <TestList name="所有已加载的结果" id="19431567-8539-422a-85d7-44ee4e166bda" />
  </TestLists>
  <ResultSummary outcome="Completed">
    <Counters total="25" executed="25" passed="25" failed="0" error="0" timeout="0" aborted="0" inconclusive="0" passedButRunAborted="0" notRunnable="0" notExecuted="0" disconnected="0" warning="0" completed="0" inProgress="0" pending="0" />
    <Output>
      <StdOut>[xUnit.net 00:00:00.00] xUnit.net VSTest Adapter v3.1.4+50e68bbb8b (64-bit .NET 10.0.8)
[xUnit.net 00:00:00.03]   Discovering: OptilandWorkbench.CoatingDesign.Tests
[xUnit.net 00:00:00.05]   Discovered:  OptilandWorkbench.CoatingDesign.Tests
[xUnit.net 00:00:00.06]   Starting:    OptilandWorkbench.CoatingDesign.Tests
[xUnit.net 00:00:02.49]   Finished:    OptilandWorkbench.CoatingDesign.Tests
</StdOut>
    </Output>
  </ResultSummary>
</TestRun>