<?xml version="1.0" encoding="utf-8"?>
<TestRun id="d6f892cf-8926-414c-b214-d4b3c9596e54" name="@starlabdeMacBook-Air 2026-10-03 22:07:51" xmlns="http://microsoft.com/schemas/VisualStudio/TeamTest/2010">
  <Times creation="2026-10-03T22:07:51.9189890+08:00" queuing="2026-10-03T22:07:51.9189890+08:00" start="2026-10-03T22:07:48.1409510+08:00" finish="2026-10-03T22:07:51.9220120+08:00" />
  <TestSettings name="default" id="1f72ad53-abfa-44c8-8ec8-9d5fcef83194">
    <Deployment runDeploymentRoot="_starlabdeMacBook-Air_2026-10-03_22_07_51" />
  </TestSettings>
  <Results>
    <UnitTestResult executionId="70a64d5a-d0f9-4335-9b76-5e23149ace2a" testId="b3c8e260-8e0f-9eaf-f1bf-83edefbc9cb7" testName="OptilandWorkbench.Tests.AutomaticVignettingPanelTests.HelpKeepsThreeLevelsAndExplainsTheExecutableScope(theme: &quot;Light&quot;, width: 1000)" computerName="starlabdeMacBook-Air" duration="00:00:00.1754187" startTime="2026-10-03T22:07:51.4700570+08:00" endTime="2026-10-03T22:07:51.6452020+08:00" testType="13cdc9d9-ddb5-4fa4-a97d-d965ccfc6d4b" outcome="Passed" testListId="8c84fa94-04c1-424b-9868-57a2d4851a1d" relativeResultsDirectory="70a64d5a-d0f9-4335-9b76-5e23149ace2a" />
    <UnitTestResult executionId="7e04af54-28a2-48db-97bf-633d8805a41a" testId="53421611-1c2b-e233-c378-d1e54fdff53d" testName="OptilandWorkbench.Tests.AutomaticVignettingPanelTests.HelpKeepsThreeLevelsAndExplainsTheExecutableScope(theme: &quot;Dark&quot;, width: 1000)" computerName="starlabdeMacBook-Air" duration="00:00:00.1524061" startTime="2026-10-03T22:07:51.3211530+08:00" endTime="2026-10-03T22:07:51.4695540+08:00" testType="13cdc9d9-ddb5-4fa4-a97d-d965ccfc6d4b" outcome="Passed" testListId="8c84fa94-04c1-424b-9868-57a2d4851a1d" relativeResultsDirectory="7e04af54-28a2-48db-97bf-633d8805a41a" />
    <UnitTestResult executionId="9da288b9-232b-4217-a1d8-db8e525a9d80" testId="0cddb702-66a0-a817-71c5-29efce9f436d" testName="OptilandWorkbench.Tests.AutomaticVignettingPanelTests.HelpKeepsThreeLevelsAndExplainsTheExecutableScope(theme: &quot;Light&quot;, width: 680)" computerName="starlabdeMacBook-Air" duration="00:00:02.0309703" startTime="2026-10-03T22:07:49.2808560+08:00" endTime="2026-10-03T22:07:51.3159570+08:00" testType="13cdc9d9-ddb5-4fa4-a97d-d965ccfc6d4b" outcome="Passed" testListId="8c84fa94-04c1-424b-9868-57a2d4851a1d" relativeResultsDirectory="9da288b9-232b-4217-a1d8-db8e525a9d80" />
  </Results>
  <TestDefinitions>
    <UnitTest name="OptilandWorkbench.Tests.AutomaticVignettingPanelTests.HelpKeepsThreeLevelsAndExplainsTheExecutableScope(theme: &quot;Light&quot;, width: 1000)" storage="/users/starlab/documents/opticalsystem/tests/optilandworkbench.tests/bin/debug/net10.0/optilandworkbench.tests.dll" id="b3c8e260-8e0f-9eaf-f1bf-83edefbc9cb7">
      <Execution id="70a64d5a-d0f9-4335-9b76-5e23149ace2a" />
      <TestMethod codeBase="/Users/starlab/Documents/opticalsystem/tests/OptilandWorkbench.Tests/bin/Debug/net10.0/OptilandWorkbench.Tests.dll" adapterTypeName="executor://xunit/VsTestRunner3/netcore/" className="OptilandWorkbench.Tests.AutomaticVignettingPanelTests" name="HelpKeepsThreeLevelsAndExplainsTheExecutableScope" />
    </UnitTest>
    <UnitTest name="OptilandWorkbench.Tests.AutomaticVignettingPanelTests.HelpKeepsThreeLevelsAndExplainsTheExecutableScope(theme: &quot;Light&quot;, width: 680)" storage="/users/starlab/documents/opticalsystem/tests/optilandworkbench.tests/bin/debug/net10.0/optilandworkbench.tests.dll" id="0cddb702-66a0-a817-71c5-29efce9f436d">
      <Execution id="9da288b9-232b-4217-a1d8-db8e525a9d80" />
      <TestMethod codeBase="/Users/starlab/Documents/opticalsystem/tests/OptilandWorkbench.Tests/bin/Debug/net10.0/OptilandWorkbench.Tests.dll" adapterTypeName="executor://xunit/VsTestRunner3/netcore/" className="OptilandWorkbench.Tests.AutomaticVignettingPanelTests" name="HelpKeepsThreeLevelsAndExplainsTheExecutableScope" />
    </UnitTest>
    <UnitTest name="OptilandWorkbench.Tests.AutomaticVignettingPanelTests.HelpKeepsThreeLevelsAndExplainsTheExecutableScope(theme: &quot;Dark&quot;, width: 1000)" storage="/users/starlab/documents/opticalsystem/tests/optilandworkbench.tests/bin/debug/net10.0/optilandworkbench.tests.dll" id="53421611-1c2b-e233-c378-d1e54fdff53d">
      <Execution id="7e04af54-28a2-48db-97bf-633d8805a41a" />
      <TestMethod codeBase="/Users/starlab/Documents/opticalsystem/tests/OptilandWorkbench.Tests/bin/Debug/net10.0/OptilandWorkbench.Tests.dll" adapterTypeName="executor://xunit/VsTestRunner3/netcore/" className="OptilandWorkbench.Tests.AutomaticVignettingPanelTests" name="HelpKeepsThreeLevelsAndExplainsTheExecutableScope" />
    </UnitTest>
  </TestDefinitions>
  <TestEntries>
    <TestEntry testId="b3c8e260-8e0f-9eaf-f1bf-83edefbc9cb7" executionId="70a64d5a-d0f9-4335-9b76-5e23149ace2a" testListId="8c84fa94-04c1-424b-9868-57a2d4851a1d" />
    <TestEntry testId="53421611-1c2b-e233-c378-d1e54fdff53d" executionId="7e04af54-28a2-48db-97bf-633d8805a41a" testListId="8c84fa94-04c1-424b-9868-57a2d4851a1d" />
    <TestEntry testId="0cddb702-66a0-a817-71c5-29efce9f436d" executionId="9da288b9-232b-4217-a1d8-db8e525a9d80" testListId="8c84fa94-04c1-424b-9868-57a2d4851a1d" />
  </TestEntries>
  <TestLists>
    <TestList name="列表中未列出的结果" id="8c84fa94-04c1-424b-9868-57a2d4851a1d" />
    <TestList name="所有已加载的结果" id="19431567-8539-422a-85d7-44ee4e166bda" />
  </TestLists>
  <ResultSummary outcome="Completed">
    <Counters total="3" executed="3" passed="3" failed="0" error="0" timeout="0" aborted="0" inconclusive="0" passedButRunAborted="0" notRunnable="0" notExecuted="0" disconnected="0" warning="0" completed="0" inProgress="0" pending="0" />
    <Output>
      <StdOut>[xUnit.net 00:00:00.00] xUnit.net VSTest Adapter v3.1.4+50e68bbb8b (64-bit .NET 10.0.8)
[xUnit.net 00:00:00.08]   Discovering: OptilandWorkbench.Tests
[xUnit.net 00:00:00.45]   Discovered:  OptilandWorkbench.Tests
[xUnit.net 00:00:00.47]   Starting:    OptilandWorkbench.Tests
[xUnit.net 00:00:02.86]   Finished:    OptilandWorkbench.Tests
</StdOut>
    </Output>
  </ResultSummary>
</TestRun>