<?xml version="1.0" encoding="utf-8"?>
<TestRun id="55deb809-4d95-49b5-9602-2be4923296da" name="@starlabdeMacBook-Air 2026-09-28 12:15:14" xmlns="http://microsoft.com/schemas/VisualStudio/TeamTest/2010">
  <Times creation="2026-09-28T12:15:14.2309840+08:00" queuing="2026-09-28T12:15:14.2309840+08:00" start="2026-09-28T12:15:13.1500640+08:00" finish="2026-09-28T12:15:14.2402070+08:00" />
  <TestSettings name="default" id="d3fdc4c9-90f4-4788-a058-e7e05f365995">
    <Deployment runDeploymentRoot="_starlabdeMacBook-Air_2026-09-28_12_15_14" />
  </TestSettings>
  <Results>
    <UnitTestResult executionId="a48a7b5f-97d2-4dba-b19e-b9aedac4c829" testId="215f1e3f-f71c-57fc-8a14-1452c70ec6fb" testName="OptilandWorkbench.Tests.SurfaceSolveTests.NewSurfacesUseAutomaticSemiDiameterAndFixedThickness" computerName="starlabdeMacBook-Air" duration="00:00:00.0011884" startTime="2026-09-28T12:15:14.0840740+08:00" endTime="2026-09-28T12:15:14.0841100+08:00" testType="13cdc9d9-ddb5-4fa4-a97d-d965ccfc6d4b" outcome="Passed" testListId="8c84fa94-04c1-424b-9868-57a2d4851a1d" relativeResultsDirectory="a48a7b5f-97d2-4dba-b19e-b9aedac4c829" />
    <UnitTestResult executionId="c980bdf9-fc02-40e1-9f62-7da1ccbe01ae" testId="282aea2a-d031-8557-b2b3-ac3e948a2ec1" testName="OptilandWorkbench.Tests.SurfaceComponentMappingTests.ComponentEditorAcceptsImportedStandardSurfaceWithoutRecreatingIt" computerName="starlabdeMacBook-Air" duration="00:00:00.2448477" startTime="2026-09-28T12:15:13.6085480+08:00" endTime="2026-09-28T12:15:13.8581460+08:00" testType="13cdc9d9-ddb5-4fa4-a97d-d965ccfc6d4b" outcome="Passed" testListId="8c84fa94-04c1-424b-9868-57a2d4851a1d" relativeResultsDirectory="c980bdf9-fc02-40e1-9f62-7da1ccbe01ae" />
    <UnitTestResult executionId="fe2dda61-2444-4c24-b55d-ab16fb0a189e" testId="4b79dbdb-dd3d-a32c-7f9d-47b8a63a7a55" testName="OptilandWorkbench.Tests.SurfaceSolveTests.ZemaxSemiDiameterPickupImportsAndExportsAsPickup" computerName="starlabdeMacBook-Air" duration="00:00:00.2454338" startTime="2026-09-28T12:15:13.6076340+08:00" endTime="2026-09-28T12:15:13.8562720+08:00" testType="13cdc9d9-ddb5-4fa4-a97d-d965ccfc6d4b" outcome="Passed" testListId="8c84fa94-04c1-424b-9868-57a2d4851a1d" relativeResultsDirectory="fe2dda61-2444-4c24-b55d-ab16fb0a189e" />
    <UnitTestResult executionId="cb40a848-3144-45c8-803e-477406be3dfc" testId="78fd19a0-6293-b3e9-fecc-d4c7d29862a8" testName="OptilandWorkbench.Tests.SurfaceSolveTests.SolveTransitionsAndStructuralEditsPreserveTheIntendedTargets" computerName="starlabdeMacBook-Air" duration="00:00:00.0997576" startTime="2026-09-28T12:15:13.8639140+08:00" endTime="2026-09-28T12:15:13.9560810+08:00" testType="13cdc9d9-ddb5-4fa4-a97d-d965ccfc6d4b" outcome="Passed" testListId="8c84fa94-04c1-424b-9868-57a2d4851a1d" relativeResultsDirectory="cb40a848-3144-45c8-803e-477406be3dfc" />
    <UnitTestResult executionId="6bd21543-6b6e-407d-b185-9fbfa096f251" testId="eb94845d-26b6-d24f-5859-ee735b6e04b4" testName="OptilandWorkbench.Tests.AnalysisGuiContractTests.ConnectorCreatesDiffractiveInteractionWithGratingGeometry" computerName="starlabdeMacBook-Air" duration="00:00:00.0058543" startTime="2026-09-28T12:15:13.8640860+08:00" endTime="2026-09-28T12:15:13.8641020+08:00" testType="13cdc9d9-ddb5-4fa4-a97d-d965ccfc6d4b" outcome="Passed" testListId="8c84fa94-04c1-424b-9868-57a2d4851a1d" relativeResultsDirectory="6bd21543-6b6e-407d-b185-9fbfa096f251" />
    <UnitTestResult executionId="be3879df-c7e2-417a-bb2b-6e511521f299" testId="fcaa3172-8487-a72e-71a6-8fa903561ff3" testName="OptilandWorkbench.Tests.SurfaceSolveTests.UserDefinedSemiDiameterCreatesAndRemovesOnlyItsOwnFloatingAperture" computerName="starlabdeMacBook-Air" duration="00:00:00.0022336" startTime="2026-09-28T12:15:14.0842150+08:00" endTime="2026-09-28T12:15:14.0842340+08:00" testType="13cdc9d9-ddb5-4fa4-a97d-d965ccfc6d4b" outcome="Passed" testListId="8c84fa94-04c1-424b-9868-57a2d4851a1d" relativeResultsDirectory="be3879df-c7e2-417a-bb2b-6e511521f299" />
    <UnitTestResult executionId="7ef31fd8-71d9-4026-a367-5702303cf0b1" testId="3d60e745-0cfc-4cd5-f6c3-189ca20c0bb0" testName="OptilandWorkbench.Tests.SurfaceComponentMappingTests.SurfaceEditorRowLabelsOrdinarySurfacesAndPropagatesUnsupportedGeometryState" computerName="starlabdeMacBook-Air" duration="00:00:00.0011136" startTime="2026-09-28T12:15:13.8650720+08:00" endTime="2026-09-28T12:15:13.8659350+08:00" testType="13cdc9d9-ddb5-4fa4-a97d-d965ccfc6d4b" outcome="Passed" testListId="8c84fa94-04c1-424b-9868-57a2d4851a1d" relativeResultsDirectory="7ef31fd8-71d9-4026-a367-5702303cf0b1" />
    <UnitTestResult executionId="1be555fb-f8be-49c6-900a-0c860ff1d95c" testId="f9588ac6-f347-c86f-a812-8e35c46a8dfa" testName="OptilandWorkbench.Tests.SurfaceSolveTests.ThicknessAndSemiDiameterSolvesFollowSourcesUndoAndRoundTrip" computerName="starlabdeMacBook-Air" duration="00:00:00.1173616" startTime="2026-09-28T12:15:13.9561870+08:00" endTime="2026-09-28T12:15:14.0744490+08:00" testType="13cdc9d9-ddb5-4fa4-a97d-d965ccfc6d4b" outcome="Passed" testListId="8c84fa94-04c1-424b-9868-57a2d4851a1d" relativeResultsDirectory="1be555fb-f8be-49c6-900a-0c860ff1d95c" />
    <UnitTestResult executionId="2a902c50-669d-4bb0-802a-13fc719085d3" testId="f8ec6bf3-13a1-9657-316b-5e259584b599" testName="OptilandWorkbench.Tests.SurfaceComponentMappingTests.ComponentEditorPreservesSpecialGeometryAndApertureParametersWhenKindIsUnchanged" computerName="starlabdeMacBook-Air" duration="00:00:00.0084361" startTime="2026-09-28T12:15:13.8639070+08:00" endTime="2026-09-28T12:15:13.8648510+08:00" testType="13cdc9d9-ddb5-4fa4-a97d-d965ccfc6d4b" outcome="Passed" testListId="8c84fa94-04c1-424b-9868-57a2d4851a1d" relativeResultsDirectory="2a902c50-669d-4bb0-802a-13fc719085d3" />
    <UnitTestResult executionId="feb192a4-b965-4962-bdc9-ccfa3f6bddf1" testId="79f62c8f-0329-4bc6-6366-83f51161ab64" testName="OptilandWorkbench.Tests.AnalysisGuiContractTests.ConnectorCreatesPhaseInteractionWithSerializableProfile" computerName="starlabdeMacBook-Air" duration="00:00:00.0018806" startTime="2026-09-28T12:15:13.8638960+08:00" endTime="2026-09-28T12:15:13.8639540+08:00" testType="13cdc9d9-ddb5-4fa4-a97d-d965ccfc6d4b" outcome="Passed" testListId="8c84fa94-04c1-424b-9868-57a2d4851a1d" relativeResultsDirectory="feb192a4-b965-4962-bdc9-ccfa3f6bddf1" />
    <UnitTestResult executionId="6891e019-2474-488b-a585-f42cc0fb8be6" testId="b982e711-6584-5ef2-9858-d8d99a1c672f" testName="OptilandWorkbench.Tests.AnalysisGuiContractTests.ConnectorCreatesReflectiveThinLensWithEditableFocalLength" computerName="starlabdeMacBook-Air" duration="00:00:00.2451492" startTime="2026-09-28T12:15:13.6085690+08:00" endTime="2026-09-28T12:15:13.8580640+08:00" testType="13cdc9d9-ddb5-4fa4-a97d-d965ccfc6d4b" outcome="Passed" testListId="8c84fa94-04c1-424b-9868-57a2d4851a1d" relativeResultsDirectory="6891e019-2474-488b-a585-f42cc0fb8be6" />
  </Results>
  <TestDefinitions>
    <UnitTest name="OptilandWorkbench.Tests.SurfaceComponentMappingTests.SurfaceEditorRowLabelsOrdinarySurfacesAndPropagatesUnsupportedGeometryState" storage="/users/starlab/documents/opticalsystem/tests/optilandworkbench.tests/bin/release/net10.0/optilandworkbench.tests.dll" id="3d60e745-0cfc-4cd5-f6c3-189ca20c0bb0">
      <Execution id="7ef31fd8-71d9-4026-a367-5702303cf0b1" />
      <TestMethod codeBase="/Users/starlab/Documents/opticalsystem/tests/OptilandWorkbench.Tests/bin/Release/net10.0/OptilandWorkbench.Tests.dll" adapterTypeName="executor://xunit/VsTestRunner3/netcore/" className="OptilandWorkbench.Tests.SurfaceComponentMappingTests" name="SurfaceEditorRowLabelsOrdinarySurfacesAndPropagatesUnsupportedGeometryState" />
    </UnitTest>
    <UnitTest name="OptilandWorkbench.Tests.SurfaceSolveTests.NewSurfacesUseAutomaticSemiDiameterAndFixedThickness" storage="/users/starlab/documents/opticalsystem/tests/optilandworkbench.tests/bin/release/net10.0/optilandworkbench.tests.dll" id="215f1e3f-f71c-57fc-8a14-1452c70ec6fb">
      <Execution id="a48a7b5f-97d2-4dba-b19e-b9aedac4c829" />
      <TestMethod codeBase="/Users/starlab/Documents/opticalsystem/tests/OptilandWorkbench.Tests/bin/Release/net10.0/OptilandWorkbench.Tests.dll" adapterTypeName="executor://xunit/VsTestRunner3/netcore/" className="OptilandWorkbench.Tests.SurfaceSolveTests" name="NewSurfacesUseAutomaticSemiDiameterAndFixedThickness" />
    </UnitTest>
    <UnitTest name="OptilandWorkbench.Tests.SurfaceSolveTests.UserDefinedSemiDiameterCreatesAndRemovesOnlyItsOwnFloatingAperture" storage="/users/starlab/documents/opticalsystem/tests/optilandworkbench.tests/bin/release/net10.0/optilandworkbench.tests.dll" id="fcaa3172-8487-a72e-71a6-8fa903561ff3">
      <Execution id="be3879df-c7e2-417a-bb2b-6e511521f299" />
      <TestMethod codeBase="/Users/starlab/Documents/opticalsystem/tests/OptilandWorkbench.Tests/bin/Release/net10.0/OptilandWorkbench.Tests.dll" adapterTypeName="executor://xunit/VsTestRunner3/netcore/" className="OptilandWorkbench.Tests.SurfaceSolveTests" name="UserDefinedSemiDiameterCreatesAndRemovesOnlyItsOwnFloatingAperture" />
    </UnitTest>
    <UnitTest name="OptilandWorkbench.Tests.SurfaceSolveTests.ZemaxSemiDiameterPickupImportsAndExportsAsPickup" storage="/users/starlab/documents/opticalsystem/tests/optilandworkbench.tests/bin/release/net10.0/optilandworkbench.tests.dll" id="4b79dbdb-dd3d-a32c-7f9d-47b8a63a7a55">
      <Execution id="fe2dda61-2444-4c24-b55d-ab16fb0a189e" />
      <TestMethod codeBase="/Users/starlab/Documents/opticalsystem/tests/OptilandWorkbench.Tests/bin/Release/net10.0/OptilandWorkbench.Tests.dll" adapterTypeName="executor://xunit/VsTestRunner3/netcore/" className="OptilandWorkbench.Tests.SurfaceSolveTests" name="ZemaxSemiDiameterPickupImportsAndExportsAsPickup" />
    </UnitTest>
    <UnitTest name="OptilandWorkbench.Tests.AnalysisGuiContractTests.ConnectorCreatesPhaseInteractionWithSerializableProfile" storage="/users/starlab/documents/opticalsystem/tests/optilandworkbench.tests/bin/release/net10.0/optilandworkbench.tests.dll" id="79f62c8f-0329-4bc6-6366-83f51161ab64">
      <Execution id="feb192a4-b965-4962-bdc9-ccfa3f6bddf1" />
      <TestMethod codeBase="/Users/starlab/Documents/opticalsystem/tests/OptilandWorkbench.Tests/bin/Release/net10.0/OptilandWorkbench.Tests.dll" adapterTypeName="executor://xunit/VsTestRunner3/netcore/" className="OptilandWorkbench.Tests.AnalysisGuiContractTests" name="ConnectorCreatesPhaseInteractionWithSerializableProfile" />
    </UnitTest>
    <UnitTest name="OptilandWorkbench.Tests.SurfaceComponentMappingTests.ComponentEditorAcceptsImportedStandardSurfaceWithoutRecreatingIt" storage="/users/starlab/documents/opticalsystem/tests/optilandworkbench.tests/bin/release/net10.0/optilandworkbench.tests.dll" id="282aea2a-d031-8557-b2b3-ac3e948a2ec1">
      <Execution id="c980bdf9-fc02-40e1-9f62-7da1ccbe01ae" />
      <TestMethod codeBase="/Users/starlab/Documents/opticalsystem/tests/OptilandWorkbench.Tests/bin/Release/net10.0/OptilandWorkbench.Tests.dll" adapterTypeName="executor://xunit/VsTestRunner3/netcore/" className="OptilandWorkbench.Tests.SurfaceComponentMappingTests" name="ComponentEditorAcceptsImportedStandardSurfaceWithoutRecreatingIt" />
    </UnitTest>
    <UnitTest name="OptilandWorkbench.Tests.SurfaceSolveTests.ThicknessAndSemiDiameterSolvesFollowSourcesUndoAndRoundTrip" storage="/users/starlab/documents/opticalsystem/tests/optilandworkbench.tests/bin/release/net10.0/optilandworkbench.tests.dll" id="f9588ac6-f347-c86f-a812-8e35c46a8dfa">
      <Execution id="1be555fb-f8be-49c6-900a-0c860ff1d95c" />
      <TestMethod codeBase="/Users/starlab/Documents/opticalsystem/tests/OptilandWorkbench.Tests/bin/Release/net10.0/OptilandWorkbench.Tests.dll" adapterTypeName="executor://xunit/VsTestRunner3/netcore/" className="OptilandWorkbench.Tests.SurfaceSolveTests" name="ThicknessAndSemiDiameterSolvesFollowSourcesUndoAndRoundTrip" />
    </UnitTest>
    <UnitTest name="OptilandWorkbench.Tests.SurfaceComponentMappingTests.ComponentEditorPreservesSpecialGeometryAndApertureParametersWhenKindIsUnchanged" storage="/users/starlab/documents/opticalsystem/tests/optilandworkbench.tests/bin/release/net10.0/optilandworkbench.tests.dll" id="f8ec6bf3-13a1-9657-316b-5e259584b599">
      <Execution id="2a902c50-669d-4bb0-802a-13fc719085d3" />
      <TestMethod codeBase="/Users/starlab/Documents/opticalsystem/tests/OptilandWorkbench.Tests/bin/Release/net10.0/OptilandWorkbench.Tests.dll" adapterTypeName="executor://xunit/VsTestRunner3/netcore/" className="OptilandWorkbench.Tests.SurfaceComponentMappingTests" name="ComponentEditorPreservesSpecialGeometryAndApertureParametersWhenKindIsUnchanged" />
    </UnitTest>
    <UnitTest name="OptilandWorkbench.Tests.SurfaceSolveTests.SolveTransitionsAndStructuralEditsPreserveTheIntendedTargets" storage="/users/starlab/documents/opticalsystem/tests/optilandworkbench.tests/bin/release/net10.0/optilandworkbench.tests.dll" id="78fd19a0-6293-b3e9-fecc-d4c7d29862a8">
      <Execution id="cb40a848-3144-45c8-803e-477406be3dfc" />
      <TestMethod codeBase="/Users/starlab/Documents/opticalsystem/tests/OptilandWorkbench.Tests/bin/Release/net10.0/OptilandWorkbench.Tests.dll" adapterTypeName="executor://xunit/VsTestRunner3/netcore/" className="OptilandWorkbench.Tests.SurfaceSolveTests" name="SolveTransitionsAndStructuralEditsPreserveTheIntendedTargets" />
    </UnitTest>
    <UnitTest name="OptilandWorkbench.Tests.AnalysisGuiContractTests.ConnectorCreatesDiffractiveInteractionWithGratingGeometry" storage="/users/starlab/documents/opticalsystem/tests/optilandworkbench.tests/bin/release/net10.0/optilandworkbench.tests.dll" id="eb94845d-26b6-d24f-5859-ee735b6e04b4">
      <Execution id="6bd21543-6b6e-407d-b185-9fbfa096f251" />
      <TestMethod codeBase="/Users/starlab/Documents/opticalsystem/tests/OptilandWorkbench.Tests/bin/Release/net10.0/OptilandWorkbench.Tests.dll" adapterTypeName="executor://xunit/VsTestRunner3/netcore/" className="OptilandWorkbench.Tests.AnalysisGuiContractTests" name="ConnectorCreatesDiffractiveInteractionWithGratingGeometry" />
    </UnitTest>
    <UnitTest name="OptilandWorkbench.Tests.AnalysisGuiContractTests.ConnectorCreatesReflectiveThinLensWithEditableFocalLength" storage="/users/starlab/documents/opticalsystem/tests/optilandworkbench.tests/bin/release/net10.0/optilandworkbench.tests.dll" id="b982e711-6584-5ef2-9858-d8d99a1c672f">
      <Execution id="6891e019-2474-488b-a585-f42cc0fb8be6" />
      <TestMethod codeBase="/Users/starlab/Documents/opticalsystem/tests/OptilandWorkbench.Tests/bin/Release/net10.0/OptilandWorkbench.Tests.dll" adapterTypeName="executor://xunit/VsTestRunner3/netcore/" className="OptilandWorkbench.Tests.AnalysisGuiContractTests" name="ConnectorCreatesReflectiveThinLensWithEditableFocalLength" />
    </UnitTest>
  </TestDefinitions>
  <TestEntries>
    <TestEntry testId="215f1e3f-f71c-57fc-8a14-1452c70ec6fb" executionId="a48a7b5f-97d2-4dba-b19e-b9aedac4c829" testListId="8c84fa94-04c1-424b-9868-57a2d4851a1d" />
    <TestEntry testId="282aea2a-d031-8557-b2b3-ac3e948a2ec1" executionId="c980bdf9-fc02-40e1-9f62-7da1ccbe01ae" testListId="8c84fa94-04c1-424b-9868-57a2d4851a1d" />
    <TestEntry testId="4b79dbdb-dd3d-a32c-7f9d-47b8a63a7a55" executionId="fe2dda61-2444-4c24-b55d-ab16fb0a189e" testListId="8c84fa94-04c1-424b-9868-57a2d4851a1d" />
    <TestEntry testId="78fd19a0-6293-b3e9-fecc-d4c7d29862a8" executionId="cb40a848-3144-45c8-803e-477406be3dfc" testListId="8c84fa94-04c1-424b-9868-57a2d4851a1d" />
    <TestEntry testId="eb94845d-26b6-d24f-5859-ee735b6e04b4" executionId="6bd21543-6b6e-407d-b185-9fbfa096f251" testListId="8c84fa94-04c1-424b-9868-57a2d4851a1d" />
    <TestEntry testId="fcaa3172-8487-a72e-71a6-8fa903561ff3" executionId="be3879df-c7e2-417a-bb2b-6e511521f299" testListId="8c84fa94-04c1-424b-9868-57a2d4851a1d" />
    <TestEntry testId="3d60e745-0cfc-4cd5-f6c3-189ca20c0bb0" executionId="7ef31fd8-71d9-4026-a367-5702303cf0b1" testListId="8c84fa94-04c1-424b-9868-57a2d4851a1d" />
    <TestEntry testId="f9588ac6-f347-c86f-a812-8e35c46a8dfa" executionId="1be555fb-f8be-49c6-900a-0c860ff1d95c" testListId="8c84fa94-04c1-424b-9868-57a2d4851a1d" />
    <TestEntry testId="f8ec6bf3-13a1-9657-316b-5e259584b599" executionId="2a902c50-669d-4bb0-802a-13fc719085d3" testListId="8c84fa94-04c1-424b-9868-57a2d4851a1d" />
    <TestEntry testId="79f62c8f-0329-4bc6-6366-83f51161ab64" executionId="feb192a4-b965-4962-bdc9-ccfa3f6bddf1" testListId="8c84fa94-04c1-424b-9868-57a2d4851a1d" />
    <TestEntry testId="b982e711-6584-5ef2-9858-d8d99a1c672f" executionId="6891e019-2474-488b-a585-f42cc0fb8be6" testListId="8c84fa94-04c1-424b-9868-57a2d4851a1d" />
  </TestEntries>
  <TestLists>
    <TestList name="列表中未列出的结果" id="8c84fa94-04c1-424b-9868-57a2d4851a1d" />
    <TestList name="所有已加载的结果" id="19431567-8539-422a-85d7-44ee4e166bda" />
  </TestLists>
  <ResultSummary outcome="Completed">
    <Counters total="11" executed="11" passed="11" failed="0" error="0" timeout="0" aborted="0" inconclusive="0" passedButRunAborted="0" notRunnable="0" notExecuted="0" disconnected="0" warning="0" completed="0" inProgress="0" pending="0" />
    <Output>
      <StdOut>[xUnit.net 00:00:00.00] xUnit.net VSTest Adapter v3.1.4+50e68bbb8b (64-bit .NET 10.0.8)
[xUnit.net 00:00:00.04]   Discovering: OptilandWorkbench.Tests
[xUnit.net 00:00:00.11]   Discovered:  OptilandWorkbench.Tests
[xUnit.net 00:00:00.11]   Starting:    OptilandWorkbench.Tests
[xUnit.net 00:00:00.60]   Finished:    OptilandWorkbench.Tests
</StdOut>
    </Output>
  </ResultSummary>
</TestRun>