<?xml version="1.0" encoding="utf-8"?>
<TestRun id="c7e64b56-10fc-4eae-9837-44d99d38f997" name="allen@DESKTOP-SET3SNR 2026-10-07 20:33:22" runUser="DESKTOP-SET3SNR\CodexSandboxOffline" xmlns="http://microsoft.com/schemas/VisualStudio/TeamTest/2010">
  <Times creation="2026-10-07T20:33:22.8164127+08:00" queuing="2026-10-07T20:33:22.8164129+08:00" start="2026-10-07T20:33:22.2678332+08:00" finish="2026-10-07T20:33:37.5285553+08:00" />
  <TestSettings name="default" id="aa405e84-bf00-4118-948d-12639337c72d">
    <Deployment runDeploymentRoot="allen_DESKTOP-SET3SNR_2026-10-07_20_33_22" />
  </TestSettings>
  <Results>
    <UnitTestResult executionId="2c491722-2e55-4bfb-9c4d-05e31a6afc0e" testId="33c82f2a-6a1a-2d75-d24d-10ce9833c571" testName="OptilandWorkbench.ZemaxComparison.Tests.CapturedRmsFieldSamplingTests.ActualNativeReferencesRetainTheStrictGateAfterTessarIntegralRepair(name: &quot;cooke-40-degree-field-ra-128-remove&quot;)" computerName="DESKTOP-SET3SNR" duration="00:00:00.6383304" startTime="2026-10-07T20:33:31.3987417+08:00" endTime="2026-10-07T20:33:32.0368785+08:00" testType="13cdc9d9-ddb5-4fa4-a97d-d965ccfc6d4b" outcome="Passed" testListId="8c84fa94-04c1-424b-9868-57a2d4851a1d" relativeResultsDirectory="2c491722-2e55-4bfb-9c4d-05e31a6afc0e" />
    <UnitTestResult executionId="9cc271a0-3ead-4bfd-9727-b7caa97e7a85" testId="ec349286-b002-e357-9bed-fda2c144226e" testName="OptilandWorkbench.ZemaxComparison.Tests.RmsFieldSamplingContractTests.UnsupportedOrUnalignedSamplingIsRejected(key: &quot;RMS vs Field&quot;, method: &quot;RA&quot;, density: 1024)" computerName="DESKTOP-SET3SNR" duration="00:00:00.0001765" startTime="2026-10-07T20:33:22.7630783+08:00" endTime="2026-10-07T20:33:22.7631617+08:00" testType="13cdc9d9-ddb5-4fa4-a97d-d965ccfc6d4b" outcome="Passed" testListId="8c84fa94-04c1-424b-9868-57a2d4851a1d" relativeResultsDirectory="9cc271a0-3ead-4bfd-9727-b7caa97e7a85" />
    <UnitTestResult executionId="bfce65db-dee3-42f9-ab14-73ecbc24818d" testId="f23dc0b5-5990-5ec2-88c5-b6c80fd1e3af" testName="OptilandWorkbench.ZemaxComparison.Tests.CapturedRmsFieldSamplingTests.ActualNativeReferencesRetainTheStrictGateAfterTessarIntegralRepair(name: &quot;relay-lens-gq-12-remove&quot;)" computerName="DESKTOP-SET3SNR" duration="00:00:00.4373965" startTime="2026-10-07T20:33:23.9897413+08:00" endTime="2026-10-07T20:33:24.4270917+08:00" testType="13cdc9d9-ddb5-4fa4-a97d-d965ccfc6d4b" outcome="Passed" testListId="8c84fa94-04c1-424b-9868-57a2d4851a1d" relativeResultsDirectory="bfce65db-dee3-42f9-ab14-73ecbc24818d" />
    <UnitTestResult executionId="9a2b9bda-dfb5-4477-b421-c7ab2a4330f0" testId="e6b5a033-3abc-15be-8307-006cb5d11287" testName="OptilandWorkbench.ZemaxComparison.Tests.RayAuditContractTests.UnsupportedIntegrationRulesCannotProduceAnAudit(method: &quot;RA&quot;, density: 1024)" computerName="DESKTOP-SET3SNR" duration="00:00:00.0001754" startTime="2026-10-07T20:33:22.7630643+08:00" endTime="2026-10-07T20:33:22.7631168+08:00" testType="13cdc9d9-ddb5-4fa4-a97d-d965ccfc6d4b" outcome="Passed" testListId="8c84fa94-04c1-424b-9868-57a2d4851a1d" relativeResultsDirectory="9a2b9bda-dfb5-4477-b421-c7ab2a4330f0" />
    <UnitTestResult executionId="1617bfdb-4ca7-43b0-8358-7978f94a23e4" testId="5830e425-2207-17b6-b024-520a2e0c52ed" testName="OptilandWorkbench.ZemaxComparison.Tests.RayAuditContractTests.UnsupportedIntegrationRulesCannotProduceAnAudit(method: &quot;unknown&quot;, density: 6)" computerName="DESKTOP-SET3SNR" duration="00:00:00.0000096" startTime="2026-10-07T20:33:22.7632380+08:00" endTime="2026-10-07T20:33:22.7633021+08:00" testType="13cdc9d9-ddb5-4fa4-a97d-d965ccfc6d4b" outcome="Passed" testListId="8c84fa94-04c1-424b-9868-57a2d4851a1d" relativeResultsDirectory="1617bfdb-4ca7-43b0-8358-7978f94a23e4" />
    <UnitTestResult executionId="47b31ca1-be74-4777-9eea-58e096e06bb1" testId="394e0155-d64f-3a88-c4ab-1416d5fa565b" testName="OptilandWorkbench.ZemaxComparison.Tests.RmsFieldSamplingContractTests.UnsupportedOrUnalignedSamplingIsRejected(key: &quot;RMS vs Field&quot;, method: &quot;RA&quot;, density: 48)" computerName="DESKTOP-SET3SNR" duration="00:00:00.0000032" startTime="2026-10-07T20:33:22.7923925+08:00" endTime="2026-10-07T20:33:22.7932677+08:00" testType="13cdc9d9-ddb5-4fa4-a97d-d965ccfc6d4b" outcome="Passed" testListId="8c84fa94-04c1-424b-9868-57a2d4851a1d" relativeResultsDirectory="47b31ca1-be74-4777-9eea-58e096e06bb1" />
    <UnitTestResult executionId="70076dba-880a-41d7-9364-0bc7a1b0f515" testId="a5e80a4f-b38d-4ba2-c378-26fef6404f9d" testName="OptilandWorkbench.ZemaxComparison.Tests.RayAuditContractTests.UnsupportedIntegrationRulesCannotProduceAnAudit(method: &quot;GQ&quot;, density: 0)" computerName="DESKTOP-SET3SNR" duration="00:00:00.0000067" startTime="2026-10-07T20:33:22.7922736+08:00" endTime="2026-10-07T20:33:22.7931049+08:00" testType="13cdc9d9-ddb5-4fa4-a97d-d965ccfc6d4b" outcome="Passed" testListId="8c84fa94-04c1-424b-9868-57a2d4851a1d" relativeResultsDirectory="70076dba-880a-41d7-9364-0bc7a1b0f515" />
    <UnitTestResult executionId="163c3258-611f-475b-962a-c940823149a2" testId="c2e7fb42-a6c9-d035-9de5-efea1523b595" testName="OptilandWorkbench.ZemaxComparison.Tests.RmsFieldSamplingContractTests.UnsupportedOrUnalignedSamplingIsRejected(key: &quot;RMS vs Field&quot;, method: &quot;GQ&quot;, density: 0)" computerName="DESKTOP-SET3SNR" duration="00:00:00.0030482" startTime="2026-10-07T20:33:22.7406458+08:00" endTime="2026-10-07T20:33:22.7493341+08:00" testType="13cdc9d9-ddb5-4fa4-a97d-d965ccfc6d4b" outcome="Passed" testListId="8c84fa94-04c1-424b-9868-57a2d4851a1d" relativeResultsDirectory="163c3258-611f-475b-962a-c940823149a2" />
    <UnitTestResult executionId="5704aa9a-9df8-43b5-83c6-5e6f326c3e4a" testId="2230b6c0-dec6-63c7-472f-ff09fb53c5d2" testName="OptilandWorkbench.ZemaxComparison.Tests.CapturedRmsFieldSamplingTests.ActualNativeReferencesRetainTheStrictGateAfterTessarIntegralRepair(name: &quot;even-asphere-ra-128-remove&quot;)" computerName="DESKTOP-SET3SNR" duration="00:00:02.6167487" startTime="2026-10-07T20:33:24.8701722+08:00" endTime="2026-10-07T20:33:27.4868785+08:00" testType="13cdc9d9-ddb5-4fa4-a97d-d965ccfc6d4b" outcome="Passed" testListId="8c84fa94-04c1-424b-9868-57a2d4851a1d" relativeResultsDirectory="5704aa9a-9df8-43b5-83c6-5e6f326c3e4a" />
    <UnitTestResult executionId="7c3c7b13-d926-4219-89ec-293f4160fdaf" testId="d8296197-9667-0a43-b28b-8ebea2d3c3ec" testName="OptilandWorkbench.ZemaxComparison.Tests.CapturedRmsFieldSamplingTests.ActualNativeReferencesRetainTheStrictGateAfterTessarIntegralRepair(name: &quot;tessar-lens-using-vignetting-factors-ra-128-remove&quot;)" computerName="DESKTOP-SET3SNR" duration="00:00:00.6507434" startTime="2026-10-07T20:33:29.7148224+08:00" endTime="2026-10-07T20:33:30.3653525+08:00" testType="13cdc9d9-ddb5-4fa4-a97d-d965ccfc6d4b" outcome="Passed" testListId="8c84fa94-04c1-424b-9868-57a2d4851a1d" relativeResultsDirectory="7c3c7b13-d926-4219-89ec-293f4160fdaf" />
    <UnitTestResult executionId="d04b233e-2e9d-446f-832b-447f240d9114" testId="1e091af0-5352-204a-5614-6351a1272f51" testName="OptilandWorkbench.ZemaxComparison.Tests.CapturedRmsFieldSamplingTests.ActualNativeReferencesRetainTheStrictGateAfterTessarIntegralRepair(name: &quot;cooke-40-degree-field-gq-12-remove&quot;)" computerName="DESKTOP-SET3SNR" duration="00:00:00.0548778" startTime="2026-10-07T20:33:30.5240759+08:00" endTime="2026-10-07T20:33:30.5789248+08:00" testType="13cdc9d9-ddb5-4fa4-a97d-d965ccfc6d4b" outcome="Passed" testListId="8c84fa94-04c1-424b-9868-57a2d4851a1d" relativeResultsDirectory="d04b233e-2e9d-446f-832b-447f240d9114" />
    <UnitTestResult executionId="a4bb80a2-ee09-4033-8fd5-3a52bc6c839e" testId="db4ff558-d7a8-3beb-8239-ad66fdf5dc70" testName="OptilandWorkbench.ZemaxComparison.Tests.CapturedRmsFieldSamplingTests.ActualNativeReferencesRetainTheStrictGateAfterTessarIntegralRepair(name: &quot;even-asphere-gq-12-remove&quot;)" computerName="DESKTOP-SET3SNR" duration="00:00:00.2434237" startTime="2026-10-07T20:33:24.6267082+08:00" endTime="2026-10-07T20:33:24.8700312+08:00" testType="13cdc9d9-ddb5-4fa4-a97d-d965ccfc6d4b" outcome="Passed" testListId="8c84fa94-04c1-424b-9868-57a2d4851a1d" relativeResultsDirectory="a4bb80a2-ee09-4033-8fd5-3a52bc6c839e" />
    <UnitTestResult executionId="b94eec40-9f51-43ae-9553-9c6feca3345a" testId="32f7ed26-ec27-b866-a47e-6b0fd8422063" testName="OptilandWorkbench.ZemaxComparison.Tests.CapturedRmsFieldSamplingTests.ActualNativeReferencesRetainTheStrictGateAfterTessarIntegralRepair(name: &quot;double-gauss-28-degree-field-ra-128-remove&quot;)" computerName="DESKTOP-SET3SNR" duration="00:00:00.7233872" startTime="2026-10-07T20:33:30.6750536+08:00" endTime="2026-10-07T20:33:31.3984555+08:00" testType="13cdc9d9-ddb5-4fa4-a97d-d965ccfc6d4b" outcome="Passed" testListId="8c84fa94-04c1-424b-9868-57a2d4851a1d" relativeResultsDirectory="b94eec40-9f51-43ae-9553-9c6feca3345a" />
    <UnitTestResult executionId="92bab6fc-38be-4330-84ff-16ab3492515d" testId="9eee57b6-8e55-0748-5651-9c44916a9208" testName="OptilandWorkbench.ZemaxComparison.Tests.CapturedRmsFieldSamplingTests.ActualNativeReferencesRetainTheStrictGateAfterTessarIntegralRepair(name: &quot;tessar-lens-using-vignetting-factors-gq-6-retain&quot;)" computerName="DESKTOP-SET3SNR" duration="00:00:00.0219544" startTime="2026-10-07T20:33:28.8795839+08:00" endTime="2026-10-07T20:33:28.9008704+08:00" testType="13cdc9d9-ddb5-4fa4-a97d-d965ccfc6d4b" outcome="Passed" testListId="8c84fa94-04c1-424b-9868-57a2d4851a1d" relativeResultsDirectory="92bab6fc-38be-4330-84ff-16ab3492515d" />
    <UnitTestResult executionId="a56d3a1c-c176-4c12-9cc3-32f2568ebe8a" testId="a4843031-ea5d-bfbb-98ac-d588b36a5719" testName="OptilandWorkbench.ZemaxComparison.Tests.RmsFieldSamplingContractTests.UnsupportedOrUnalignedSamplingIsRejected(key: &quot;Ray Fan&quot;, method: &quot;RA&quot;, density: 64)" computerName="DESKTOP-SET3SNR" duration="00:00:00.0000064" startTime="2026-10-07T20:33:22.7633963+08:00" endTime="2026-10-07T20:33:22.7634752+08:00" testType="13cdc9d9-ddb5-4fa4-a97d-d965ccfc6d4b" outcome="Passed" testListId="8c84fa94-04c1-424b-9868-57a2d4851a1d" relativeResultsDirectory="a56d3a1c-c176-4c12-9cc3-32f2568ebe8a" />
    <UnitTestResult executionId="d380ba8f-093c-4117-be4b-8f7e74f48cee" testId="98ec20b2-e8cc-79c1-176b-a15e64dd3598" testName="OptilandWorkbench.ZemaxComparison.Tests.RmsFieldSamplingContractTests.SamplingAndVignettingStayAlignedAcrossTheSerializedRequest(method: &quot;GQ&quot;, density: 12, remove: False)" computerName="DESKTOP-SET3SNR" duration="00:00:00.0005835" startTime="2026-10-07T20:33:23.1727764+08:00" endTime="2026-10-07T20:33:23.1732027+08:00" testType="13cdc9d9-ddb5-4fa4-a97d-d965ccfc6d4b" outcome="Passed" testListId="8c84fa94-04c1-424b-9868-57a2d4851a1d" relativeResultsDirectory="d380ba8f-093c-4117-be4b-8f7e74f48cee" />
    <UnitTestResult executionId="7fb60e9a-d90b-4895-babc-59caca36b2d1" testId="0e6c859c-ba90-dcc0-5ff7-80216fa680d9" testName="OptilandWorkbench.ZemaxComparison.Tests.RmsFieldSamplingContractTests.SamplingAndVignettingStayAlignedAcrossTheSerializedRequest(method: &quot;RA&quot;, density: 64, remove: True)" computerName="DESKTOP-SET3SNR" duration="00:00:00.0003879" startTime="2026-10-07T20:33:23.1747799+08:00" endTime="2026-10-07T20:33:23.1748119+08:00" testType="13cdc9d9-ddb5-4fa4-a97d-d965ccfc6d4b" outcome="Passed" testListId="8c84fa94-04c1-424b-9868-57a2d4851a1d" relativeResultsDirectory="7fb60e9a-d90b-4895-babc-59caca36b2d1" />
    <UnitTestResult executionId="61bc11f8-f68d-4479-a111-6a1847d0e988" testId="09924fe4-74f0-9624-d0ab-5be17dcc7087" testName="OptilandWorkbench.ZemaxComparison.Tests.RayAuditContractTests.UnsupportedIntegrationRulesCannotProduceAnAudit(method: &quot;RA&quot;, density: 16)" computerName="DESKTOP-SET3SNR" duration="00:00:00.0038291" startTime="2026-10-07T20:33:22.7416662+08:00" endTime="2026-10-07T20:33:22.7520863+08:00" testType="13cdc9d9-ddb5-4fa4-a97d-d965ccfc6d4b" outcome="Passed" testListId="8c84fa94-04c1-424b-9868-57a2d4851a1d" relativeResultsDirectory="61bc11f8-f68d-4479-a111-6a1847d0e988" />
    <UnitTestResult executionId="43bdd547-f4a9-40e3-a3b1-60be5c53af6d" testId="543cb824-c446-c0f7-fcaf-ca815d1b7c0d" testName="OptilandWorkbench.ZemaxComparison.Tests.RmsFieldSamplingContractTests.UnsupportedOrUnalignedSamplingIsRejected(key: &quot;RMS vs Field&quot;, method: &quot;Unknown&quot;, density: 6)" computerName="DESKTOP-SET3SNR" duration="00:00:00.0000079" startTime="2026-10-07T20:33:22.7632611+08:00" endTime="2026-10-07T20:33:22.7633135+08:00" testType="13cdc9d9-ddb5-4fa4-a97d-d965ccfc6d4b" outcome="Passed" testListId="8c84fa94-04c1-424b-9868-57a2d4851a1d" relativeResultsDirectory="43bdd547-f4a9-40e3-a3b1-60be5c53af6d" />
    <UnitTestResult executionId="5d526142-afb5-470d-964e-219904141e7d" testId="cddfc350-a327-3157-f4d7-827b69bb9f8d" testName="OptilandWorkbench.ZemaxComparison.Tests.RmsFieldSamplingContractTests.SamplingAndVignettingStayAlignedAcrossTheSerializedRequest(method: &quot;RA&quot;, density: 128, remove: False)" computerName="DESKTOP-SET3SNR" duration="00:00:00.4226595" startTime="2026-10-07T20:33:22.7941258+08:00" endTime="2026-10-07T20:33:23.1726187+08:00" testType="13cdc9d9-ddb5-4fa4-a97d-d965ccfc6d4b" outcome="Passed" testListId="8c84fa94-04c1-424b-9868-57a2d4851a1d" relativeResultsDirectory="5d526142-afb5-470d-964e-219904141e7d" />
    <UnitTestResult executionId="fb3f8082-02aa-4518-aa28-613061a23379" testId="dc6d37bc-3229-e493-8e3f-52c75d9640ab" testName="OptilandWorkbench.ZemaxComparison.Tests.CapturedRmsFieldSamplingTests.ActualNativeReferencesRetainTheStrictGateAfterTessarIntegralRepair(name: &quot;tessar-lens-using-vignetting-factors-gq-12-remove&quot;)" computerName="DESKTOP-SET3SNR" duration="00:00:00.0708622" startTime="2026-10-07T20:33:28.9010060+08:00" endTime="2026-10-07T20:33:28.9718219+08:00" testType="13cdc9d9-ddb5-4fa4-a97d-d965ccfc6d4b" outcome="Passed" testListId="8c84fa94-04c1-424b-9868-57a2d4851a1d" relativeResultsDirectory="fb3f8082-02aa-4518-aa28-613061a23379" />
    <UnitTestResult executionId="4399de9f-01cf-48b7-a871-3dfebc68a9ec" testId="e1448733-1a2a-8543-49cc-79231c7786df" testName="OptilandWorkbench.ZemaxComparison.Tests.CapturedRmsFieldSamplingTests.ActualNativeReferencesRetainTheStrictGateAfterTessarIntegralRepair(name: &quot;double-gauss-28-degree-field-ra-64-remove&quot;)" computerName="DESKTOP-SET3SNR" duration="00:00:01.0076531" startTime="2026-10-07T20:33:22.7416367+08:00" endTime="2026-10-07T20:33:23.7522763+08:00" testType="13cdc9d9-ddb5-4fa4-a97d-d965ccfc6d4b" outcome="Passed" testListId="8c84fa94-04c1-424b-9868-57a2d4851a1d" relativeResultsDirectory="4399de9f-01cf-48b7-a871-3dfebc68a9ec" />
    <UnitTestResult executionId="94639ddb-8e5d-493a-bf52-70113e7bb606" testId="f962ab96-e2cb-b8e8-daff-327baf10c671" testName="OptilandWorkbench.ZemaxComparison.Tests.RmsFieldSamplingContractTests.UnsupportedOrUnalignedSamplingIsRejected(key: &quot;RMS vs Wavelength&quot;, method: &quot;RA&quot;, density: 64)" computerName="DESKTOP-SET3SNR" duration="00:00:00.0000027" startTime="2026-10-07T20:33:22.7933387+08:00" endTime="2026-10-07T20:33:22.7933724+08:00" testType="13cdc9d9-ddb5-4fa4-a97d-d965ccfc6d4b" outcome="Passed" testListId="8c84fa94-04c1-424b-9868-57a2d4851a1d" relativeResultsDirectory="94639ddb-8e5d-493a-bf52-70113e7bb606" />
    <UnitTestResult executionId="0f61d680-e078-457e-a2ad-338bbdf6d8e9" testId="9340a4b1-5995-a146-2b3f-87884b1ff758" testName="OptilandWorkbench.ZemaxComparison.Tests.RmsFieldSamplingContractTests.DefaultsKeepTheExistingFrozenRequestIdentity" computerName="DESKTOP-SET3SNR" duration="00:00:00.0004092" startTime="2026-10-07T20:33:23.1749379+08:00" endTime="2026-10-07T20:33:23.1749568+08:00" testType="13cdc9d9-ddb5-4fa4-a97d-d965ccfc6d4b" outcome="Passed" testListId="8c84fa94-04c1-424b-9868-57a2d4851a1d" relativeResultsDirectory="0f61d680-e078-457e-a2ad-338bbdf6d8e9" />
    <UnitTestResult executionId="8c50d5bb-ff41-409e-83aa-f21bd6220fc6" testId="fc512944-4574-c8e1-1948-381a841dbc19" testName="OptilandWorkbench.ZemaxComparison.Tests.CapturedRmsFieldSamplingTests.ActualNativeReferencesRetainTheStrictGateAfterTessarIntegralRepair(name: &quot;tessar-lens-using-vignetting-factors-ra-64-remove&quot;)" computerName="DESKTOP-SET3SNR" duration="00:00:00.2372563" startTime="2026-10-07T20:33:23.7524323+08:00" endTime="2026-10-07T20:33:23.9895984+08:00" testType="13cdc9d9-ddb5-4fa4-a97d-d965ccfc6d4b" outcome="Passed" testListId="8c84fa94-04c1-424b-9868-57a2d4851a1d" relativeResultsDirectory="8c50d5bb-ff41-409e-83aa-f21bd6220fc6" />
    <UnitTestResult executionId="4d5bc097-3797-4267-9e48-474af41eb74d" testId="0bfb1381-d29b-ccdf-75c6-c960f8a82643" testName="OptilandWorkbench.ZemaxComparison.Tests.CapturedRmsFieldSamplingTests.ActualNativeReferencesRetainTheStrictGateAfterTessarIntegralRepair(name: &quot;tessar-lens-using-vignetting-factors-ra-128-retain&quot;)" computerName="DESKTOP-SET3SNR" duration="00:00:00.7424895" startTime="2026-10-07T20:33:28.9719613+08:00" endTime="2026-10-07T20:33:29.7145261+08:00" testType="13cdc9d9-ddb5-4fa4-a97d-d965ccfc6d4b" outcome="Passed" testListId="8c84fa94-04c1-424b-9868-57a2d4851a1d" relativeResultsDirectory="4d5bc097-3797-4267-9e48-474af41eb74d" />
    <UnitTestResult executionId="6c94fe86-e9fc-4137-a54a-5873cd003f14" testId="add76838-1881-ff5b-4b55-4095c6c3420e" testName="OptilandWorkbench.ZemaxComparison.Tests.RayAuditContractTests.InvalidFieldScopeAndSourceIdentityAreRejected" computerName="DESKTOP-SET3SNR" duration="00:00:00.0003610" startTime="2026-10-07T20:33:22.7942325+08:00" endTime="2026-10-07T20:33:22.7942570+08:00" testType="13cdc9d9-ddb5-4fa4-a97d-d965ccfc6d4b" outcome="Passed" testListId="8c84fa94-04c1-424b-9868-57a2d4851a1d" relativeResultsDirectory="6c94fe86-e9fc-4137-a54a-5873cd003f14" />
    <UnitTestResult executionId="d4f5069f-528c-49bb-9b6c-9f641d42e33a" testId="32c05def-b60c-02ab-32e4-ee7effb0541f" testName="OptilandWorkbench.ZemaxComparison.Tests.CapturedRmsFieldSamplingTests.ActualNativeReferencesRetainTheStrictGateAfterTessarIntegralRepair(name: &quot;relay-lens-ra-128-remove&quot;)" computerName="DESKTOP-SET3SNR" duration="00:00:05.4240478" startTime="2026-10-07T20:33:32.0370116+08:00" endTime="2026-10-07T20:33:37.4609758+08:00" testType="13cdc9d9-ddb5-4fa4-a97d-d965ccfc6d4b" outcome="Passed" testListId="8c84fa94-04c1-424b-9868-57a2d4851a1d" relativeResultsDirectory="d4f5069f-528c-49bb-9b6c-9f641d42e33a" />
    <UnitTestResult executionId="0e5325be-edf7-4782-a091-0d74dfc4f46d" testId="5df07f76-1760-9ebe-75e7-fe4e3e4cc31c" testName="OptilandWorkbench.ZemaxComparison.Tests.RayAuditContractTests.SourceHashMismatchDoesNotCreateAnEvidenceDirectory" computerName="DESKTOP-SET3SNR" duration="00:00:00.0272424" startTime="2026-10-07T20:33:22.7943163+08:00" endTime="2026-10-07T20:33:22.8087000+08:00" testType="13cdc9d9-ddb5-4fa4-a97d-d965ccfc6d4b" outcome="Passed" testListId="8c84fa94-04c1-424b-9868-57a2d4851a1d" relativeResultsDirectory="0e5325be-edf7-4782-a091-0d74dfc4f46d" />
    <UnitTestResult executionId="b78f7eb3-bf8f-487e-ae59-d2013f315e1a" testId="4bdfb04d-4530-9165-5c3c-0fe552d3c465" testName="OptilandWorkbench.ZemaxComparison.Tests.CapturedRmsFieldSamplingTests.EveryCapturedFileAndOfficialSourceMatchesItsManifest" computerName="DESKTOP-SET3SNR" duration="00:00:00.0152063" startTime="2026-10-07T20:33:37.4613687+08:00" endTime="2026-10-07T20:33:37.4763488+08:00" testType="13cdc9d9-ddb5-4fa4-a97d-d965ccfc6d4b" outcome="Passed" testListId="8c84fa94-04c1-424b-9868-57a2d4851a1d" relativeResultsDirectory="b78f7eb3-bf8f-487e-ae59-d2013f315e1a" />
    <UnitTestResult executionId="675077dc-0ec6-422a-bd44-d2677a39f971" testId="9800ce93-be58-54c1-e46c-0cf1a43782e6" testName="OptilandWorkbench.ZemaxComparison.Tests.RayAuditContractTests.UnknownJobMembersCannotSilentlyChangeAControl" computerName="DESKTOP-SET3SNR" duration="00:00:00.0261334" startTime="2026-10-07T20:33:22.7941065+08:00" endTime="2026-10-07T20:33:22.7941543+08:00" testType="13cdc9d9-ddb5-4fa4-a97d-d965ccfc6d4b" outcome="Passed" testListId="8c84fa94-04c1-424b-9868-57a2d4851a1d" relativeResultsDirectory="675077dc-0ec6-422a-bd44-d2677a39f971" />
    <UnitTestResult executionId="a1b29cb0-b7a7-41a9-8c5d-1dc3f3be6335" testId="00904d0e-fa5a-d811-5e48-17dfb28c2376" testName="OptilandWorkbench.ZemaxComparison.Tests.CapturedRmsFieldSamplingTests.ActualNativeReferencesRetainTheStrictGateAfterTessarIntegralRepair(name: &quot;relay-lens-ra-64-remove&quot;)" computerName="DESKTOP-SET3SNR" duration="00:00:01.3918555" startTime="2026-10-07T20:33:27.4870951+08:00" endTime="2026-10-07T20:33:28.8788071+08:00" testType="13cdc9d9-ddb5-4fa4-a97d-d965ccfc6d4b" outcome="Passed" testListId="8c84fa94-04c1-424b-9868-57a2d4851a1d" relativeResultsDirectory="a1b29cb0-b7a7-41a9-8c5d-1dc3f3be6335" />
    <UnitTestResult executionId="7110e215-9e59-4346-b6f0-a62587bbadb3" testId="ba8fd1de-d1a9-20dd-3c07-ff06c100fe63" testName="OptilandWorkbench.ZemaxComparison.Tests.RmsFieldSamplingContractTests.SamplingAndVignettingStayAlignedAcrossTheSerializedRequest(method: &quot;GQ&quot;, density: 6, remove: True)" computerName="DESKTOP-SET3SNR" duration="00:00:00.0005959" startTime="2026-10-07T20:33:23.1748653+08:00" endTime="2026-10-07T20:33:23.1748854+08:00" testType="13cdc9d9-ddb5-4fa4-a97d-d965ccfc6d4b" outcome="Passed" testListId="8c84fa94-04c1-424b-9868-57a2d4851a1d" relativeResultsDirectory="7110e215-9e59-4346-b6f0-a62587bbadb3" />
    <UnitTestResult executionId="43f67b19-3ba2-4a2b-9b5e-d63e1db90b36" testId="a1935a43-82ca-ae69-712b-e0b7abadc230" testName="OptilandWorkbench.ZemaxComparison.Tests.CapturedRmsFieldSamplingTests.ActualNativeReferencesRetainTheStrictGateAfterTessarIntegralRepair(name: &quot;even-asphere-ra-64-remove&quot;)" computerName="DESKTOP-SET3SNR" duration="00:00:00.1585415" startTime="2026-10-07T20:33:30.3654843+08:00" endTime="2026-10-07T20:33:30.5239644+08:00" testType="13cdc9d9-ddb5-4fa4-a97d-d965ccfc6d4b" outcome="Passed" testListId="8c84fa94-04c1-424b-9868-57a2d4851a1d" relativeResultsDirectory="43f67b19-3ba2-4a2b-9b5e-d63e1db90b36" />
    <UnitTestResult executionId="b302a8d6-ecb1-4109-bce8-d4731fcdaa09" testId="fb1a4307-c6ef-9662-584b-c2d31a1614b3" testName="OptilandWorkbench.ZemaxComparison.Tests.CapturedRmsFieldSamplingTests.ActualNativeReferencesRetainTheStrictGateAfterTessarIntegralRepair(name: &quot;double-gauss-28-degree-field-gq-12-remove&quot;)" computerName="DESKTOP-SET3SNR" duration="00:00:00.0959334" startTime="2026-10-07T20:33:30.5790581+08:00" endTime="2026-10-07T20:33:30.6749440+08:00" testType="13cdc9d9-ddb5-4fa4-a97d-d965ccfc6d4b" outcome="Passed" testListId="8c84fa94-04c1-424b-9868-57a2d4851a1d" relativeResultsDirectory="b302a8d6-ecb1-4109-bce8-d4731fcdaa09" />
    <UnitTestResult executionId="0300b607-54cb-4be8-9d53-0e75545b6e4d" testId="035cf6f2-e47c-40de-aed2-f875002a6d41" testName="OptilandWorkbench.ZemaxComparison.Tests.RayAuditContractTests.UnsupportedIntegrationRulesCannotProduceAnAudit(method: &quot;GQ&quot;, density: 21)" computerName="DESKTOP-SET3SNR" duration="00:00:00.0000075" startTime="2026-10-07T20:33:22.7633870+08:00" endTime="2026-10-07T20:33:22.7634374+08:00" testType="13cdc9d9-ddb5-4fa4-a97d-d965ccfc6d4b" outcome="Passed" testListId="8c84fa94-04c1-424b-9868-57a2d4851a1d" relativeResultsDirectory="0300b607-54cb-4be8-9d53-0e75545b6e4d" />
    <UnitTestResult executionId="f7bbb0b1-1ce4-4f7d-ba27-4d47086aa67f" testId="0ff840aa-9d58-491e-0ea3-fa229187d28f" testName="OptilandWorkbench.ZemaxComparison.Tests.RmsFieldSamplingContractTests.UnsupportedOrUnalignedSamplingIsRejected(key: &quot;RMS vs Field&quot;, method: &quot;GQ&quot;, density: 21)" computerName="DESKTOP-SET3SNR" duration="00:00:00.0000047" startTime="2026-10-07T20:33:22.7922333+08:00" endTime="2026-10-07T20:33:22.7922900+08:00" testType="13cdc9d9-ddb5-4fa4-a97d-d965ccfc6d4b" outcome="Passed" testListId="8c84fa94-04c1-424b-9868-57a2d4851a1d" relativeResultsDirectory="f7bbb0b1-1ce4-4f7d-ba27-4d47086aa67f" />
    <UnitTestResult executionId="7a808f0a-07f9-4c9d-ac40-1fb5da7b18a5" testId="a0695996-f8d2-99f3-f978-b6c409536476" testName="OptilandWorkbench.ZemaxComparison.Tests.CapturedRmsFieldSamplingTests.ActualNativeReferencesRetainTheStrictGateAfterTessarIntegralRepair(name: &quot;cooke-40-degree-field-ra-64-remove&quot;)" computerName="DESKTOP-SET3SNR" duration="00:00:00.1993033" startTime="2026-10-07T20:33:24.4272743+08:00" endTime="2026-10-07T20:33:24.6265456+08:00" testType="13cdc9d9-ddb5-4fa4-a97d-d965ccfc6d4b" outcome="Passed" testListId="8c84fa94-04c1-424b-9868-57a2d4851a1d" relativeResultsDirectory="7a808f0a-07f9-4c9d-ac40-1fb5da7b18a5" />
  </Results>
  <TestDefinitions>
    <UnitTest name="OptilandWorkbench.ZemaxComparison.Tests.CapturedRmsFieldSamplingTests.EveryCapturedFileAndOfficialSourceMatchesItsManifest" storage="d:\projects\opticalsystem\tests\optilandworkbench.zemaxcomparison.tests\bin\release\net10.0\optilandworkbench.zemaxcomparison.tests.dll" id="4bdfb04d-4530-9165-5c3c-0fe552d3c465">
      <Execution id="b78f7eb3-bf8f-487e-ae59-d2013f315e1a" />
      <TestMethod codeBase="D:\Projects\opticalsystem\tests\OptilandWorkbench.ZemaxComparison.Tests\bin\Release\net10.0\OptilandWorkbench.ZemaxComparison.Tests.dll" adapterTypeName="executor://xunit/VsTestRunner3/netcore/" className="OptilandWorkbench.ZemaxComparison.Tests.CapturedRmsFieldSamplingTests" name="EveryCapturedFileAndOfficialSourceMatchesItsManifest" />
    </UnitTest>
    <UnitTest name="OptilandWorkbench.ZemaxComparison.Tests.RmsFieldSamplingContractTests.DefaultsKeepTheExistingFrozenRequestIdentity" storage="d:\projects\opticalsystem\tests\optilandworkbench.zemaxcomparison.tests\bin\release\net10.0\optilandworkbench.zemaxcomparison.tests.dll" id="9340a4b1-5995-a146-2b3f-87884b1ff758">
      <Execution id="0f61d680-e078-457e-a2ad-338bbdf6d8e9" />
      <TestMethod codeBase="D:\Projects\opticalsystem\tests\OptilandWorkbench.ZemaxComparison.Tests\bin\Release\net10.0\OptilandWorkbench.ZemaxComparison.Tests.dll" adapterTypeName="executor://xunit/VsTestRunner3/netcore/" className="OptilandWorkbench.ZemaxComparison.Tests.RmsFieldSamplingContractTests" name="DefaultsKeepTheExistingFrozenRequestIdentity" />
    </UnitTest>
    <UnitTest name="OptilandWorkbench.ZemaxComparison.Tests.CapturedRmsFieldSamplingTests.ActualNativeReferencesRetainTheStrictGateAfterTessarIntegralRepair(name: &quot;cooke-40-degree-field-gq-12-remove&quot;)" storage="d:\projects\opticalsystem\tests\optilandworkbench.zemaxcomparison.tests\bin\release\net10.0\optilandworkbench.zemaxcomparison.tests.dll" id="1e091af0-5352-204a-5614-6351a1272f51">
      <Execution id="d04b233e-2e9d-446f-832b-447f240d9114" />
      <TestMethod codeBase="D:\Projects\opticalsystem\tests\OptilandWorkbench.ZemaxComparison.Tests\bin\Release\net10.0\OptilandWorkbench.ZemaxComparison.Tests.dll" adapterTypeName="executor://xunit/VsTestRunner3/netcore/" className="OptilandWorkbench.ZemaxComparison.Tests.CapturedRmsFieldSamplingTests" name="ActualNativeReferencesRetainTheStrictGateAfterTessarIntegralRepair" />
    </UnitTest>
    <UnitTest name="OptilandWorkbench.ZemaxComparison.Tests.CapturedRmsFieldSamplingTests.ActualNativeReferencesRetainTheStrictGateAfterTessarIntegralRepair(name: &quot;double-gauss-28-degree-field-gq-12-remove&quot;)" storage="d:\projects\opticalsystem\tests\optilandworkbench.zemaxcomparison.tests\bin\release\net10.0\optilandworkbench.zemaxcomparison.tests.dll" id="fb1a4307-c6ef-9662-584b-c2d31a1614b3">
      <Execution id="b302a8d6-ecb1-4109-bce8-d4731fcdaa09" />
      <TestMethod codeBase="D:\Projects\opticalsystem\tests\OptilandWorkbench.ZemaxComparison.Tests\bin\Release\net10.0\OptilandWorkbench.ZemaxComparison.Tests.dll" adapterTypeName="executor://xunit/VsTestRunner3/netcore/" className="OptilandWorkbench.ZemaxComparison.Tests.CapturedRmsFieldSamplingTests" name="ActualNativeReferencesRetainTheStrictGateAfterTessarIntegralRepair" />
    </UnitTest>
    <UnitTest name="OptilandWorkbench.ZemaxComparison.Tests.RayAuditContractTests.UnsupportedIntegrationRulesCannotProduceAnAudit(method: &quot;GQ&quot;, density: 21)" storage="d:\projects\opticalsystem\tests\optilandworkbench.zemaxcomparison.tests\bin\release\net10.0\optilandworkbench.zemaxcomparison.tests.dll" id="035cf6f2-e47c-40de-aed2-f875002a6d41">
      <Execution id="0300b607-54cb-4be8-9d53-0e75545b6e4d" />
      <TestMethod codeBase="D:\Projects\opticalsystem\tests\OptilandWorkbench.ZemaxComparison.Tests\bin\Release\net10.0\OptilandWorkbench.ZemaxComparison.Tests.dll" adapterTypeName="executor://xunit/VsTestRunner3/netcore/" className="OptilandWorkbench.ZemaxComparison.Tests.RayAuditContractTests" name="UnsupportedIntegrationRulesCannotProduceAnAudit" />
    </UnitTest>
    <UnitTest name="OptilandWorkbench.ZemaxComparison.Tests.CapturedRmsFieldSamplingTests.ActualNativeReferencesRetainTheStrictGateAfterTessarIntegralRepair(name: &quot;tessar-lens-using-vignetting-factors-ra-64-remove&quot;)" storage="d:\projects\opticalsystem\tests\optilandworkbench.zemaxcomparison.tests\bin\release\net10.0\optilandworkbench.zemaxcomparison.tests.dll" id="fc512944-4574-c8e1-1948-381a841dbc19">
      <Execution id="8c50d5bb-ff41-409e-83aa-f21bd6220fc6" />
      <TestMethod codeBase="D:\Projects\opticalsystem\tests\OptilandWorkbench.ZemaxComparison.Tests\bin\Release\net10.0\OptilandWorkbench.ZemaxComparison.Tests.dll" adapterTypeName="executor://xunit/VsTestRunner3/netcore/" className="OptilandWorkbench.ZemaxComparison.Tests.CapturedRmsFieldSamplingTests" name="ActualNativeReferencesRetainTheStrictGateAfterTessarIntegralRepair" />
    </UnitTest>
    <UnitTest name="OptilandWorkbench.ZemaxComparison.Tests.CapturedRmsFieldSamplingTests.ActualNativeReferencesRetainTheStrictGateAfterTessarIntegralRepair(name: &quot;relay-lens-gq-12-remove&quot;)" storage="d:\projects\opticalsystem\tests\optilandworkbench.zemaxcomparison.tests\bin\release\net10.0\optilandworkbench.zemaxcomparison.tests.dll" id="f23dc0b5-5990-5ec2-88c5-b6c80fd1e3af">
      <Execution id="bfce65db-dee3-42f9-ab14-73ecbc24818d" />
      <TestMethod codeBase="D:\Projects\opticalsystem\tests\OptilandWorkbench.ZemaxComparison.Tests\bin\Release\net10.0\OptilandWorkbench.ZemaxComparison.Tests.dll" adapterTypeName="executor://xunit/VsTestRunner3/netcore/" className="OptilandWorkbench.ZemaxComparison.Tests.CapturedRmsFieldSamplingTests" name="ActualNativeReferencesRetainTheStrictGateAfterTessarIntegralRepair" />
    </UnitTest>
    <UnitTest name="OptilandWorkbench.ZemaxComparison.Tests.RmsFieldSamplingContractTests.UnsupportedOrUnalignedSamplingIsRejected(key: &quot;RMS vs Field&quot;, method: &quot;RA&quot;, density: 48)" storage="d:\projects\opticalsystem\tests\optilandworkbench.zemaxcomparison.tests\bin\release\net10.0\optilandworkbench.zemaxcomparison.tests.dll" id="394e0155-d64f-3a88-c4ab-1416d5fa565b">
      <Execution id="47b31ca1-be74-4777-9eea-58e096e06bb1" />
      <TestMethod codeBase="D:\Projects\opticalsystem\tests\OptilandWorkbench.ZemaxComparison.Tests\bin\Release\net10.0\OptilandWorkbench.ZemaxComparison.Tests.dll" adapterTypeName="executor://xunit/VsTestRunner3/netcore/" className="OptilandWorkbench.ZemaxComparison.Tests.RmsFieldSamplingContractTests" name="UnsupportedOrUnalignedSamplingIsRejected" />
    </UnitTest>
    <UnitTest name="OptilandWorkbench.ZemaxComparison.Tests.RayAuditContractTests.SourceHashMismatchDoesNotCreateAnEvidenceDirectory" storage="d:\projects\opticalsystem\tests\optilandworkbench.zemaxcomparison.tests\bin\release\net10.0\optilandworkbench.zemaxcomparison.tests.dll" id="5df07f76-1760-9ebe-75e7-fe4e3e4cc31c">
      <Execution id="0e5325be-edf7-4782-a091-0d74dfc4f46d" />
      <TestMethod codeBase="D:\Projects\opticalsystem\tests\OptilandWorkbench.ZemaxComparison.Tests\bin\Release\net10.0\OptilandWorkbench.ZemaxComparison.Tests.dll" adapterTypeName="executor://xunit/VsTestRunner3/netcore/" className="OptilandWorkbench.ZemaxComparison.Tests.RayAuditContractTests" name="SourceHashMismatchDoesNotCreateAnEvidenceDirectory" />
    </UnitTest>
    <UnitTest name="OptilandWorkbench.ZemaxComparison.Tests.RayAuditContractTests.UnsupportedIntegrationRulesCannotProduceAnAudit(method: &quot;RA&quot;, density: 1024)" storage="d:\projects\opticalsystem\tests\optilandworkbench.zemaxcomparison.tests\bin\release\net10.0\optilandworkbench.zemaxcomparison.tests.dll" id="e6b5a033-3abc-15be-8307-006cb5d11287">
      <Execution id="9a2b9bda-dfb5-4477-b421-c7ab2a4330f0" />
      <TestMethod codeBase="D:\Projects\opticalsystem\tests\OptilandWorkbench.ZemaxComparison.Tests\bin\Release\net10.0\OptilandWorkbench.ZemaxComparison.Tests.dll" adapterTypeName="executor://xunit/VsTestRunner3/netcore/" className="OptilandWorkbench.ZemaxComparison.Tests.RayAuditContractTests" name="UnsupportedIntegrationRulesCannotProduceAnAudit" />
    </UnitTest>
    <UnitTest name="OptilandWorkbench.ZemaxComparison.Tests.RayAuditContractTests.UnknownJobMembersCannotSilentlyChangeAControl" storage="d:\projects\opticalsystem\tests\optilandworkbench.zemaxcomparison.tests\bin\release\net10.0\optilandworkbench.zemaxcomparison.tests.dll" id="9800ce93-be58-54c1-e46c-0cf1a43782e6">
      <Execution id="675077dc-0ec6-422a-bd44-d2677a39f971" />
      <TestMethod codeBase="D:\Projects\opticalsystem\tests\OptilandWorkbench.ZemaxComparison.Tests\bin\Release\net10.0\OptilandWorkbench.ZemaxComparison.Tests.dll" adapterTypeName="executor://xunit/VsTestRunner3/netcore/" className="OptilandWorkbench.ZemaxComparison.Tests.RayAuditContractTests" name="UnknownJobMembersCannotSilentlyChangeAControl" />
    </UnitTest>
    <UnitTest name="OptilandWorkbench.ZemaxComparison.Tests.RmsFieldSamplingContractTests.UnsupportedOrUnalignedSamplingIsRejected(key: &quot;RMS vs Wavelength&quot;, method: &quot;RA&quot;, density: 64)" storage="d:\projects\opticalsystem\tests\optilandworkbench.zemaxcomparison.tests\bin\release\net10.0\optilandworkbench.zemaxcomparison.tests.dll" id="f962ab96-e2cb-b8e8-daff-327baf10c671">
      <Execution id="94639ddb-8e5d-493a-bf52-70113e7bb606" />
      <TestMethod codeBase="D:\Projects\opticalsystem\tests\OptilandWorkbench.ZemaxComparison.Tests\bin\Release\net10.0\OptilandWorkbench.ZemaxComparison.Tests.dll" adapterTypeName="executor://xunit/VsTestRunner3/netcore/" className="OptilandWorkbench.ZemaxComparison.Tests.RmsFieldSamplingContractTests" name="UnsupportedOrUnalignedSamplingIsRejected" />
    </UnitTest>
    <UnitTest name="OptilandWorkbench.ZemaxComparison.Tests.RmsFieldSamplingContractTests.SamplingAndVignettingStayAlignedAcrossTheSerializedRequest(method: &quot;GQ&quot;, density: 6, remove: True)" storage="d:\projects\opticalsystem\tests\optilandworkbench.zemaxcomparison.tests\bin\release\net10.0\optilandworkbench.zemaxcomparison.tests.dll" id="ba8fd1de-d1a9-20dd-3c07-ff06c100fe63">
      <Execution id="7110e215-9e59-4346-b6f0-a62587bbadb3" />
      <TestMethod codeBase="D:\Projects\opticalsystem\tests\OptilandWorkbench.ZemaxComparison.Tests\bin\Release\net10.0\OptilandWorkbench.ZemaxComparison.Tests.dll" adapterTypeName="executor://xunit/VsTestRunner3/netcore/" className="OptilandWorkbench.ZemaxComparison.Tests.RmsFieldSamplingContractTests" name="SamplingAndVignettingStayAlignedAcrossTheSerializedRequest" />
    </UnitTest>
    <UnitTest name="OptilandWorkbench.ZemaxComparison.Tests.CapturedRmsFieldSamplingTests.ActualNativeReferencesRetainTheStrictGateAfterTessarIntegralRepair(name: &quot;even-asphere-ra-128-remove&quot;)" storage="d:\projects\opticalsystem\tests\optilandworkbench.zemaxcomparison.tests\bin\release\net10.0\optilandworkbench.zemaxcomparison.tests.dll" id="2230b6c0-dec6-63c7-472f-ff09fb53c5d2">
      <Execution id="5704aa9a-9df8-43b5-83c6-5e6f326c3e4a" />
      <TestMethod codeBase="D:\Projects\opticalsystem\tests\OptilandWorkbench.ZemaxComparison.Tests\bin\Release\net10.0\OptilandWorkbench.ZemaxComparison.Tests.dll" adapterTypeName="executor://xunit/VsTestRunner3/netcore/" className="OptilandWorkbench.ZemaxComparison.Tests.CapturedRmsFieldSamplingTests" name="ActualNativeReferencesRetainTheStrictGateAfterTessarIntegralRepair" />
    </UnitTest>
    <UnitTest name="OptilandWorkbench.ZemaxComparison.Tests.RayAuditContractTests.UnsupportedIntegrationRulesCannotProduceAnAudit(method: &quot;RA&quot;, density: 16)" storage="d:\projects\opticalsystem\tests\optilandworkbench.zemaxcomparison.tests\bin\release\net10.0\optilandworkbench.zemaxcomparison.tests.dll" id="09924fe4-74f0-9624-d0ab-5be17dcc7087">
      <Execution id="61bc11f8-f68d-4479-a111-6a1847d0e988" />
      <TestMethod codeBase="D:\Projects\opticalsystem\tests\OptilandWorkbench.ZemaxComparison.Tests\bin\Release\net10.0\OptilandWorkbench.ZemaxComparison.Tests.dll" adapterTypeName="executor://xunit/VsTestRunner3/netcore/" className="OptilandWorkbench.ZemaxComparison.Tests.RayAuditContractTests" name="UnsupportedIntegrationRulesCannotProduceAnAudit" />
    </UnitTest>
    <UnitTest name="OptilandWorkbench.ZemaxComparison.Tests.RmsFieldSamplingContractTests.UnsupportedOrUnalignedSamplingIsRejected(key: &quot;RMS vs Field&quot;, method: &quot;GQ&quot;, density: 21)" storage="d:\projects\opticalsystem\tests\optilandworkbench.zemaxcomparison.tests\bin\release\net10.0\optilandworkbench.zemaxcomparison.tests.dll" id="0ff840aa-9d58-491e-0ea3-fa229187d28f">
      <Execution id="f7bbb0b1-1ce4-4f7d-ba27-4d47086aa67f" />
      <TestMethod codeBase="D:\Projects\opticalsystem\tests\OptilandWorkbench.ZemaxComparison.Tests\bin\Release\net10.0\OptilandWorkbench.ZemaxComparison.Tests.dll" adapterTypeName="executor://xunit/VsTestRunner3/netcore/" className="OptilandWorkbench.ZemaxComparison.Tests.RmsFieldSamplingContractTests" name="UnsupportedOrUnalignedSamplingIsRejected" />
    </UnitTest>
    <UnitTest name="OptilandWorkbench.ZemaxComparison.Tests.RayAuditContractTests.InvalidFieldScopeAndSourceIdentityAreRejected" storage="d:\projects\opticalsystem\tests\optilandworkbench.zemaxcomparison.tests\bin\release\net10.0\optilandworkbench.zemaxcomparison.tests.dll" id="add76838-1881-ff5b-4b55-4095c6c3420e">
      <Execution id="6c94fe86-e9fc-4137-a54a-5873cd003f14" />
      <TestMethod codeBase="D:\Projects\opticalsystem\tests\OptilandWorkbench.ZemaxComparison.Tests\bin\Release\net10.0\OptilandWorkbench.ZemaxComparison.Tests.dll" adapterTypeName="executor://xunit/VsTestRunner3/netcore/" className="OptilandWorkbench.ZemaxComparison.Tests.RayAuditContractTests" name="InvalidFieldScopeAndSourceIdentityAreRejected" />
    </UnitTest>
    <UnitTest name="OptilandWorkbench.ZemaxComparison.Tests.RmsFieldSamplingContractTests.UnsupportedOrUnalignedSamplingIsRejected(key: &quot;RMS vs Field&quot;, method: &quot;Unknown&quot;, density: 6)" storage="d:\projects\opticalsystem\tests\optilandworkbench.zemaxcomparison.tests\bin\release\net10.0\optilandworkbench.zemaxcomparison.tests.dll" id="543cb824-c446-c0f7-fcaf-ca815d1b7c0d">
      <Execution id="43bdd547-f4a9-40e3-a3b1-60be5c53af6d" />
      <TestMethod codeBase="D:\Projects\opticalsystem\tests\OptilandWorkbench.ZemaxComparison.Tests\bin\Release\net10.0\OptilandWorkbench.ZemaxComparison.Tests.dll" adapterTypeName="executor://xunit/VsTestRunner3/netcore/" className="OptilandWorkbench.ZemaxComparison.Tests.RmsFieldSamplingContractTests" name="UnsupportedOrUnalignedSamplingIsRejected" />
    </UnitTest>
    <UnitTest name="OptilandWorkbench.ZemaxComparison.Tests.RayAuditContractTests.UnsupportedIntegrationRulesCannotProduceAnAudit(method: &quot;GQ&quot;, density: 0)" storage="d:\projects\opticalsystem\tests\optilandworkbench.zemaxcomparison.tests\bin\release\net10.0\optilandworkbench.zemaxcomparison.tests.dll" id="a5e80a4f-b38d-4ba2-c378-26fef6404f9d">
      <Execution id="70076dba-880a-41d7-9364-0bc7a1b0f515" />
      <TestMethod codeBase="D:\Projects\opticalsystem\tests\OptilandWorkbench.ZemaxComparison.Tests\bin\Release\net10.0\OptilandWorkbench.ZemaxComparison.Tests.dll" adapterTypeName="executor://xunit/VsTestRunner3/netcore/" className="OptilandWorkbench.ZemaxComparison.Tests.RayAuditContractTests" name="UnsupportedIntegrationRulesCannotProduceAnAudit" />
    </UnitTest>
    <UnitTest name="OptilandWorkbench.ZemaxComparison.Tests.RmsFieldSamplingContractTests.SamplingAndVignettingStayAlignedAcrossTheSerializedRequest(method: &quot;GQ&quot;, density: 12, remove: False)" storage="d:\projects\opticalsystem\tests\optilandworkbench.zemaxcomparison.tests\bin\release\net10.0\optilandworkbench.zemaxcomparison.tests.dll" id="98ec20b2-e8cc-79c1-176b-a15e64dd3598">
      <Execution id="d380ba8f-093c-4117-be4b-8f7e74f48cee" />
      <TestMethod codeBase="D:\Projects\opticalsystem\tests\OptilandWorkbench.ZemaxComparison.Tests\bin\Release\net10.0\OptilandWorkbench.ZemaxComparison.Tests.dll" adapterTypeName="executor://xunit/VsTestRunner3/netcore/" className="OptilandWorkbench.ZemaxComparison.Tests.RmsFieldSamplingContractTests" name="SamplingAndVignettingStayAlignedAcrossTheSerializedRequest" />
    </UnitTest>
    <UnitTest name="OptilandWorkbench.ZemaxComparison.Tests.CapturedRmsFieldSamplingTests.ActualNativeReferencesRetainTheStrictGateAfterTessarIntegralRepair(name: &quot;double-gauss-28-degree-field-ra-128-remove&quot;)" storage="d:\projects\opticalsystem\tests\optilandworkbench.zemaxcomparison.tests\bin\release\net10.0\optilandworkbench.zemaxcomparison.tests.dll" id="32f7ed26-ec27-b866-a47e-6b0fd8422063">
      <Execution id="b94eec40-9f51-43ae-9553-9c6feca3345a" />
      <TestMethod codeBase="D:\Projects\opticalsystem\tests\OptilandWorkbench.ZemaxComparison.Tests\bin\Release\net10.0\OptilandWorkbench.ZemaxComparison.Tests.dll" adapterTypeName="executor://xunit/VsTestRunner3/netcore/" className="OptilandWorkbench.ZemaxComparison.Tests.CapturedRmsFieldSamplingTests" name="ActualNativeReferencesRetainTheStrictGateAfterTessarIntegralRepair" />
    </UnitTest>
    <UnitTest name="OptilandWorkbench.ZemaxComparison.Tests.RayAuditContractTests.UnsupportedIntegrationRulesCannotProduceAnAudit(method: &quot;unknown&quot;, density: 6)" storage="d:\projects\opticalsystem\tests\optilandworkbench.zemaxcomparison.tests\bin\release\net10.0\optilandworkbench.zemaxcomparison.tests.dll" id="5830e425-2207-17b6-b024-520a2e0c52ed">
      <Execution id="1617bfdb-4ca7-43b0-8358-7978f94a23e4" />
      <TestMethod codeBase="D:\Projects\opticalsystem\tests\OptilandWorkbench.ZemaxComparison.Tests\bin\Release\net10.0\OptilandWorkbench.ZemaxComparison.Tests.dll" adapterTypeName="executor://xunit/VsTestRunner3/netcore/" className="OptilandWorkbench.ZemaxComparison.Tests.RayAuditContractTests" name="UnsupportedIntegrationRulesCannotProduceAnAudit" />
    </UnitTest>
    <UnitTest name="OptilandWorkbench.ZemaxComparison.Tests.CapturedRmsFieldSamplingTests.ActualNativeReferencesRetainTheStrictGateAfterTessarIntegralRepair(name: &quot;cooke-40-degree-field-ra-64-remove&quot;)" storage="d:\projects\opticalsystem\tests\optilandworkbench.zemaxcomparison.tests\bin\release\net10.0\optilandworkbench.zemaxcomparison.tests.dll" id="a0695996-f8d2-99f3-f978-b6c409536476">
      <Execution id="7a808f0a-07f9-4c9d-ac40-1fb5da7b18a5" />
      <TestMethod codeBase="D:\Projects\opticalsystem\tests\OptilandWorkbench.ZemaxComparison.Tests\bin\Release\net10.0\OptilandWorkbench.ZemaxComparison.Tests.dll" adapterTypeName="executor://xunit/VsTestRunner3/netcore/" className="OptilandWorkbench.ZemaxComparison.Tests.CapturedRmsFieldSamplingTests" name="ActualNativeReferencesRetainTheStrictGateAfterTessarIntegralRepair" />
    </UnitTest>
    <UnitTest name="OptilandWorkbench.ZemaxComparison.Tests.CapturedRmsFieldSamplingTests.ActualNativeReferencesRetainTheStrictGateAfterTessarIntegralRepair(name: &quot;relay-lens-ra-128-remove&quot;)" storage="d:\projects\opticalsystem\tests\optilandworkbench.zemaxcomparison.tests\bin\release\net10.0\optilandworkbench.zemaxcomparison.tests.dll" id="32c05def-b60c-02ab-32e4-ee7effb0541f">
      <Execution id="d4f5069f-528c-49bb-9b6c-9f641d42e33a" />
      <TestMethod codeBase="D:\Projects\opticalsystem\tests\OptilandWorkbench.ZemaxComparison.Tests\bin\Release\net10.0\OptilandWorkbench.ZemaxComparison.Tests.dll" adapterTypeName="executor://xunit/VsTestRunner3/netcore/" className="OptilandWorkbench.ZemaxComparison.Tests.CapturedRmsFieldSamplingTests" name="ActualNativeReferencesRetainTheStrictGateAfterTessarIntegralRepair" />
    </UnitTest>
    <UnitTest name="OptilandWorkbench.ZemaxComparison.Tests.RmsFieldSamplingContractTests.UnsupportedOrUnalignedSamplingIsRejected(key: &quot;RMS vs Field&quot;, method: &quot;GQ&quot;, density: 0)" storage="d:\projects\opticalsystem\tests\optilandworkbench.zemaxcomparison.tests\bin\release\net10.0\optilandworkbench.zemaxcomparison.tests.dll" id="c2e7fb42-a6c9-d035-9de5-efea1523b595">
      <Execution id="163c3258-611f-475b-962a-c940823149a2" />
      <TestMethod codeBase="D:\Projects\opticalsystem\tests\OptilandWorkbench.ZemaxComparison.Tests\bin\Release\net10.0\OptilandWorkbench.ZemaxComparison.Tests.dll" adapterTypeName="executor://xunit/VsTestRunner3/netcore/" className="OptilandWorkbench.ZemaxComparison.Tests.RmsFieldSamplingContractTests" name="UnsupportedOrUnalignedSamplingIsRejected" />
    </UnitTest>
    <UnitTest name="OptilandWorkbench.ZemaxComparison.Tests.RmsFieldSamplingContractTests.UnsupportedOrUnalignedSamplingIsRejected(key: &quot;RMS vs Field&quot;, method: &quot;RA&quot;, density: 1024)" storage="d:\projects\opticalsystem\tests\optilandworkbench.zemaxcomparison.tests\bin\release\net10.0\optilandworkbench.zemaxcomparison.tests.dll" id="ec349286-b002-e357-9bed-fda2c144226e">
      <Execution id="9cc271a0-3ead-4bfd-9727-b7caa97e7a85" />
      <TestMethod codeBase="D:\Projects\opticalsystem\tests\OptilandWorkbench.ZemaxComparison.Tests\bin\Release\net10.0\OptilandWorkbench.ZemaxComparison.Tests.dll" adapterTypeName="executor://xunit/VsTestRunner3/netcore/" className="OptilandWorkbench.ZemaxComparison.Tests.RmsFieldSamplingContractTests" name="UnsupportedOrUnalignedSamplingIsRejected" />
    </UnitTest>
    <UnitTest name="OptilandWorkbench.ZemaxComparison.Tests.CapturedRmsFieldSamplingTests.ActualNativeReferencesRetainTheStrictGateAfterTessarIntegralRepair(name: &quot;tessar-lens-using-vignetting-factors-ra-128-retain&quot;)" storage="d:\projects\opticalsystem\tests\optilandworkbench.zemaxcomparison.tests\bin\release\net10.0\optilandworkbench.zemaxcomparison.tests.dll" id="0bfb1381-d29b-ccdf-75c6-c960f8a82643">
      <Execution id="4d5bc097-3797-4267-9e48-474af41eb74d" />
      <TestMethod codeBase="D:\Projects\opticalsystem\tests\OptilandWorkbench.ZemaxComparison.Tests\bin\Release\net10.0\OptilandWorkbench.ZemaxComparison.Tests.dll" adapterTypeName="executor://xunit/VsTestRunner3/netcore/" className="OptilandWorkbench.ZemaxComparison.Tests.CapturedRmsFieldSamplingTests" name="ActualNativeReferencesRetainTheStrictGateAfterTessarIntegralRepair" />
    </UnitTest>
    <UnitTest name="OptilandWorkbench.ZemaxComparison.Tests.CapturedRmsFieldSamplingTests.ActualNativeReferencesRetainTheStrictGateAfterTessarIntegralRepair(name: &quot;tessar-lens-using-vignetting-factors-gq-12-remove&quot;)" storage="d:\projects\opticalsystem\tests\optilandworkbench.zemaxcomparison.tests\bin\release\net10.0\optilandworkbench.zemaxcomparison.tests.dll" id="dc6d37bc-3229-e493-8e3f-52c75d9640ab">
      <Execution id="fb3f8082-02aa-4518-aa28-613061a23379" />
      <TestMethod codeBase="D:\Projects\opticalsystem\tests\OptilandWorkbench.ZemaxComparison.Tests\bin\Release\net10.0\OptilandWorkbench.ZemaxComparison.Tests.dll" adapterTypeName="executor://xunit/VsTestRunner3/netcore/" className="OptilandWorkbench.ZemaxComparison.Tests.CapturedRmsFieldSamplingTests" name="ActualNativeReferencesRetainTheStrictGateAfterTessarIntegralRepair" />
    </UnitTest>
    <UnitTest name="OptilandWorkbench.ZemaxComparison.Tests.CapturedRmsFieldSamplingTests.ActualNativeReferencesRetainTheStrictGateAfterTessarIntegralRepair(name: &quot;cooke-40-degree-field-ra-128-remove&quot;)" storage="d:\projects\opticalsystem\tests\optilandworkbench.zemaxcomparison.tests\bin\release\net10.0\optilandworkbench.zemaxcomparison.tests.dll" id="33c82f2a-6a1a-2d75-d24d-10ce9833c571">
      <Execution id="2c491722-2e55-4bfb-9c4d-05e31a6afc0e" />
      <TestMethod codeBase="D:\Projects\opticalsystem\tests\OptilandWorkbench.ZemaxComparison.Tests\bin\Release\net10.0\OptilandWorkbench.ZemaxComparison.Tests.dll" adapterTypeName="executor://xunit/VsTestRunner3/netcore/" className="OptilandWorkbench.ZemaxComparison.Tests.CapturedRmsFieldSamplingTests" name="ActualNativeReferencesRetainTheStrictGateAfterTessarIntegralRepair" />
    </UnitTest>
    <UnitTest name="OptilandWorkbench.ZemaxComparison.Tests.CapturedRmsFieldSamplingTests.ActualNativeReferencesRetainTheStrictGateAfterTessarIntegralRepair(name: &quot;even-asphere-ra-64-remove&quot;)" storage="d:\projects\opticalsystem\tests\optilandworkbench.zemaxcomparison.tests\bin\release\net10.0\optilandworkbench.zemaxcomparison.tests.dll" id="a1935a43-82ca-ae69-712b-e0b7abadc230">
      <Execution id="43f67b19-3ba2-4a2b-9b5e-d63e1db90b36" />
      <TestMethod codeBase="D:\Projects\opticalsystem\tests\OptilandWorkbench.ZemaxComparison.Tests\bin\Release\net10.0\OptilandWorkbench.ZemaxComparison.Tests.dll" adapterTypeName="executor://xunit/VsTestRunner3/netcore/" className="OptilandWorkbench.ZemaxComparison.Tests.CapturedRmsFieldSamplingTests" name="ActualNativeReferencesRetainTheStrictGateAfterTessarIntegralRepair" />
    </UnitTest>
    <UnitTest name="OptilandWorkbench.ZemaxComparison.Tests.CapturedRmsFieldSamplingTests.ActualNativeReferencesRetainTheStrictGateAfterTessarIntegralRepair(name: &quot;even-asphere-gq-12-remove&quot;)" storage="d:\projects\opticalsystem\tests\optilandworkbench.zemaxcomparison.tests\bin\release\net10.0\optilandworkbench.zemaxcomparison.tests.dll" id="db4ff558-d7a8-3beb-8239-ad66fdf5dc70">
      <Execution id="a4bb80a2-ee09-4033-8fd5-3a52bc6c839e" />
      <TestMethod codeBase="D:\Projects\opticalsystem\tests\OptilandWorkbench.ZemaxComparison.Tests\bin\Release\net10.0\OptilandWorkbench.ZemaxComparison.Tests.dll" adapterTypeName="executor://xunit/VsTestRunner3/netcore/" className="OptilandWorkbench.ZemaxComparison.Tests.CapturedRmsFieldSamplingTests" name="ActualNativeReferencesRetainTheStrictGateAfterTessarIntegralRepair" />
    </UnitTest>
    <UnitTest name="OptilandWorkbench.ZemaxComparison.Tests.RmsFieldSamplingContractTests.SamplingAndVignettingStayAlignedAcrossTheSerializedRequest(method: &quot;RA&quot;, density: 64, remove: True)" storage="d:\projects\opticalsystem\tests\optilandworkbench.zemaxcomparison.tests\bin\release\net10.0\optilandworkbench.zemaxcomparison.tests.dll" id="0e6c859c-ba90-dcc0-5ff7-80216fa680d9">
      <Execution id="7fb60e9a-d90b-4895-babc-59caca36b2d1" />
      <TestMethod codeBase="D:\Projects\opticalsystem\tests\OptilandWorkbench.ZemaxComparison.Tests\bin\Release\net10.0\OptilandWorkbench.ZemaxComparison.Tests.dll" adapterTypeName="executor://xunit/VsTestRunner3/netcore/" className="OptilandWorkbench.ZemaxComparison.Tests.RmsFieldSamplingContractTests" name="SamplingAndVignettingStayAlignedAcrossTheSerializedRequest" />
    </UnitTest>
    <UnitTest name="OptilandWorkbench.ZemaxComparison.Tests.CapturedRmsFieldSamplingTests.ActualNativeReferencesRetainTheStrictGateAfterTessarIntegralRepair(name: &quot;relay-lens-ra-64-remove&quot;)" storage="d:\projects\opticalsystem\tests\optilandworkbench.zemaxcomparison.tests\bin\release\net10.0\optilandworkbench.zemaxcomparison.tests.dll" id="00904d0e-fa5a-d811-5e48-17dfb28c2376">
      <Execution id="a1b29cb0-b7a7-41a9-8c5d-1dc3f3be6335" />
      <TestMethod codeBase="D:\Projects\opticalsystem\tests\OptilandWorkbench.ZemaxComparison.Tests\bin\Release\net10.0\OptilandWorkbench.ZemaxComparison.Tests.dll" adapterTypeName="executor://xunit/VsTestRunner3/netcore/" className="OptilandWorkbench.ZemaxComparison.Tests.CapturedRmsFieldSamplingTests" name="ActualNativeReferencesRetainTheStrictGateAfterTessarIntegralRepair" />
    </UnitTest>
    <UnitTest name="OptilandWorkbench.ZemaxComparison.Tests.CapturedRmsFieldSamplingTests.ActualNativeReferencesRetainTheStrictGateAfterTessarIntegralRepair(name: &quot;tessar-lens-using-vignetting-factors-ra-128-remove&quot;)" storage="d:\projects\opticalsystem\tests\optilandworkbench.zemaxcomparison.tests\bin\release\net10.0\optilandworkbench.zemaxcomparison.tests.dll" id="d8296197-9667-0a43-b28b-8ebea2d3c3ec">
      <Execution id="7c3c7b13-d926-4219-89ec-293f4160fdaf" />
      <TestMethod codeBase="D:\Projects\opticalsystem\tests\OptilandWorkbench.ZemaxComparison.Tests\bin\Release\net10.0\OptilandWorkbench.ZemaxComparison.Tests.dll" adapterTypeName="executor://xunit/VsTestRunner3/netcore/" className="OptilandWorkbench.ZemaxComparison.Tests.CapturedRmsFieldSamplingTests" name="ActualNativeReferencesRetainTheStrictGateAfterTessarIntegralRepair" />
    </UnitTest>
    <UnitTest name="OptilandWorkbench.ZemaxComparison.Tests.RmsFieldSamplingContractTests.UnsupportedOrUnalignedSamplingIsRejected(key: &quot;Ray Fan&quot;, method: &quot;RA&quot;, density: 64)" storage="d:\projects\opticalsystem\tests\optilandworkbench.zemaxcomparison.tests\bin\release\net10.0\optilandworkbench.zemaxcomparison.tests.dll" id="a4843031-ea5d-bfbb-98ac-d588b36a5719">
      <Execution id="a56d3a1c-c176-4c12-9cc3-32f2568ebe8a" />
      <TestMethod codeBase="D:\Projects\opticalsystem\tests\OptilandWorkbench.ZemaxComparison.Tests\bin\Release\net10.0\OptilandWorkbench.ZemaxComparison.Tests.dll" adapterTypeName="executor://xunit/VsTestRunner3/netcore/" className="OptilandWorkbench.ZemaxComparison.Tests.RmsFieldSamplingContractTests" name="UnsupportedOrUnalignedSamplingIsRejected" />
    </UnitTest>
    <UnitTest name="OptilandWorkbench.ZemaxComparison.Tests.RmsFieldSamplingContractTests.SamplingAndVignettingStayAlignedAcrossTheSerializedRequest(method: &quot;RA&quot;, density: 128, remove: False)" storage="d:\projects\opticalsystem\tests\optilandworkbench.zemaxcomparison.tests\bin\release\net10.0\optilandworkbench.zemaxcomparison.tests.dll" id="cddfc350-a327-3157-f4d7-827b69bb9f8d">
      <Execution id="5d526142-afb5-470d-964e-219904141e7d" />
      <TestMethod codeBase="D:\Projects\opticalsystem\tests\OptilandWorkbench.ZemaxComparison.Tests\bin\Release\net10.0\OptilandWorkbench.ZemaxComparison.Tests.dll" adapterTypeName="executor://xunit/VsTestRunner3/netcore/" className="OptilandWorkbench.ZemaxComparison.Tests.RmsFieldSamplingContractTests" name="SamplingAndVignettingStayAlignedAcrossTheSerializedRequest" />
    </UnitTest>
    <UnitTest name="OptilandWorkbench.ZemaxComparison.Tests.CapturedRmsFieldSamplingTests.ActualNativeReferencesRetainTheStrictGateAfterTessarIntegralRepair(name: &quot;double-gauss-28-degree-field-ra-64-remove&quot;)" storage="d:\projects\opticalsystem\tests\optilandworkbench.zemaxcomparison.tests\bin\release\net10.0\optilandworkbench.zemaxcomparison.tests.dll" id="e1448733-1a2a-8543-49cc-79231c7786df">
      <Execution id="4399de9f-01cf-48b7-a871-3dfebc68a9ec" />
      <TestMethod codeBase="D:\Projects\opticalsystem\tests\OptilandWorkbench.ZemaxComparison.Tests\bin\Release\net10.0\OptilandWorkbench.ZemaxComparison.Tests.dll" adapterTypeName="executor://xunit/VsTestRunner3/netcore/" className="OptilandWorkbench.ZemaxComparison.Tests.CapturedRmsFieldSamplingTests" name="ActualNativeReferencesRetainTheStrictGateAfterTessarIntegralRepair" />
    </UnitTest>
    <UnitTest name="OptilandWorkbench.ZemaxComparison.Tests.CapturedRmsFieldSamplingTests.ActualNativeReferencesRetainTheStrictGateAfterTessarIntegralRepair(name: &quot;tessar-lens-using-vignetting-factors-gq-6-retain&quot;)" storage="d:\projects\opticalsystem\tests\optilandworkbench.zemaxcomparison.tests\bin\release\net10.0\optilandworkbench.zemaxcomparison.tests.dll" id="9eee57b6-8e55-0748-5651-9c44916a9208">
      <Execution id="92bab6fc-38be-4330-84ff-16ab3492515d" />
      <TestMethod codeBase="D:\Projects\opticalsystem\tests\OptilandWorkbench.ZemaxComparison.Tests\bin\Release\net10.0\OptilandWorkbench.ZemaxComparison.Tests.dll" adapterTypeName="executor://xunit/VsTestRunner3/netcore/" className="OptilandWorkbench.ZemaxComparison.Tests.CapturedRmsFieldSamplingTests" name="ActualNativeReferencesRetainTheStrictGateAfterTessarIntegralRepair" />
    </UnitTest>
  </TestDefinitions>
  <TestEntries>
    <TestEntry testId="33c82f2a-6a1a-2d75-d24d-10ce9833c571" executionId="2c491722-2e55-4bfb-9c4d-05e31a6afc0e" testListId="8c84fa94-04c1-424b-9868-57a2d4851a1d" />
    <TestEntry testId="ec349286-b002-e357-9bed-fda2c144226e" executionId="9cc271a0-3ead-4bfd-9727-b7caa97e7a85" testListId="8c84fa94-04c1-424b-9868-57a2d4851a1d" />
    <TestEntry testId="f23dc0b5-5990-5ec2-88c5-b6c80fd1e3af" executionId="bfce65db-dee3-42f9-ab14-73ecbc24818d" testListId="8c84fa94-04c1-424b-9868-57a2d4851a1d" />
    <TestEntry testId="e6b5a033-3abc-15be-8307-006cb5d11287" executionId="9a2b9bda-dfb5-4477-b421-c7ab2a4330f0" testListId="8c84fa94-04c1-424b-9868-57a2d4851a1d" />
    <TestEntry testId="5830e425-2207-17b6-b024-520a2e0c52ed" executionId="1617bfdb-4ca7-43b0-8358-7978f94a23e4" testListId="8c84fa94-04c1-424b-9868-57a2d4851a1d" />
    <TestEntry testId="394e0155-d64f-3a88-c4ab-1416d5fa565b" executionId="47b31ca1-be74-4777-9eea-58e096e06bb1" testListId="8c84fa94-04c1-424b-9868-57a2d4851a1d" />
    <TestEntry testId="a5e80a4f-b38d-4ba2-c378-26fef6404f9d" executionId="70076dba-880a-41d7-9364-0bc7a1b0f515" testListId="8c84fa94-04c1-424b-9868-57a2d4851a1d" />
    <TestEntry testId="c2e7fb42-a6c9-d035-9de5-efea1523b595" executionId="163c3258-611f-475b-962a-c940823149a2" testListId="8c84fa94-04c1-424b-9868-57a2d4851a1d" />
    <TestEntry testId="2230b6c0-dec6-63c7-472f-ff09fb53c5d2" executionId="5704aa9a-9df8-43b5-83c6-5e6f326c3e4a" testListId="8c84fa94-04c1-424b-9868-57a2d4851a1d" />
    <TestEntry testId="d8296197-9667-0a43-b28b-8ebea2d3c3ec" executionId="7c3c7b13-d926-4219-89ec-293f4160fdaf" testListId="8c84fa94-04c1-424b-9868-57a2d4851a1d" />
    <TestEntry testId="1e091af0-5352-204a-5614-6351a1272f51" executionId="d04b233e-2e9d-446f-832b-447f240d9114" testListId="8c84fa94-04c1-424b-9868-57a2d4851a1d" />
    <TestEntry testId="db4ff558-d7a8-3beb-8239-ad66fdf5dc70" executionId="a4bb80a2-ee09-4033-8fd5-3a52bc6c839e" testListId="8c84fa94-04c1-424b-9868-57a2d4851a1d" />
    <TestEntry testId="32f7ed26-ec27-b866-a47e-6b0fd8422063" executionId="b94eec40-9f51-43ae-9553-9c6feca3345a" testListId="8c84fa94-04c1-424b-9868-57a2d4851a1d" />
    <TestEntry testId="9eee57b6-8e55-0748-5651-9c44916a9208" executionId="92bab6fc-38be-4330-84ff-16ab3492515d" testListId="8c84fa94-04c1-424b-9868-57a2d4851a1d" />
    <TestEntry testId="a4843031-ea5d-bfbb-98ac-d588b36a5719" executionId="a56d3a1c-c176-4c12-9cc3-32f2568ebe8a" testListId="8c84fa94-04c1-424b-9868-57a2d4851a1d" />
    <TestEntry testId="98ec20b2-e8cc-79c1-176b-a15e64dd3598" executionId="d380ba8f-093c-4117-be4b-8f7e74f48cee" testListId="8c84fa94-04c1-424b-9868-57a2d4851a1d" />
    <TestEntry testId="0e6c859c-ba90-dcc0-5ff7-80216fa680d9" executionId="7fb60e9a-d90b-4895-babc-59caca36b2d1" testListId="8c84fa94-04c1-424b-9868-57a2d4851a1d" />
    <TestEntry testId="09924fe4-74f0-9624-d0ab-5be17dcc7087" executionId="61bc11f8-f68d-4479-a111-6a1847d0e988" testListId="8c84fa94-04c1-424b-9868-57a2d4851a1d" />
    <TestEntry testId="543cb824-c446-c0f7-fcaf-ca815d1b7c0d" executionId="43bdd547-f4a9-40e3-a3b1-60be5c53af6d" testListId="8c84fa94-04c1-424b-9868-57a2d4851a1d" />
    <TestEntry testId="cddfc350-a327-3157-f4d7-827b69bb9f8d" executionId="5d526142-afb5-470d-964e-219904141e7d" testListId="8c84fa94-04c1-424b-9868-57a2d4851a1d" />
    <TestEntry testId="dc6d37bc-3229-e493-8e3f-52c75d9640ab" executionId="fb3f8082-02aa-4518-aa28-613061a23379" testListId="8c84fa94-04c1-424b-9868-57a2d4851a1d" />
    <TestEntry testId="e1448733-1a2a-8543-49cc-79231c7786df" executionId="4399de9f-01cf-48b7-a871-3dfebc68a9ec" testListId="8c84fa94-04c1-424b-9868-57a2d4851a1d" />
    <TestEntry testId="f962ab96-e2cb-b8e8-daff-327baf10c671" executionId="94639ddb-8e5d-493a-bf52-70113e7bb606" testListId="8c84fa94-04c1-424b-9868-57a2d4851a1d" />
    <TestEntry testId="9340a4b1-5995-a146-2b3f-87884b1ff758" executionId="0f61d680-e078-457e-a2ad-338bbdf6d8e9" testListId="8c84fa94-04c1-424b-9868-57a2d4851a1d" />
    <TestEntry testId="fc512944-4574-c8e1-1948-381a841dbc19" executionId="8c50d5bb-ff41-409e-83aa-f21bd6220fc6" testListId="8c84fa94-04c1-424b-9868-57a2d4851a1d" />
    <TestEntry testId="0bfb1381-d29b-ccdf-75c6-c960f8a82643" executionId="4d5bc097-3797-4267-9e48-474af41eb74d" testListId="8c84fa94-04c1-424b-9868-57a2d4851a1d" />
    <TestEntry testId="add76838-1881-ff5b-4b55-4095c6c3420e" executionId="6c94fe86-e9fc-4137-a54a-5873cd003f14" testListId="8c84fa94-04c1-424b-9868-57a2d4851a1d" />
    <TestEntry testId="32c05def-b60c-02ab-32e4-ee7effb0541f" executionId="d4f5069f-528c-49bb-9b6c-9f641d42e33a" testListId="8c84fa94-04c1-424b-9868-57a2d4851a1d" />
    <TestEntry testId="5df07f76-1760-9ebe-75e7-fe4e3e4cc31c" executionId="0e5325be-edf7-4782-a091-0d74dfc4f46d" testListId="8c84fa94-04c1-424b-9868-57a2d4851a1d" />
    <TestEntry testId="4bdfb04d-4530-9165-5c3c-0fe552d3c465" executionId="b78f7eb3-bf8f-487e-ae59-d2013f315e1a" testListId="8c84fa94-04c1-424b-9868-57a2d4851a1d" />
    <TestEntry testId="9800ce93-be58-54c1-e46c-0cf1a43782e6" executionId="675077dc-0ec6-422a-bd44-d2677a39f971" testListId="8c84fa94-04c1-424b-9868-57a2d4851a1d" />
    <TestEntry testId="00904d0e-fa5a-d811-5e48-17dfb28c2376" executionId="a1b29cb0-b7a7-41a9-8c5d-1dc3f3be6335" testListId="8c84fa94-04c1-424b-9868-57a2d4851a1d" />
    <TestEntry testId="ba8fd1de-d1a9-20dd-3c07-ff06c100fe63" executionId="7110e215-9e59-4346-b6f0-a62587bbadb3" testListId="8c84fa94-04c1-424b-9868-57a2d4851a1d" />
    <TestEntry testId="a1935a43-82ca-ae69-712b-e0b7abadc230" executionId="43f67b19-3ba2-4a2b-9b5e-d63e1db90b36" testListId="8c84fa94-04c1-424b-9868-57a2d4851a1d" />
    <TestEntry testId="fb1a4307-c6ef-9662-584b-c2d31a1614b3" executionId="b302a8d6-ecb1-4109-bce8-d4731fcdaa09" testListId="8c84fa94-04c1-424b-9868-57a2d4851a1d" />
    <TestEntry testId="035cf6f2-e47c-40de-aed2-f875002a6d41" executionId="0300b607-54cb-4be8-9d53-0e75545b6e4d" testListId="8c84fa94-04c1-424b-9868-57a2d4851a1d" />
    <TestEntry testId="0ff840aa-9d58-491e-0ea3-fa229187d28f" executionId="f7bbb0b1-1ce4-4f7d-ba27-4d47086aa67f" testListId="8c84fa94-04c1-424b-9868-57a2d4851a1d" />
    <TestEntry testId="a0695996-f8d2-99f3-f978-b6c409536476" executionId="7a808f0a-07f9-4c9d-ac40-1fb5da7b18a5" testListId="8c84fa94-04c1-424b-9868-57a2d4851a1d" />
  </TestEntries>
  <TestLists>
    <TestList name="列表中未列出的结果" id="8c84fa94-04c1-424b-9868-57a2d4851a1d" />
    <TestList name="所有已加载的结果" id="19431567-8539-422a-85d7-44ee4e166bda" />
  </TestLists>
  <ResultSummary outcome="Completed">
    <Counters total="38" executed="38" passed="38" failed="0" error="0" timeout="0" aborted="0" inconclusive="0" passedButRunAborted="0" notRunnable="0" notExecuted="0" disconnected="0" warning="0" completed="0" inProgress="0" pending="0" />
    <Output>
      <StdOut>[xUnit.net 00:00:00.00] xUnit.net VSTest Adapter v3.1.4+50e68bbb8b (64-bit .NET 10.0.8)&#xD;
[xUnit.net 00:00:00.06]   Discovering: OptilandWorkbench.ZemaxComparison.Tests&#xD;
[xUnit.net 00:00:00.12]   Discovered:  OptilandWorkbench.ZemaxComparison.Tests&#xD;
[xUnit.net 00:00:00.14]   Starting:    OptilandWorkbench.ZemaxComparison.Tests&#xD;
[xUnit.net 00:00:14.89]   Finished:    OptilandWorkbench.ZemaxComparison.Tests&#xD;
</StdOut>
    </Output>
  </ResultSummary>
</TestRun>