<?xml version="1.0" encoding="utf-8"?>
<TestRun id="9b9fa831-ef7e-499b-af31-3dbd8d249b5e" name="allen@DESKTOP-SET3SNR 2026-10-06 18:19:18" runUser="DESKTOP-SET3SNR\CodexSandboxOffline" xmlns="http://microsoft.com/schemas/VisualStudio/TeamTest/2010">
  <Times creation="2026-10-06T18:19:18.9985848+08:00" queuing="2026-10-06T18:19:18.9985851+08:00" start="2026-10-06T18:19:17.3397771+08:00" finish="2026-10-06T18:19:41.0836028+08:00" />
  <TestSettings name="default" id="1799b605-d8d7-403e-a71d-8f5333e9580b">
    <Deployment runDeploymentRoot="allen_DESKTOP-SET3SNR_2026-10-06_18_19_18" />
  </TestSettings>
  <Results>
    <UnitTestResult executionId="fa5a0ed8-a2fa-441b-aa1c-3d29e15993b6" testId="a4e53c95-3c93-f040-f96d-b5b89b056ccf" testName="OptilandWorkbench.Tests.InterferogramFooterTests.FooterUsesTypedSummaryWithoutGenericRowsOrFabricatedFringeSettings(width: 600)" computerName="DESKTOP-SET3SNR" duration="00:00:00.0103967" startTime="2026-10-06T18:19:40.9877976+08:00" endTime="2026-10-06T18:19:40.9983596+08:00" testType="13cdc9d9-ddb5-4fa4-a97d-d965ccfc6d4b" outcome="Passed" testListId="8c84fa94-04c1-424b-9868-57a2d4851a1d" relativeResultsDirectory="fa5a0ed8-a2fa-441b-aa1c-3d29e15993b6" />
    <UnitTestResult executionId="d5c7e1f2-6075-4ce0-9dc6-06b86ba02da3" testId="2a1b1918-e093-7127-e62b-dbd89fcf564b" testName="OptilandWorkbench.Tests.CommercialReliabilityTests.DatabaseRejectsOversizedCompressedHeaderBeforeReadingItsPayload" computerName="DESKTOP-SET3SNR" duration="00:00:00.0884002" startTime="2026-10-06T18:19:19.3873115+08:00" endTime="2026-10-06T18:19:19.4741944+08:00" testType="13cdc9d9-ddb5-4fa4-a97d-d965ccfc6d4b" outcome="Passed" testListId="8c84fa94-04c1-424b-9868-57a2d4851a1d" relativeResultsDirectory="d5c7e1f2-6075-4ce0-9dc6-06b86ba02da3" />
    <UnitTestResult executionId="87c7f0f6-0fbe-4d2d-a4bd-2ace77b68799" testId="35862ea7-b39a-3ede-755b-3c78ff0f1230" testName="OptilandWorkbench.Tests.CommercialReliabilityTests.NonPowerOfTwoTransformObservesCancellationDuringComputation" computerName="DESKTOP-SET3SNR" duration="00:00:00.0473279" startTime="2026-10-06T18:19:21.1004425+08:00" endTime="2026-10-06T18:19:21.1472438+08:00" testType="13cdc9d9-ddb5-4fa4-a97d-d965ccfc6d4b" outcome="Passed" testListId="8c84fa94-04c1-424b-9868-57a2d4851a1d" relativeResultsDirectory="87c7f0f6-0fbe-4d2d-a4bd-2ace77b68799" />
    <UnitTestResult executionId="1b85297d-0c82-4f04-bf26-b57729b5c8ec" testId="3f657b24-9d22-3837-cd60-767122af24ea" testName="OptilandWorkbench.Tests.InterferogramFooterTests.MetadataUsesActualSelectedFieldCoordinatesAndTypedUnits(fieldKind: Angle, unit: Degree)" computerName="DESKTOP-SET3SNR" duration="00:00:00.0116353" startTime="2026-10-06T18:19:40.9731907+08:00" endTime="2026-10-06T18:19:40.9848801+08:00" testType="13cdc9d9-ddb5-4fa4-a97d-d965ccfc6d4b" outcome="Passed" testListId="8c84fa94-04c1-424b-9868-57a2d4851a1d" relativeResultsDirectory="1b85297d-0c82-4f04-bf26-b57729b5c8ec" />
    <UnitTestResult executionId="36a17cd0-c6d9-4fe3-a171-26962f75a286" testId="a43a45c5-63d6-b297-db3c-8ad2e3271256" testName="OptilandWorkbench.Tests.CommercialReliabilityTests.PsfMtfPreservesRequestedGridAndMatchesIndependentAxisSums(size: 5, padded: True)" computerName="DESKTOP-SET3SNR" duration="00:00:00.0010459" startTime="2026-10-06T18:19:18.9494749+08:00" endTime="2026-10-06T18:19:18.9504551+08:00" testType="13cdc9d9-ddb5-4fa4-a97d-d965ccfc6d4b" outcome="Passed" testListId="8c84fa94-04c1-424b-9868-57a2d4851a1d" relativeResultsDirectory="36a17cd0-c6d9-4fe3-a171-26962f75a286" />
    <UnitTestResult executionId="bf88b868-8242-413a-9b73-15a8500dcb23" testId="afe3b471-03fa-d88f-069d-e386260b7190" testName="OptilandWorkbench.Tests.UiAuditRegressionTests.InvalidNumericInputRetainsErrorWithoutPublishingAnUpdate(cellName: &quot;ThermalExpansionCell&quot;)" computerName="DESKTOP-SET3SNR" duration="00:00:00.9681547" startTime="2026-10-06T18:19:38.0314725+08:00" endTime="2026-10-06T18:19:38.9998067+08:00" testType="13cdc9d9-ddb5-4fa4-a97d-d965ccfc6d4b" outcome="Passed" testListId="8c84fa94-04c1-424b-9868-57a2d4851a1d" relativeResultsDirectory="bf88b868-8242-413a-9b73-15a8500dcb23" />
    <UnitTestResult executionId="7f31df74-581d-43a5-a305-f7ec9d26657c" testId="e00a6b3a-f5ee-9dc8-c310-a63924f39df5" testName="OptilandWorkbench.Tests.CommercialReliabilityTests.DatabaseRejectsOversizedCompressedChunkAtIndexValidation" computerName="DESKTOP-SET3SNR" duration="00:00:00.0060628" startTime="2026-10-06T18:19:19.4743407+08:00" endTime="2026-10-06T18:19:19.4803372+08:00" testType="13cdc9d9-ddb5-4fa4-a97d-d965ccfc6d4b" outcome="Passed" testListId="8c84fa94-04c1-424b-9868-57a2d4851a1d" relativeResultsDirectory="7f31df74-581d-43a5-a305-f7ec9d26657c" />
    <UnitTestResult executionId="89ff4092-d2e0-4cc4-b9cc-a15ac60af9dc" testId="733758d4-ac84-b3fa-034f-e5a2b5cf5b01" testName="OptilandWorkbench.Tests.CommercialReliabilityTests.DiffractionEntryPointsObserveAnAlreadyCancelledRequest(entryPoint: 0)" computerName="DESKTOP-SET3SNR" duration="00:00:00.4293747" startTime="2026-10-06T18:19:18.9766907+08:00" endTime="2026-10-06T18:19:19.3814811+08:00" testType="13cdc9d9-ddb5-4fa4-a97d-d965ccfc6d4b" outcome="Passed" testListId="8c84fa94-04c1-424b-9868-57a2d4851a1d" relativeResultsDirectory="89ff4092-d2e0-4cc4-b9cc-a15ac60af9dc" />
    <UnitTestResult executionId="3f1aeebf-8665-4e5c-9cb3-fe4c63363553" testId="8cfeb267-502d-5789-e701-2bc47d0e2b6a" testName="OptilandWorkbench.Tests.UiAuditRegressionTests.DefaultResultPageShowsActualContentRegardlessOfTitle(key: &quot;First Order&quot;, expectedIndex: 1)" computerName="DESKTOP-SET3SNR" duration="00:00:00.0061127" startTime="2026-10-06T18:19:36.7976241+08:00" endTime="2026-10-06T18:19:36.8038465+08:00" testType="13cdc9d9-ddb5-4fa4-a97d-d965ccfc6d4b" outcome="Passed" testListId="8c84fa94-04c1-424b-9868-57a2d4851a1d" relativeResultsDirectory="3f1aeebf-8665-4e5c-9cb3-fe4c63363553" />
    <UnitTestResult executionId="7ca3a07b-464d-4839-9f32-3726955ca78b" testId="39db3f38-7988-a863-9c4d-cc001004a381" testName="OptilandWorkbench.Tests.UiAuditRegressionTests.InvalidNumericInputRetainsErrorWithoutPublishingAnUpdate(cellName: &quot;SemiDiameterSolveCell&quot;)" computerName="DESKTOP-SET3SNR" duration="00:00:01.1253293" startTime="2026-10-06T18:19:36.9055827+08:00" endTime="2026-10-06T18:19:38.0313851+08:00" testType="13cdc9d9-ddb5-4fa4-a97d-d965ccfc6d4b" outcome="Passed" testListId="8c84fa94-04c1-424b-9868-57a2d4851a1d" relativeResultsDirectory="7ca3a07b-464d-4839-9f32-3726955ca78b" />
    <UnitTestResult executionId="8fab046f-e68b-4e18-ac91-a7a03690911a" testId="628dfb09-e0ce-38bc-4660-6fd743a3d7f4" testName="OptilandWorkbench.Tests.OpticCapabilityPreflightTests.NativeFilesPreserveOpaqueGeometryPayload" computerName="DESKTOP-SET3SNR" duration="00:00:00.1341186" startTime="2026-10-06T18:19:19.4302750+08:00" endTime="2026-10-06T18:19:19.5664064+08:00" testType="13cdc9d9-ddb5-4fa4-a97d-d965ccfc6d4b" outcome="Passed" testListId="8c84fa94-04c1-424b-9868-57a2d4851a1d" relativeResultsDirectory="8fab046f-e68b-4e18-ac91-a7a03690911a" />
    <UnitTestResult executionId="fc69b856-5b1a-4a16-b624-a50a75610378" testId="b70f44e5-fbff-6697-a6ad-8a1c87e1d2be" testName="OptilandWorkbench.Tests.CommercialReliabilityTests.DiffractionEntryPointsObserveAnAlreadyCancelledRequest(entryPoint: 1)" computerName="DESKTOP-SET3SNR" duration="00:00:00.0005525" startTime="2026-10-06T18:19:19.3844396+08:00" endTime="2026-10-06T18:19:19.3849380+08:00" testType="13cdc9d9-ddb5-4fa4-a97d-d965ccfc6d4b" outcome="Passed" testListId="8c84fa94-04c1-424b-9868-57a2d4851a1d" relativeResultsDirectory="fc69b856-5b1a-4a16-b624-a50a75610378" />
    <UnitTestResult executionId="6c99f2fb-7bcd-4ad6-b212-d232c30e3540" testId="314f86cf-299c-0126-81ab-5994f98974a5" testName="OptilandWorkbench.Tests.CommercialReliabilityTests.StarterImageSimulationProducesValidDataWhenAnExplicitSmallFieldIsSelected" computerName="DESKTOP-SET3SNR" duration="00:00:01.6190827" startTime="2026-10-06T18:19:19.4804860+08:00" endTime="2026-10-06T18:19:21.0998121+08:00" testType="13cdc9d9-ddb5-4fa4-a97d-d965ccfc6d4b" outcome="Passed" testListId="8c84fa94-04c1-424b-9868-57a2d4851a1d" relativeResultsDirectory="6c99f2fb-7bcd-4ad6-b212-d232c30e3540" />
    <UnitTestResult executionId="7a0e5483-a5b0-45e1-a6d5-b03ab34e67c4" testId="6dd88539-615c-e8b4-eb91-f4164725e7af" testName="OptilandWorkbench.Tests.CommercialReliabilityTests.ExcessiveTransformsAreRejectedBeforeComputing(size: 2048, padded: True)" computerName="DESKTOP-SET3SNR" duration="00:00:00.0000536" startTime="2026-10-06T18:19:19.3871385+08:00" endTime="2026-10-06T18:19:19.3871839+08:00" testType="13cdc9d9-ddb5-4fa4-a97d-d965ccfc6d4b" outcome="Passed" testListId="8c84fa94-04c1-424b-9868-57a2d4851a1d" relativeResultsDirectory="7a0e5483-a5b0-45e1-a6d5-b03ab34e67c4" />
    <UnitTestResult executionId="a638f682-c2f9-4f1a-a8b6-df3d672a862d" testId="67d40c94-2c0e-a8ff-4dff-3fba0de3afcb" testName="OptilandWorkbench.Tests.UiAuditRegressionTests.DefaultResultPageShowsActualContentRegardlessOfTitle(key: &quot;Classified Data Report&quot;, expectedIndex: 1)" computerName="DESKTOP-SET3SNR" duration="00:00:00.0167313" startTime="2026-10-06T18:19:36.6528647+08:00" endTime="2026-10-06T18:19:36.6696807+08:00" testType="13cdc9d9-ddb5-4fa4-a97d-d965ccfc6d4b" outcome="Passed" testListId="8c84fa94-04c1-424b-9868-57a2d4851a1d" relativeResultsDirectory="a638f682-c2f9-4f1a-a8b6-df3d672a862d" />
    <UnitTestResult executionId="4afa8a58-4861-4434-b24a-f7eeda55e573" testId="791d6dda-e36e-6719-8923-84ab4b4b8af3" testName="OptilandWorkbench.Tests.UiAuditRegressionTests.UnlockingAnOldResultRequiresSyncAndFileSwitchClearsLockedContent" computerName="DESKTOP-SET3SNR" duration="00:00:00.5248416" startTime="2026-10-06T18:19:36.1276173+08:00" endTime="2026-10-06T18:19:36.6527519+08:00" testType="13cdc9d9-ddb5-4fa4-a97d-d965ccfc6d4b" outcome="Passed" testListId="8c84fa94-04c1-424b-9868-57a2d4851a1d" relativeResultsDirectory="4afa8a58-4861-4434-b24a-f7eeda55e573" />
    <UnitTestResult executionId="d653ce30-3f48-4da7-bbfe-3f41fe374be7" testId="62396946-9ab9-72a9-916b-b40ed0319b77" testName="OptilandWorkbench.Tests.CommercialReliabilityTests.DiffractionEntryPointsObserveAnAlreadyCancelledRequest(entryPoint: 3)" computerName="DESKTOP-SET3SNR" duration="00:00:00.0007638" startTime="2026-10-06T18:19:19.3828253+08:00" endTime="2026-10-06T18:19:19.3834722+08:00" testType="13cdc9d9-ddb5-4fa4-a97d-d965ccfc6d4b" outcome="Passed" testListId="8c84fa94-04c1-424b-9868-57a2d4851a1d" relativeResultsDirectory="d653ce30-3f48-4da7-bbfe-3f41fe374be7" />
    <UnitTestResult executionId="7736373b-a4ae-43bd-999f-18f0e1856e9b" testId="9c2962ae-9844-af08-e4d9-b778580dc3a2" testName="OptilandWorkbench.Tests.UiAuditRegressionTests.HeadlessSessionWaitsForAsyncCallbacks" computerName="DESKTOP-SET3SNR" duration="00:00:00.0292763" startTime="2026-10-06T18:19:40.9381924+08:00" endTime="2026-10-06T18:19:40.9676603+08:00" testType="13cdc9d9-ddb5-4fa4-a97d-d965ccfc6d4b" outcome="Passed" testListId="8c84fa94-04c1-424b-9868-57a2d4851a1d" relativeResultsDirectory="7736373b-a4ae-43bd-999f-18f0e1856e9b" />
    <UnitTestResult executionId="b2c68ffb-c1d2-4bfd-b07f-aa4c42696cec" testId="d9e33346-4599-d8e9-918b-b8d7539519b7" testName="OptilandWorkbench.Tests.CommercialReliabilityTests.DirectImageSimulationKeepsTheFoldedMappingException" computerName="DESKTOP-SET3SNR" duration="00:00:00.2213869" startTime="2026-10-06T18:19:35.1794879+08:00" endTime="2026-10-06T18:19:35.4008468+08:00" testType="13cdc9d9-ddb5-4fa4-a97d-d965ccfc6d4b" outcome="Passed" testListId="8c84fa94-04c1-424b-9868-57a2d4851a1d" relativeResultsDirectory="b2c68ffb-c1d2-4bfd-b07f-aa4c42696cec" />
    <UnitTestResult executionId="7dc98e64-1743-42b4-8333-128c6d9856a4" testId="005c59ac-ebfa-6129-47a2-bbe5f46c23b3" testName="OptilandWorkbench.Tests.CommercialReliabilityTests.PsfMtfPreservesRequestedGridAndMatchesIndependentAxisSums(size: 8, padded: False)" computerName="DESKTOP-SET3SNR" duration="00:00:00.0007679" startTime="2026-10-06T18:19:18.9488373+08:00" endTime="2026-10-06T18:19:18.9488712+08:00" testType="13cdc9d9-ddb5-4fa4-a97d-d965ccfc6d4b" outcome="Passed" testListId="8c84fa94-04c1-424b-9868-57a2d4851a1d" relativeResultsDirectory="7dc98e64-1743-42b4-8333-128c6d9856a4" />
    <UnitTestResult executionId="0fe7ab4b-c1c2-4ec6-a911-91cc776e0c1d" testId="2b66352f-c2ea-c93b-150b-e28253c694df" testName="OptilandWorkbench.Tests.OpticCapabilityPreflightTests.EveryPublicParaxialEntryPointBlocksOpaqueGeometry" computerName="DESKTOP-SET3SNR" duration="00:00:00.0091387" startTime="2026-10-06T18:19:19.5687086+08:00" endTime="2026-10-06T18:19:19.5777587+08:00" testType="13cdc9d9-ddb5-4fa4-a97d-d965ccfc6d4b" outcome="Passed" testListId="8c84fa94-04c1-424b-9868-57a2d4851a1d" relativeResultsDirectory="0fe7ab4b-c1c2-4ec6-a911-91cc776e0c1d" />
    <UnitTestResult executionId="09eabaae-19aa-4965-a0e5-c45e6e395741" testId="82498c8c-3245-c713-c4d4-a66683d68d67" testName="OptilandWorkbench.Tests.OpticCapabilityPreflightTests.ManufacturingRowsExposeAndBlockOpaqueGeometry" computerName="DESKTOP-SET3SNR" duration="00:00:00.0012172" startTime="2026-10-06T18:19:19.5673689+08:00" endTime="2026-10-06T18:19:19.5685944+08:00" testType="13cdc9d9-ddb5-4fa4-a97d-d965ccfc6d4b" outcome="Passed" testListId="8c84fa94-04c1-424b-9868-57a2d4851a1d" relativeResultsDirectory="09eabaae-19aa-4965-a0e5-c45e6e395741" />
    <UnitTestResult executionId="5e7f84e2-2904-4de1-9465-17d748b99ed8" testId="75349926-e56b-7c46-2812-01ac20b3d1d0" testName="OptilandWorkbench.Tests.CommercialReliabilityTests.PsfMtfPreservesRequestedGridAndMatchesIndependentAxisSums(size: 8, padded: True)" computerName="DESKTOP-SET3SNR" duration="00:00:00.0011869" startTime="2026-10-06T18:19:18.9765234+08:00" endTime="2026-10-06T18:19:18.9765638+08:00" testType="13cdc9d9-ddb5-4fa4-a97d-d965ccfc6d4b" outcome="Passed" testListId="8c84fa94-04c1-424b-9868-57a2d4851a1d" relativeResultsDirectory="5e7f84e2-2904-4de1-9465-17d748b99ed8" />
    <UnitTestResult executionId="7817266b-0afe-4a55-a099-b76005e83172" testId="c242040b-fb30-161b-54e6-f48481564d85" testName="OptilandWorkbench.Tests.CommercialReliabilityTests.InvalidPsfMetadataIsRejectedWithoutAllocatingItsDeclaredGrid(size: 2049)" computerName="DESKTOP-SET3SNR" duration="00:00:00.0000130" startTime="2026-10-06T18:19:18.9479452+08:00" endTime="2026-10-06T18:19:18.9479837+08:00" testType="13cdc9d9-ddb5-4fa4-a97d-d965ccfc6d4b" outcome="Passed" testListId="8c84fa94-04c1-424b-9868-57a2d4851a1d" relativeResultsDirectory="7817266b-0afe-4a55-a099-b76005e83172" />
    <UnitTestResult executionId="085f3d6d-2501-45d6-b331-57386705867b" testId="50da7809-b988-c4a2-87e5-8e57bd950e9d" testName="OptilandWorkbench.Tests.InterferogramFooterTests.MissingMetadataIsNotReportedAsZeroAndOtherKindsKeepTheirSummary" computerName="DESKTOP-SET3SNR" duration="00:00:00.0045281" startTime="2026-10-06T18:19:41.0120509+08:00" endTime="2026-10-06T18:19:41.0167085+08:00" testType="13cdc9d9-ddb5-4fa4-a97d-d965ccfc6d4b" outcome="Passed" testListId="8c84fa94-04c1-424b-9868-57a2d4851a1d" relativeResultsDirectory="085f3d6d-2501-45d6-b331-57386705867b" />
    <UnitTestResult executionId="51b7e64e-f8dd-4d7b-a7b1-fb33523f556b" testId="cb31e8a1-b113-1692-ba0a-3ee23b8f3f9f" testName="OptilandWorkbench.Tests.OpticCapabilityPreflightTests.UnknownSnapshotGeometryRequiresAndPreservesOpaquePayload" computerName="DESKTOP-SET3SNR" duration="00:00:00.4914112" startTime="2026-10-06T18:19:18.9302978+08:00" endTime="2026-10-06T18:19:19.4245782+08:00" testType="13cdc9d9-ddb5-4fa4-a97d-d965ccfc6d4b" outcome="Passed" testListId="8c84fa94-04c1-424b-9868-57a2d4851a1d" relativeResultsDirectory="51b7e64e-f8dd-4d7b-a7b1-fb33523f556b" />
    <UnitTestResult executionId="057b997f-c5b4-43ce-8152-513cbb5b68e0" testId="ffcd9866-ed50-a72f-313e-b7bbbdaf0e53" testName="OptilandWorkbench.Tests.UiAuditRegressionTests.DefaultResultPageShowsActualContentRegardlessOfTitle(key: &quot;Prescription Report&quot;, expectedIndex: 1)" computerName="DESKTOP-SET3SNR" duration="00:00:00.0095587" startTime="2026-10-06T18:19:36.8118340+08:00" endTime="2026-10-06T18:19:36.8216723+08:00" testType="13cdc9d9-ddb5-4fa4-a97d-d965ccfc6d4b" outcome="Passed" testListId="8c84fa94-04c1-424b-9868-57a2d4851a1d" relativeResultsDirectory="057b997f-c5b4-43ce-8152-513cbb5b68e0" />
    <UnitTestResult executionId="beafc5c2-f012-4eba-873c-f18dbedb3ad3" testId="c4a978a7-5db2-9d2b-f258-a3c09485cf26" testName="OptilandWorkbench.Tests.CommercialReliabilityTests.StarterImageSimulationReportsFoldedPupilWithSettingsAndNoFabricatedRaster(name: &quot;Partially Coherent Image Analysis&quot;)" computerName="DESKTOP-SET3SNR" duration="00:00:04.5027577" startTime="2026-10-06T18:19:26.1459141+08:00" endTime="2026-10-06T18:19:30.6483970+08:00" testType="13cdc9d9-ddb5-4fa4-a97d-d965ccfc6d4b" outcome="Passed" testListId="8c84fa94-04c1-424b-9868-57a2d4851a1d" relativeResultsDirectory="beafc5c2-f012-4eba-873c-f18dbedb3ad3" />
    <UnitTestResult executionId="d5912a58-55c7-44f6-9676-9938114866c6" testId="7343b87f-da4d-a7db-4dc5-adfba82889b6" testName="OptilandWorkbench.Tests.OpticCapabilityPreflightTests.OpaqueGeometryRoundTripsPayloadWithoutBecomingAPlane" computerName="DESKTOP-SET3SNR" duration="00:00:00.0054386" startTime="2026-10-06T18:19:19.4247390+08:00" endTime="2026-10-06T18:19:19.4301146+08:00" testType="13cdc9d9-ddb5-4fa4-a97d-d965ccfc6d4b" outcome="Passed" testListId="8c84fa94-04c1-424b-9868-57a2d4851a1d" relativeResultsDirectory="d5912a58-55c7-44f6-9676-9938114866c6" />
    <UnitTestResult executionId="53465dc4-a1c2-4feb-b2e5-65aafb1000fa" testId="a51e3ede-0247-b6f8-4e06-3ced5868e854" testName="OptilandWorkbench.Tests.CommercialReliabilityTests.InvalidPsfMetadataIsRejectedWithoutAllocatingItsDeclaredGrid(size: 2147483647)" computerName="DESKTOP-SET3SNR" duration="00:00:00.0002653" startTime="2026-10-06T18:19:18.9472839+08:00" endTime="2026-10-06T18:19:18.9473491+08:00" testType="13cdc9d9-ddb5-4fa4-a97d-d965ccfc6d4b" outcome="Passed" testListId="8c84fa94-04c1-424b-9868-57a2d4851a1d" relativeResultsDirectory="53465dc4-a1c2-4feb-b2e5-65aafb1000fa" />
    <UnitTestResult executionId="967d63f5-8fd6-45c7-833e-33615c464072" testId="d3b41f5b-d757-bf87-e986-79767aa3a67d" testName="OptilandWorkbench.Tests.UiAuditRegressionTests.DefaultResultPageShowsActualContentRegardlessOfTitle(key: &quot;Wavefront Map&quot;, expectedIndex: 0)" computerName="DESKTOP-SET3SNR" duration="00:00:00.1275351" startTime="2026-10-06T18:19:36.6697501+08:00" endTime="2026-10-06T18:19:36.7975172+08:00" testType="13cdc9d9-ddb5-4fa4-a97d-d965ccfc6d4b" outcome="Passed" testListId="8c84fa94-04c1-424b-9868-57a2d4851a1d" relativeResultsDirectory="967d63f5-8fd6-45c7-833e-33615c464072" />
    <UnitTestResult executionId="d795ff4d-2ea9-4343-bed0-4fda4c935ae5" testId="a965584f-199f-7fd5-48c2-bd3a1d74cfeb" testName="OptilandWorkbench.Tests.InterferogramFooterTests.MetadataUsesActualSelectedFieldCoordinatesAndTypedUnits(fieldKind: ObjectHeight, unit: Millimeter)" computerName="DESKTOP-SET3SNR" duration="00:00:00.0028617" startTime="2026-10-06T18:19:40.9849319+08:00" endTime="2026-10-06T18:19:40.9877404+08:00" testType="13cdc9d9-ddb5-4fa4-a97d-d965ccfc6d4b" outcome="Passed" testListId="8c84fa94-04c1-424b-9868-57a2d4851a1d" relativeResultsDirectory="d795ff4d-2ea9-4343-bed0-4fda4c935ae5" />
    <UnitTestResult executionId="6fa46c39-0a16-422f-8a63-b44f6949a7d4" testId="89389432-79c0-1ac2-3386-f4e3a3900607" testName="OptilandWorkbench.Tests.OpticCapabilityPreflightTests.UnsupportedGeometryIsBlockedByEveryComputationalPreflight" computerName="DESKTOP-SET3SNR" duration="00:00:00.0051564" startTime="2026-10-06T18:19:19.5784086+08:00" endTime="2026-10-06T18:19:19.5829717+08:00" testType="13cdc9d9-ddb5-4fa4-a97d-d965ccfc6d4b" outcome="Passed" testListId="8c84fa94-04c1-424b-9868-57a2d4851a1d" relativeResultsDirectory="6fa46c39-0a16-422f-8a63-b44f6949a7d4" />
    <UnitTestResult executionId="477373c3-9ffa-4a43-88fe-bbc98039cc43" testId="b15692a0-756a-0a35-7725-945eb6cdfc08" testName="OptilandWorkbench.Tests.CommercialReliabilityTests.DiffractionEntryPointsObserveAnAlreadyCancelledRequest(entryPoint: 4)" computerName="DESKTOP-SET3SNR" duration="00:00:00.0011075" startTime="2026-10-06T18:19:19.3816734+08:00" endTime="2026-10-06T18:19:19.3826923+08:00" testType="13cdc9d9-ddb5-4fa4-a97d-d965ccfc6d4b" outcome="Passed" testListId="8c84fa94-04c1-424b-9868-57a2d4851a1d" relativeResultsDirectory="477373c3-9ffa-4a43-88fe-bbc98039cc43" />
    <UnitTestResult executionId="3447df93-5c08-4bc8-9f6e-23ff0ee35d25" testId="98a3a5b7-0d81-584a-5410-d550733bf754" testName="OptilandWorkbench.Tests.CommercialReliabilityTests.DiffractionEntryPointsObserveAnAlreadyCancelledRequest(entryPoint: 2)" computerName="DESKTOP-SET3SNR" duration="00:00:00.0008274" startTime="2026-10-06T18:19:19.3835589+08:00" endTime="2026-10-06T18:19:19.3843472+08:00" testType="13cdc9d9-ddb5-4fa4-a97d-d965ccfc6d4b" outcome="Passed" testListId="8c84fa94-04c1-424b-9868-57a2d4851a1d" relativeResultsDirectory="3447df93-5c08-4bc8-9f6e-23ff0ee35d25" />
    <UnitTestResult executionId="a5cbe6e1-888f-4bd3-acbc-68196e721fbb" testId="2a8e39f0-8ec4-99a1-c59d-b73bd9189962" testName="OptilandWorkbench.Tests.CommercialReliabilityTests.ExcessiveTransformsAreRejectedBeforeComputing(size: 369, padded: False)" computerName="DESKTOP-SET3SNR" duration="00:00:00.0003631" startTime="2026-10-06T18:19:19.3850300+08:00" endTime="2026-10-06T18:19:19.3853649+08:00" testType="13cdc9d9-ddb5-4fa4-a97d-d965ccfc6d4b" outcome="Passed" testListId="8c84fa94-04c1-424b-9868-57a2d4851a1d" relativeResultsDirectory="a5cbe6e1-888f-4bd3-acbc-68196e721fbb" />
    <UnitTestResult executionId="e7d85b3b-57aa-4686-9ccd-13f417e870f1" testId="83117c8d-2821-99c1-2bd3-95dc99d7d970" testName="OptilandWorkbench.Tests.UiAuditRegressionTests.HeadlessSessionPropagatesAsyncCallbackFailures" computerName="DESKTOP-SET3SNR" duration="00:00:00.0050778" startTime="2026-10-06T18:19:40.9677554+08:00" endTime="2026-10-06T18:19:40.9729967+08:00" testType="13cdc9d9-ddb5-4fa4-a97d-d965ccfc6d4b" outcome="Passed" testListId="8c84fa94-04c1-424b-9868-57a2d4851a1d" relativeResultsDirectory="e7d85b3b-57aa-4686-9ccd-13f417e870f1" />
    <UnitTestResult executionId="dcb26c61-b22c-4c9a-8da9-a21c11e329d2" testId="cbdf955f-8f67-51da-24e7-17472bfb16f9" testName="OptilandWorkbench.Tests.CommercialReliabilityTests.PsfMtfPreservesRequestedGridAndMatchesIndependentAxisSums(size: 5, padded: False)" computerName="DESKTOP-SET3SNR" duration="00:00:00.0001453" startTime="2026-10-06T18:19:18.9505506+08:00" endTime="2026-10-06T18:19:18.9506128+08:00" testType="13cdc9d9-ddb5-4fa4-a97d-d965ccfc6d4b" outcome="Passed" testListId="8c84fa94-04c1-424b-9868-57a2d4851a1d" relativeResultsDirectory="dcb26c61-b22c-4c9a-8da9-a21c11e329d2" />
    <UnitTestResult executionId="f3396866-4be7-46d6-9b2a-0da3294e3295" testId="3ca4138d-688a-58c4-e3ff-73abc85125c1" testName="OptilandWorkbench.Tests.CommercialReliabilityTests.UnavailableImageSimulationPreservesTheOutputFileAndItsDiagnostic" computerName="DESKTOP-SET3SNR" duration="00:00:04.5262013" startTime="2026-10-06T18:19:30.6487754+08:00" endTime="2026-10-06T18:19:35.1746844+08:00" testType="13cdc9d9-ddb5-4fa4-a97d-d965ccfc6d4b" outcome="Passed" testListId="8c84fa94-04c1-424b-9868-57a2d4851a1d" relativeResultsDirectory="f3396866-4be7-46d6-9b2a-0da3294e3295" />
    <UnitTestResult executionId="19259f02-f8ff-4c9f-b052-d925128ab470" testId="e48b483f-cfc3-0fdd-c6a1-45db92389134" testName="OptilandWorkbench.Tests.CommercialReliabilityTests.DirectFrequencyBudgetIsCheckedBeforeReadingTheFrequencyList" computerName="DESKTOP-SET3SNR" duration="00:00:00.0004085" startTime="2026-10-06T18:19:21.1474154+08:00" endTime="2026-10-06T18:19:21.1476947+08:00" testType="13cdc9d9-ddb5-4fa4-a97d-d965ccfc6d4b" outcome="Passed" testListId="8c84fa94-04c1-424b-9868-57a2d4851a1d" relativeResultsDirectory="19259f02-f8ff-4c9f-b052-d925128ab470" />
    <UnitTestResult executionId="2ffdde97-3606-42dd-b378-50fa61c3cf40" testId="3af7e193-9a0d-de6f-5566-ef3405111c55" testName="OptilandWorkbench.Tests.UiAuditRegressionTests.InvalidNumericInputRetainsErrorWithoutPublishingAnUpdate(cellName: &quot;RadiusSolveCell&quot;)" computerName="DESKTOP-SET3SNR" duration="00:00:01.1404288" startTime="2026-10-06T18:19:38.9999047+08:00" endTime="2026-10-06T18:19:40.1405305+08:00" testType="13cdc9d9-ddb5-4fa4-a97d-d965ccfc6d4b" outcome="Passed" testListId="8c84fa94-04c1-424b-9868-57a2d4851a1d" relativeResultsDirectory="2ffdde97-3606-42dd-b378-50fa61c3cf40" />
    <UnitTestResult executionId="d88ba4ea-4e92-419f-bbde-131880e68e00" testId="f8284d05-68c0-d365-27c2-92a32498b586" testName="OptilandWorkbench.Tests.UiAuditRegressionTests.InvalidNumericInputRetainsErrorWithoutPublishingAnUpdate(cellName: &quot;ThicknessSolveCell&quot;)" computerName="DESKTOP-SET3SNR" duration="00:00:00.7971773" startTime="2026-10-06T18:19:40.1406038+08:00" endTime="2026-10-06T18:19:40.9381009+08:00" testType="13cdc9d9-ddb5-4fa4-a97d-d965ccfc6d4b" outcome="Passed" testListId="8c84fa94-04c1-424b-9868-57a2d4851a1d" relativeResultsDirectory="d88ba4ea-4e92-419f-bbde-131880e68e00" />
    <UnitTestResult executionId="8d6239fa-0584-4484-a9f2-29e6049f558f" testId="4e883d4f-0f9b-a24a-6a1e-f150b104da90" testName="OptilandWorkbench.Tests.WavefrontSurfaceRenderTests.InitialViewDoesNotInvalidateTheActiveRenderPass" computerName="DESKTOP-SET3SNR" duration="00:00:00.0194492" startTime="2026-10-06T18:19:36.1078316+08:00" endTime="2026-10-06T18:19:36.1274068+08:00" testType="13cdc9d9-ddb5-4fa4-a97d-d965ccfc6d4b" outcome="Passed" testListId="8c84fa94-04c1-424b-9868-57a2d4851a1d" relativeResultsDirectory="8d6239fa-0584-4484-a9f2-29e6049f558f" />
    <UnitTestResult executionId="6e405a1c-3bda-4ed9-8018-4ca94d4df0fe" testId="da291c3d-8b4b-e986-1aa9-3b817b9e273c" testName="OptilandWorkbench.Tests.CommercialReliabilityTests.PsfMtfPreservesRequestedGridAndMatchesIndependentAxisSums(size: 3, padded: False)" computerName="DESKTOP-SET3SNR" duration="00:00:00.0000455" startTime="2026-10-06T18:19:18.9762089+08:00" endTime="2026-10-06T18:19:18.9762601+08:00" testType="13cdc9d9-ddb5-4fa4-a97d-d965ccfc6d4b" outcome="Passed" testListId="8c84fa94-04c1-424b-9868-57a2d4851a1d" relativeResultsDirectory="6e405a1c-3bda-4ed9-8018-4ca94d4df0fe" />
    <UnitTestResult executionId="dfa73986-06dd-4e09-8003-4d7ea665afdd" testId="cd9efe57-2908-be9c-4a24-06110209190e" testName="OptilandWorkbench.Tests.CommercialReliabilityTests.PsfMtfPreservesRequestedGridAndMatchesIndependentAxisSums(size: 9, padded: False)" computerName="DESKTOP-SET3SNR" duration="00:00:00.0011283" startTime="2026-10-06T18:19:18.9489214+08:00" endTime="2026-10-06T18:19:18.9493859+08:00" testType="13cdc9d9-ddb5-4fa4-a97d-d965ccfc6d4b" outcome="Passed" testListId="8c84fa94-04c1-424b-9868-57a2d4851a1d" relativeResultsDirectory="dfa73986-06dd-4e09-8003-4d7ea665afdd" />
    <UnitTestResult executionId="e555b64b-aa57-4795-9b56-5e7aea9a90ea" testId="1adb0c71-500d-0554-7af2-af8257ec4cb3" testName="OptilandWorkbench.Tests.CommercialReliabilityTests.ExcessiveTransformsAreRejectedBeforeComputing(size: 185, padded: True)" computerName="DESKTOP-SET3SNR" duration="00:00:00.0002115" startTime="2026-10-06T18:19:19.3854288+08:00" endTime="2026-10-06T18:19:19.3856344+08:00" testType="13cdc9d9-ddb5-4fa4-a97d-d965ccfc6d4b" outcome="Passed" testListId="8c84fa94-04c1-424b-9868-57a2d4851a1d" relativeResultsDirectory="e555b64b-aa57-4795-9b56-5e7aea9a90ea" />
    <UnitTestResult executionId="93733995-db18-4c44-a05f-cfda1f878736" testId="d69aab41-d9de-2cd2-e844-50817e4d62aa" testName="OptilandWorkbench.Tests.CommercialReliabilityTests.StarterImageSimulationReportsFoldedPupilWithSettingsAndNoFabricatedRaster(name: &quot;Extended Diffraction Image Analysis&quot;)" computerName="DESKTOP-SET3SNR" duration="00:00:04.6880435" startTime="2026-10-06T18:19:21.4576022+08:00" endTime="2026-10-06T18:19:26.1455716+08:00" testType="13cdc9d9-ddb5-4fa4-a97d-d965ccfc6d4b" outcome="Passed" testListId="8c84fa94-04c1-424b-9868-57a2d4851a1d" relativeResultsDirectory="93733995-db18-4c44-a05f-cfda1f878736" />
    <UnitTestResult executionId="71a7bd82-7fa6-426b-96fc-2d2a6a2adb70" testId="52108556-4ca6-1e7c-e526-6c8c169b5aef" testName="OptilandWorkbench.Tests.CommercialReliabilityTests.StarterImageSimulationReportsFoldedPupilWithSettingsAndNoFabricatedRaster(name: &quot;Image Simulation&quot;)" computerName="DESKTOP-SET3SNR" duration="00:00:00.3096222" startTime="2026-10-06T18:19:21.1477997+08:00" endTime="2026-10-06T18:19:21.4574551+08:00" testType="13cdc9d9-ddb5-4fa4-a97d-d965ccfc6d4b" outcome="Passed" testListId="8c84fa94-04c1-424b-9868-57a2d4851a1d" relativeResultsDirectory="71a7bd82-7fa6-426b-96fc-2d2a6a2adb70" />
    <UnitTestResult executionId="7be54ebb-52a8-415e-a140-dc5a74b57c2d" testId="90989aea-e158-5171-b3a6-b3e8702e31cb" testName="OptilandWorkbench.Tests.UiAuditRegressionTests.DefaultResultPageShowsActualContentRegardlessOfTitle(key: &quot;Matrix Spot Diagram&quot;, expectedIndex: 0)" computerName="DESKTOP-SET3SNR" duration="00:00:00.0352151" startTime="2026-10-06T18:19:36.8700929+08:00" endTime="2026-10-06T18:19:36.9054714+08:00" testType="13cdc9d9-ddb5-4fa4-a97d-d965ccfc6d4b" outcome="Passed" testListId="8c84fa94-04c1-424b-9868-57a2d4851a1d" relativeResultsDirectory="7be54ebb-52a8-415e-a140-dc5a74b57c2d" />
    <UnitTestResult executionId="c1654607-050a-4d36-a462-8a83ec0b56e6" testId="f72d4b48-977a-3830-e72a-e8b3154e1dc4" testName="OptilandWorkbench.Tests.UiAuditRegressionTests.DefaultResultPageShowsActualContentRegardlessOfTitle(key: &quot;Spot Diagram&quot;, expectedIndex: 0)" computerName="DESKTOP-SET3SNR" duration="00:00:00.0480987" startTime="2026-10-06T18:19:36.8217470+08:00" endTime="2026-10-06T18:19:36.8700128+08:00" testType="13cdc9d9-ddb5-4fa4-a97d-d965ccfc6d4b" outcome="Passed" testListId="8c84fa94-04c1-424b-9868-57a2d4851a1d" relativeResultsDirectory="c1654607-050a-4d36-a462-8a83ec0b56e6" />
    <UnitTestResult executionId="38578f6d-c06e-4d1a-a625-ee905d4fbfa2" testId="d64d587d-812b-4fd1-5f8f-912a1e217093" testName="OptilandWorkbench.Tests.CommercialReliabilityTests.InvalidPsfMetadataIsRejectedWithoutAllocatingItsDeclaredGrid(size: 0)" computerName="DESKTOP-SET3SNR" duration="00:00:00.0043448" startTime="2026-10-06T18:19:18.9292400+08:00" endTime="2026-10-06T18:19:18.9392282+08:00" testType="13cdc9d9-ddb5-4fa4-a97d-d965ccfc6d4b" outcome="Passed" testListId="8c84fa94-04c1-424b-9868-57a2d4851a1d" relativeResultsDirectory="38578f6d-c06e-4d1a-a625-ee905d4fbfa2" />
    <UnitTestResult executionId="89d2f114-598c-4a41-aba5-82476b812246" testId="8e086fb5-e352-c4b5-27a5-6873741b6302" testName="OptilandWorkbench.Tests.CommercialReliabilityTests.PsfMtfPreservesRequestedGridAndMatchesIndependentAxisSums(size: 6, padded: False)" computerName="DESKTOP-SET3SNR" duration="00:00:00.0073691" startTime="2026-10-06T18:19:18.9487158+08:00" endTime="2026-10-06T18:19:18.9487507+08:00" testType="13cdc9d9-ddb5-4fa4-a97d-d965ccfc6d4b" outcome="Passed" testListId="8c84fa94-04c1-424b-9868-57a2d4851a1d" relativeResultsDirectory="89d2f114-598c-4a41-aba5-82476b812246" />
    <UnitTestResult executionId="c4f1905d-e483-4cb2-aa20-356c0d989f03" testId="5288f0f4-8910-db8b-cac6-38b27b14c8c0" testName="OptilandWorkbench.Tests.UiAuditRegressionTests.DefaultResultPageShowsActualContentRegardlessOfTitle(key: &quot;System Data Report&quot;, expectedIndex: 1)" computerName="DESKTOP-SET3SNR" duration="00:00:00.0076194" startTime="2026-10-06T18:19:36.8039037+08:00" endTime="2026-10-06T18:19:36.8117640+08:00" testType="13cdc9d9-ddb5-4fa4-a97d-d965ccfc6d4b" outcome="Passed" testListId="8c84fa94-04c1-424b-9868-57a2d4851a1d" relativeResultsDirectory="c4f1905d-e483-4cb2-aa20-356c0d989f03" />
    <UnitTestResult executionId="1e62d385-d859-459b-b92a-aa82dc871ad5" testId="21473fc0-3bd4-3f9e-bbdf-a6b635c6b179" testName="OptilandWorkbench.Tests.InterferogramFooterTests.FooterUsesTypedSummaryWithoutGenericRowsOrFabricatedFringeSettings(width: 1200)" computerName="DESKTOP-SET3SNR" duration="00:00:00.0133605" startTime="2026-10-06T18:19:40.9984148+08:00" endTime="2026-10-06T18:19:41.0119737+08:00" testType="13cdc9d9-ddb5-4fa4-a97d-d965ccfc6d4b" outcome="Passed" testListId="8c84fa94-04c1-424b-9868-57a2d4851a1d" relativeResultsDirectory="1e62d385-d859-459b-b92a-aa82dc871ad5" />
    <UnitTestResult executionId="71180393-2445-4852-abd4-b3b728dbeddf" testId="e9c76ca4-394a-5480-6b90-04b5eecb052c" testName="OptilandWorkbench.Tests.WavefrontSurfaceRenderTests.SettingsToggleUsesConfiguredSurfaceInLightTheme" computerName="DESKTOP-SET3SNR" duration="00:00:00.7058467" startTime="2026-10-06T18:19:35.4016626+08:00" endTime="2026-10-06T18:19:36.1077365+08:00" testType="13cdc9d9-ddb5-4fa4-a97d-d965ccfc6d4b" outcome="Passed" testListId="8c84fa94-04c1-424b-9868-57a2d4851a1d" relativeResultsDirectory="71180393-2445-4852-abd4-b3b728dbeddf" />
    <UnitTestResult executionId="d4326efa-68ff-4844-bf87-ca1db723c541" testId="45e7c168-bd16-fd92-074c-d676e75e1ce2" testName="OptilandWorkbench.Tests.CommercialReliabilityTests.DatabaseRangeDoesNotAllocateTheRequestedCapacityForASmallFile" computerName="DESKTOP-SET3SNR" duration="00:00:00.0046152" startTime="2026-10-06T18:19:35.1750077+08:00" endTime="2026-10-06T18:19:35.1793954+08:00" testType="13cdc9d9-ddb5-4fa4-a97d-d965ccfc6d4b" outcome="Passed" testListId="8c84fa94-04c1-424b-9868-57a2d4851a1d" relativeResultsDirectory="d4326efa-68ff-4844-bf87-ca1db723c541" />
  </Results>
  <TestDefinitions>
    <UnitTest name="OptilandWorkbench.Tests.CommercialReliabilityTests.DiffractionEntryPointsObserveAnAlreadyCancelledRequest(entryPoint: 4)" storage="d:\projects\opticalsystem\tests\optilandworkbench.tests\bin\debug\net10.0\optilandworkbench.tests.dll" id="b15692a0-756a-0a35-7725-945eb6cdfc08">
      <Execution id="477373c3-9ffa-4a43-88fe-bbc98039cc43" />
      <TestMethod codeBase="D:\Projects\opticalsystem\tests\OptilandWorkbench.Tests\bin\Debug\net10.0\OptilandWorkbench.Tests.dll" adapterTypeName="executor://xunit/VsTestRunner3/netcore/" className="OptilandWorkbench.Tests.CommercialReliabilityTests" name="DiffractionEntryPointsObserveAnAlreadyCancelledRequest" />
    </UnitTest>
    <UnitTest name="OptilandWorkbench.Tests.UiAuditRegressionTests.DefaultResultPageShowsActualContentRegardlessOfTitle(key: &quot;Classified Data Report&quot;, expectedIndex: 1)" storage="d:\projects\opticalsystem\tests\optilandworkbench.tests\bin\debug\net10.0\optilandworkbench.tests.dll" id="67d40c94-2c0e-a8ff-4dff-3fba0de3afcb">
      <Execution id="a638f682-c2f9-4f1a-a8b6-df3d672a862d" />
      <TestMethod codeBase="D:\Projects\opticalsystem\tests\OptilandWorkbench.Tests\bin\Debug\net10.0\OptilandWorkbench.Tests.dll" adapterTypeName="executor://xunit/VsTestRunner3/netcore/" className="OptilandWorkbench.Tests.UiAuditRegressionTests" name="DefaultResultPageShowsActualContentRegardlessOfTitle" />
    </UnitTest>
    <UnitTest name="OptilandWorkbench.Tests.CommercialReliabilityTests.PsfMtfPreservesRequestedGridAndMatchesIndependentAxisSums(size: 5, padded: False)" storage="d:\projects\opticalsystem\tests\optilandworkbench.tests\bin\debug\net10.0\optilandworkbench.tests.dll" id="cbdf955f-8f67-51da-24e7-17472bfb16f9">
      <Execution id="dcb26c61-b22c-4c9a-8da9-a21c11e329d2" />
      <TestMethod codeBase="D:\Projects\opticalsystem\tests\OptilandWorkbench.Tests\bin\Debug\net10.0\OptilandWorkbench.Tests.dll" adapterTypeName="executor://xunit/VsTestRunner3/netcore/" className="OptilandWorkbench.Tests.CommercialReliabilityTests" name="PsfMtfPreservesRequestedGridAndMatchesIndependentAxisSums" />
    </UnitTest>
    <UnitTest name="OptilandWorkbench.Tests.CommercialReliabilityTests.DiffractionEntryPointsObserveAnAlreadyCancelledRequest(entryPoint: 0)" storage="d:\projects\opticalsystem\tests\optilandworkbench.tests\bin\debug\net10.0\optilandworkbench.tests.dll" id="733758d4-ac84-b3fa-034f-e5a2b5cf5b01">
      <Execution id="89ff4092-d2e0-4cc4-b9cc-a15ac60af9dc" />
      <TestMethod codeBase="D:\Projects\opticalsystem\tests\OptilandWorkbench.Tests\bin\Debug\net10.0\OptilandWorkbench.Tests.dll" adapterTypeName="executor://xunit/VsTestRunner3/netcore/" className="OptilandWorkbench.Tests.CommercialReliabilityTests" name="DiffractionEntryPointsObserveAnAlreadyCancelledRequest" />
    </UnitTest>
    <UnitTest name="OptilandWorkbench.Tests.UiAuditRegressionTests.InvalidNumericInputRetainsErrorWithoutPublishingAnUpdate(cellName: &quot;SemiDiameterSolveCell&quot;)" storage="d:\projects\opticalsystem\tests\optilandworkbench.tests\bin\debug\net10.0\optilandworkbench.tests.dll" id="39db3f38-7988-a863-9c4d-cc001004a381">
      <Execution id="7ca3a07b-464d-4839-9f32-3726955ca78b" />
      <TestMethod codeBase="D:\Projects\opticalsystem\tests\OptilandWorkbench.Tests\bin\Debug\net10.0\OptilandWorkbench.Tests.dll" adapterTypeName="executor://xunit/VsTestRunner3/netcore/" className="OptilandWorkbench.Tests.UiAuditRegressionTests" name="InvalidNumericInputRetainsErrorWithoutPublishingAnUpdate" />
    </UnitTest>
    <UnitTest name="OptilandWorkbench.Tests.CommercialReliabilityTests.DirectImageSimulationKeepsTheFoldedMappingException" storage="d:\projects\opticalsystem\tests\optilandworkbench.tests\bin\debug\net10.0\optilandworkbench.tests.dll" id="d9e33346-4599-d8e9-918b-b8d7539519b7">
      <Execution id="b2c68ffb-c1d2-4bfd-b07f-aa4c42696cec" />
      <TestMethod codeBase="D:\Projects\opticalsystem\tests\OptilandWorkbench.Tests\bin\Debug\net10.0\OptilandWorkbench.Tests.dll" adapterTypeName="executor://xunit/VsTestRunner3/netcore/" className="OptilandWorkbench.Tests.CommercialReliabilityTests" name="DirectImageSimulationKeepsTheFoldedMappingException" />
    </UnitTest>
    <UnitTest name="OptilandWorkbench.Tests.OpticCapabilityPreflightTests.UnsupportedGeometryIsBlockedByEveryComputationalPreflight" storage="d:\projects\opticalsystem\tests\optilandworkbench.tests\bin\debug\net10.0\optilandworkbench.tests.dll" id="89389432-79c0-1ac2-3386-f4e3a3900607">
      <Execution id="6fa46c39-0a16-422f-8a63-b44f6949a7d4" />
      <TestMethod codeBase="D:\Projects\opticalsystem\tests\OptilandWorkbench.Tests\bin\Debug\net10.0\OptilandWorkbench.Tests.dll" adapterTypeName="executor://xunit/VsTestRunner3/netcore/" className="OptilandWorkbench.Tests.OpticCapabilityPreflightTests" name="UnsupportedGeometryIsBlockedByEveryComputationalPreflight" />
    </UnitTest>
    <UnitTest name="OptilandWorkbench.Tests.CommercialReliabilityTests.ExcessiveTransformsAreRejectedBeforeComputing(size: 185, padded: True)" storage="d:\projects\opticalsystem\tests\optilandworkbench.tests\bin\debug\net10.0\optilandworkbench.tests.dll" id="1adb0c71-500d-0554-7af2-af8257ec4cb3">
      <Execution id="e555b64b-aa57-4795-9b56-5e7aea9a90ea" />
      <TestMethod codeBase="D:\Projects\opticalsystem\tests\OptilandWorkbench.Tests\bin\Debug\net10.0\OptilandWorkbench.Tests.dll" adapterTypeName="executor://xunit/VsTestRunner3/netcore/" className="OptilandWorkbench.Tests.CommercialReliabilityTests" name="ExcessiveTransformsAreRejectedBeforeComputing" />
    </UnitTest>
    <UnitTest name="OptilandWorkbench.Tests.CommercialReliabilityTests.DiffractionEntryPointsObserveAnAlreadyCancelledRequest(entryPoint: 2)" storage="d:\projects\opticalsystem\tests\optilandworkbench.tests\bin\debug\net10.0\optilandworkbench.tests.dll" id="98a3a5b7-0d81-584a-5410-d550733bf754">
      <Execution id="3447df93-5c08-4bc8-9f6e-23ff0ee35d25" />
      <TestMethod codeBase="D:\Projects\opticalsystem\tests\OptilandWorkbench.Tests\bin\Debug\net10.0\OptilandWorkbench.Tests.dll" adapterTypeName="executor://xunit/VsTestRunner3/netcore/" className="OptilandWorkbench.Tests.CommercialReliabilityTests" name="DiffractionEntryPointsObserveAnAlreadyCancelledRequest" />
    </UnitTest>
    <UnitTest name="OptilandWorkbench.Tests.CommercialReliabilityTests.UnavailableImageSimulationPreservesTheOutputFileAndItsDiagnostic" storage="d:\projects\opticalsystem\tests\optilandworkbench.tests\bin\debug\net10.0\optilandworkbench.tests.dll" id="3ca4138d-688a-58c4-e3ff-73abc85125c1">
      <Execution id="f3396866-4be7-46d6-9b2a-0da3294e3295" />
      <TestMethod codeBase="D:\Projects\opticalsystem\tests\OptilandWorkbench.Tests\bin\Debug\net10.0\OptilandWorkbench.Tests.dll" adapterTypeName="executor://xunit/VsTestRunner3/netcore/" className="OptilandWorkbench.Tests.CommercialReliabilityTests" name="UnavailableImageSimulationPreservesTheOutputFileAndItsDiagnostic" />
    </UnitTest>
    <UnitTest name="OptilandWorkbench.Tests.CommercialReliabilityTests.InvalidPsfMetadataIsRejectedWithoutAllocatingItsDeclaredGrid(size: 2147483647)" storage="d:\projects\opticalsystem\tests\optilandworkbench.tests\bin\debug\net10.0\optilandworkbench.tests.dll" id="a51e3ede-0247-b6f8-4e06-3ced5868e854">
      <Execution id="53465dc4-a1c2-4feb-b2e5-65aafb1000fa" />
      <TestMethod codeBase="D:\Projects\opticalsystem\tests\OptilandWorkbench.Tests\bin\Debug\net10.0\OptilandWorkbench.Tests.dll" adapterTypeName="executor://xunit/VsTestRunner3/netcore/" className="OptilandWorkbench.Tests.CommercialReliabilityTests" name="InvalidPsfMetadataIsRejectedWithoutAllocatingItsDeclaredGrid" />
    </UnitTest>
    <UnitTest name="OptilandWorkbench.Tests.CommercialReliabilityTests.StarterImageSimulationReportsFoldedPupilWithSettingsAndNoFabricatedRaster(name: &quot;Extended Diffraction Image Analysis&quot;)" storage="d:\projects\opticalsystem\tests\optilandworkbench.tests\bin\debug\net10.0\optilandworkbench.tests.dll" id="d69aab41-d9de-2cd2-e844-50817e4d62aa">
      <Execution id="93733995-db18-4c44-a05f-cfda1f878736" />
      <TestMethod codeBase="D:\Projects\opticalsystem\tests\OptilandWorkbench.Tests\bin\Debug\net10.0\OptilandWorkbench.Tests.dll" adapterTypeName="executor://xunit/VsTestRunner3/netcore/" className="OptilandWorkbench.Tests.CommercialReliabilityTests" name="StarterImageSimulationReportsFoldedPupilWithSettingsAndNoFabricatedRaster" />
    </UnitTest>
    <UnitTest name="OptilandWorkbench.Tests.UiAuditRegressionTests.DefaultResultPageShowsActualContentRegardlessOfTitle(key: &quot;Matrix Spot Diagram&quot;, expectedIndex: 0)" storage="d:\projects\opticalsystem\tests\optilandworkbench.tests\bin\debug\net10.0\optilandworkbench.tests.dll" id="90989aea-e158-5171-b3a6-b3e8702e31cb">
      <Execution id="7be54ebb-52a8-415e-a140-dc5a74b57c2d" />
      <TestMethod codeBase="D:\Projects\opticalsystem\tests\OptilandWorkbench.Tests\bin\Debug\net10.0\OptilandWorkbench.Tests.dll" adapterTypeName="executor://xunit/VsTestRunner3/netcore/" className="OptilandWorkbench.Tests.UiAuditRegressionTests" name="DefaultResultPageShowsActualContentRegardlessOfTitle" />
    </UnitTest>
    <UnitTest name="OptilandWorkbench.Tests.CommercialReliabilityTests.DiffractionEntryPointsObserveAnAlreadyCancelledRequest(entryPoint: 3)" storage="d:\projects\opticalsystem\tests\optilandworkbench.tests\bin\debug\net10.0\optilandworkbench.tests.dll" id="62396946-9ab9-72a9-916b-b40ed0319b77">
      <Execution id="d653ce30-3f48-4da7-bbfe-3f41fe374be7" />
      <TestMethod codeBase="D:\Projects\opticalsystem\tests\OptilandWorkbench.Tests\bin\Debug\net10.0\OptilandWorkbench.Tests.dll" adapterTypeName="executor://xunit/VsTestRunner3/netcore/" className="OptilandWorkbench.Tests.CommercialReliabilityTests" name="DiffractionEntryPointsObserveAnAlreadyCancelledRequest" />
    </UnitTest>
    <UnitTest name="OptilandWorkbench.Tests.OpticCapabilityPreflightTests.NativeFilesPreserveOpaqueGeometryPayload" storage="d:\projects\opticalsystem\tests\optilandworkbench.tests\bin\debug\net10.0\optilandworkbench.tests.dll" id="628dfb09-e0ce-38bc-4660-6fd743a3d7f4">
      <Execution id="8fab046f-e68b-4e18-ac91-a7a03690911a" />
      <TestMethod codeBase="D:\Projects\opticalsystem\tests\OptilandWorkbench.Tests\bin\Debug\net10.0\OptilandWorkbench.Tests.dll" adapterTypeName="executor://xunit/VsTestRunner3/netcore/" className="OptilandWorkbench.Tests.OpticCapabilityPreflightTests" name="NativeFilesPreserveOpaqueGeometryPayload" />
    </UnitTest>
    <UnitTest name="OptilandWorkbench.Tests.CommercialReliabilityTests.PsfMtfPreservesRequestedGridAndMatchesIndependentAxisSums(size: 3, padded: False)" storage="d:\projects\opticalsystem\tests\optilandworkbench.tests\bin\debug\net10.0\optilandworkbench.tests.dll" id="da291c3d-8b4b-e986-1aa9-3b817b9e273c">
      <Execution id="6e405a1c-3bda-4ed9-8018-4ca94d4df0fe" />
      <TestMethod codeBase="D:\Projects\opticalsystem\tests\OptilandWorkbench.Tests\bin\Debug\net10.0\OptilandWorkbench.Tests.dll" adapterTypeName="executor://xunit/VsTestRunner3/netcore/" className="OptilandWorkbench.Tests.CommercialReliabilityTests" name="PsfMtfPreservesRequestedGridAndMatchesIndependentAxisSums" />
    </UnitTest>
    <UnitTest name="OptilandWorkbench.Tests.UiAuditRegressionTests.UnlockingAnOldResultRequiresSyncAndFileSwitchClearsLockedContent" storage="d:\projects\opticalsystem\tests\optilandworkbench.tests\bin\debug\net10.0\optilandworkbench.tests.dll" id="791d6dda-e36e-6719-8923-84ab4b4b8af3">
      <Execution id="4afa8a58-4861-4434-b24a-f7eeda55e573" />
      <TestMethod codeBase="D:\Projects\opticalsystem\tests\OptilandWorkbench.Tests\bin\Debug\net10.0\OptilandWorkbench.Tests.dll" adapterTypeName="executor://xunit/VsTestRunner3/netcore/" className="OptilandWorkbench.Tests.UiAuditRegressionTests" name="UnlockingAnOldResultRequiresSyncAndFileSwitchClearsLockedContent" />
    </UnitTest>
    <UnitTest name="OptilandWorkbench.Tests.CommercialReliabilityTests.PsfMtfPreservesRequestedGridAndMatchesIndependentAxisSums(size: 8, padded: True)" storage="d:\projects\opticalsystem\tests\optilandworkbench.tests\bin\debug\net10.0\optilandworkbench.tests.dll" id="75349926-e56b-7c46-2812-01ac20b3d1d0">
      <Execution id="5e7f84e2-2904-4de1-9465-17d748b99ed8" />
      <TestMethod codeBase="D:\Projects\opticalsystem\tests\OptilandWorkbench.Tests\bin\Debug\net10.0\OptilandWorkbench.Tests.dll" adapterTypeName="executor://xunit/VsTestRunner3/netcore/" className="OptilandWorkbench.Tests.CommercialReliabilityTests" name="PsfMtfPreservesRequestedGridAndMatchesIndependentAxisSums" />
    </UnitTest>
    <UnitTest name="OptilandWorkbench.Tests.CommercialReliabilityTests.PsfMtfPreservesRequestedGridAndMatchesIndependentAxisSums(size: 6, padded: False)" storage="d:\projects\opticalsystem\tests\optilandworkbench.tests\bin\debug\net10.0\optilandworkbench.tests.dll" id="8e086fb5-e352-c4b5-27a5-6873741b6302">
      <Execution id="89d2f114-598c-4a41-aba5-82476b812246" />
      <TestMethod codeBase="D:\Projects\opticalsystem\tests\OptilandWorkbench.Tests\bin\Debug\net10.0\OptilandWorkbench.Tests.dll" adapterTypeName="executor://xunit/VsTestRunner3/netcore/" className="OptilandWorkbench.Tests.CommercialReliabilityTests" name="PsfMtfPreservesRequestedGridAndMatchesIndependentAxisSums" />
    </UnitTest>
    <UnitTest name="OptilandWorkbench.Tests.CommercialReliabilityTests.InvalidPsfMetadataIsRejectedWithoutAllocatingItsDeclaredGrid(size: 2049)" storage="d:\projects\opticalsystem\tests\optilandworkbench.tests\bin\debug\net10.0\optilandworkbench.tests.dll" id="c242040b-fb30-161b-54e6-f48481564d85">
      <Execution id="7817266b-0afe-4a55-a099-b76005e83172" />
      <TestMethod codeBase="D:\Projects\opticalsystem\tests\OptilandWorkbench.Tests\bin\Debug\net10.0\OptilandWorkbench.Tests.dll" adapterTypeName="executor://xunit/VsTestRunner3/netcore/" className="OptilandWorkbench.Tests.CommercialReliabilityTests" name="InvalidPsfMetadataIsRejectedWithoutAllocatingItsDeclaredGrid" />
    </UnitTest>
    <UnitTest name="OptilandWorkbench.Tests.UiAuditRegressionTests.DefaultResultPageShowsActualContentRegardlessOfTitle(key: &quot;System Data Report&quot;, expectedIndex: 1)" storage="d:\projects\opticalsystem\tests\optilandworkbench.tests\bin\debug\net10.0\optilandworkbench.tests.dll" id="5288f0f4-8910-db8b-cac6-38b27b14c8c0">
      <Execution id="c4f1905d-e483-4cb2-aa20-356c0d989f03" />
      <TestMethod codeBase="D:\Projects\opticalsystem\tests\OptilandWorkbench.Tests\bin\Debug\net10.0\OptilandWorkbench.Tests.dll" adapterTypeName="executor://xunit/VsTestRunner3/netcore/" className="OptilandWorkbench.Tests.UiAuditRegressionTests" name="DefaultResultPageShowsActualContentRegardlessOfTitle" />
    </UnitTest>
    <UnitTest name="OptilandWorkbench.Tests.InterferogramFooterTests.MissingMetadataIsNotReportedAsZeroAndOtherKindsKeepTheirSummary" storage="d:\projects\opticalsystem\tests\optilandworkbench.tests\bin\debug\net10.0\optilandworkbench.tests.dll" id="50da7809-b988-c4a2-87e5-8e57bd950e9d">
      <Execution id="085f3d6d-2501-45d6-b331-57386705867b" />
      <TestMethod codeBase="D:\Projects\opticalsystem\tests\OptilandWorkbench.Tests\bin\Debug\net10.0\OptilandWorkbench.Tests.dll" adapterTypeName="executor://xunit/VsTestRunner3/netcore/" className="OptilandWorkbench.Tests.InterferogramFooterTests" name="MissingMetadataIsNotReportedAsZeroAndOtherKindsKeepTheirSummary" />
    </UnitTest>
    <UnitTest name="OptilandWorkbench.Tests.UiAuditRegressionTests.InvalidNumericInputRetainsErrorWithoutPublishingAnUpdate(cellName: &quot;ThicknessSolveCell&quot;)" storage="d:\projects\opticalsystem\tests\optilandworkbench.tests\bin\debug\net10.0\optilandworkbench.tests.dll" id="f8284d05-68c0-d365-27c2-92a32498b586">
      <Execution id="d88ba4ea-4e92-419f-bbde-131880e68e00" />
      <TestMethod codeBase="D:\Projects\opticalsystem\tests\OptilandWorkbench.Tests\bin\Debug\net10.0\OptilandWorkbench.Tests.dll" adapterTypeName="executor://xunit/VsTestRunner3/netcore/" className="OptilandWorkbench.Tests.UiAuditRegressionTests" name="InvalidNumericInputRetainsErrorWithoutPublishingAnUpdate" />
    </UnitTest>
    <UnitTest name="OptilandWorkbench.Tests.CommercialReliabilityTests.ExcessiveTransformsAreRejectedBeforeComputing(size: 2048, padded: True)" storage="d:\projects\opticalsystem\tests\optilandworkbench.tests\bin\debug\net10.0\optilandworkbench.tests.dll" id="6dd88539-615c-e8b4-eb91-f4164725e7af">
      <Execution id="7a0e5483-a5b0-45e1-a6d5-b03ab34e67c4" />
      <TestMethod codeBase="D:\Projects\opticalsystem\tests\OptilandWorkbench.Tests\bin\Debug\net10.0\OptilandWorkbench.Tests.dll" adapterTypeName="executor://xunit/VsTestRunner3/netcore/" className="OptilandWorkbench.Tests.CommercialReliabilityTests" name="ExcessiveTransformsAreRejectedBeforeComputing" />
    </UnitTest>
    <UnitTest name="OptilandWorkbench.Tests.InterferogramFooterTests.FooterUsesTypedSummaryWithoutGenericRowsOrFabricatedFringeSettings(width: 1200)" storage="d:\projects\opticalsystem\tests\optilandworkbench.tests\bin\debug\net10.0\optilandworkbench.tests.dll" id="21473fc0-3bd4-3f9e-bbdf-a6b635c6b179">
      <Execution id="1e62d385-d859-459b-b92a-aa82dc871ad5" />
      <TestMethod codeBase="D:\Projects\opticalsystem\tests\OptilandWorkbench.Tests\bin\Debug\net10.0\OptilandWorkbench.Tests.dll" adapterTypeName="executor://xunit/VsTestRunner3/netcore/" className="OptilandWorkbench.Tests.InterferogramFooterTests" name="FooterUsesTypedSummaryWithoutGenericRowsOrFabricatedFringeSettings" />
    </UnitTest>
    <UnitTest name="OptilandWorkbench.Tests.CommercialReliabilityTests.DatabaseRejectsOversizedCompressedChunkAtIndexValidation" storage="d:\projects\opticalsystem\tests\optilandworkbench.tests\bin\debug\net10.0\optilandworkbench.tests.dll" id="e00a6b3a-f5ee-9dc8-c310-a63924f39df5">
      <Execution id="7f31df74-581d-43a5-a305-f7ec9d26657c" />
      <TestMethod codeBase="D:\Projects\opticalsystem\tests\OptilandWorkbench.Tests\bin\Debug\net10.0\OptilandWorkbench.Tests.dll" adapterTypeName="executor://xunit/VsTestRunner3/netcore/" className="OptilandWorkbench.Tests.CommercialReliabilityTests" name="DatabaseRejectsOversizedCompressedChunkAtIndexValidation" />
    </UnitTest>
    <UnitTest name="OptilandWorkbench.Tests.CommercialReliabilityTests.PsfMtfPreservesRequestedGridAndMatchesIndependentAxisSums(size: 8, padded: False)" storage="d:\projects\opticalsystem\tests\optilandworkbench.tests\bin\debug\net10.0\optilandworkbench.tests.dll" id="005c59ac-ebfa-6129-47a2-bbe5f46c23b3">
      <Execution id="7dc98e64-1743-42b4-8333-128c6d9856a4" />
      <TestMethod codeBase="D:\Projects\opticalsystem\tests\OptilandWorkbench.Tests\bin\Debug\net10.0\OptilandWorkbench.Tests.dll" adapterTypeName="executor://xunit/VsTestRunner3/netcore/" className="OptilandWorkbench.Tests.CommercialReliabilityTests" name="PsfMtfPreservesRequestedGridAndMatchesIndependentAxisSums" />
    </UnitTest>
    <UnitTest name="OptilandWorkbench.Tests.CommercialReliabilityTests.DirectFrequencyBudgetIsCheckedBeforeReadingTheFrequencyList" storage="d:\projects\opticalsystem\tests\optilandworkbench.tests\bin\debug\net10.0\optilandworkbench.tests.dll" id="e48b483f-cfc3-0fdd-c6a1-45db92389134">
      <Execution id="19259f02-f8ff-4c9f-b052-d925128ab470" />
      <TestMethod codeBase="D:\Projects\opticalsystem\tests\OptilandWorkbench.Tests\bin\Debug\net10.0\OptilandWorkbench.Tests.dll" adapterTypeName="executor://xunit/VsTestRunner3/netcore/" className="OptilandWorkbench.Tests.CommercialReliabilityTests" name="DirectFrequencyBudgetIsCheckedBeforeReadingTheFrequencyList" />
    </UnitTest>
    <UnitTest name="OptilandWorkbench.Tests.CommercialReliabilityTests.NonPowerOfTwoTransformObservesCancellationDuringComputation" storage="d:\projects\opticalsystem\tests\optilandworkbench.tests\bin\debug\net10.0\optilandworkbench.tests.dll" id="35862ea7-b39a-3ede-755b-3c78ff0f1230">
      <Execution id="87c7f0f6-0fbe-4d2d-a4bd-2ace77b68799" />
      <TestMethod codeBase="D:\Projects\opticalsystem\tests\OptilandWorkbench.Tests\bin\Debug\net10.0\OptilandWorkbench.Tests.dll" adapterTypeName="executor://xunit/VsTestRunner3/netcore/" className="OptilandWorkbench.Tests.CommercialReliabilityTests" name="NonPowerOfTwoTransformObservesCancellationDuringComputation" />
    </UnitTest>
    <UnitTest name="OptilandWorkbench.Tests.UiAuditRegressionTests.InvalidNumericInputRetainsErrorWithoutPublishingAnUpdate(cellName: &quot;RadiusSolveCell&quot;)" storage="d:\projects\opticalsystem\tests\optilandworkbench.tests\bin\debug\net10.0\optilandworkbench.tests.dll" id="3af7e193-9a0d-de6f-5566-ef3405111c55">
      <Execution id="2ffdde97-3606-42dd-b378-50fa61c3cf40" />
      <TestMethod codeBase="D:\Projects\opticalsystem\tests\OptilandWorkbench.Tests\bin\Debug\net10.0\OptilandWorkbench.Tests.dll" adapterTypeName="executor://xunit/VsTestRunner3/netcore/" className="OptilandWorkbench.Tests.UiAuditRegressionTests" name="InvalidNumericInputRetainsErrorWithoutPublishingAnUpdate" />
    </UnitTest>
    <UnitTest name="OptilandWorkbench.Tests.CommercialReliabilityTests.DiffractionEntryPointsObserveAnAlreadyCancelledRequest(entryPoint: 1)" storage="d:\projects\opticalsystem\tests\optilandworkbench.tests\bin\debug\net10.0\optilandworkbench.tests.dll" id="b70f44e5-fbff-6697-a6ad-8a1c87e1d2be">
      <Execution id="fc69b856-5b1a-4a16-b624-a50a75610378" />
      <TestMethod codeBase="D:\Projects\opticalsystem\tests\OptilandWorkbench.Tests\bin\Debug\net10.0\OptilandWorkbench.Tests.dll" adapterTypeName="executor://xunit/VsTestRunner3/netcore/" className="OptilandWorkbench.Tests.CommercialReliabilityTests" name="DiffractionEntryPointsObserveAnAlreadyCancelledRequest" />
    </UnitTest>
    <UnitTest name="OptilandWorkbench.Tests.CommercialReliabilityTests.PsfMtfPreservesRequestedGridAndMatchesIndependentAxisSums(size: 5, padded: True)" storage="d:\projects\opticalsystem\tests\optilandworkbench.tests\bin\debug\net10.0\optilandworkbench.tests.dll" id="a43a45c5-63d6-b297-db3c-8ad2e3271256">
      <Execution id="36a17cd0-c6d9-4fe3-a171-26962f75a286" />
      <TestMethod codeBase="D:\Projects\opticalsystem\tests\OptilandWorkbench.Tests\bin\Debug\net10.0\OptilandWorkbench.Tests.dll" adapterTypeName="executor://xunit/VsTestRunner3/netcore/" className="OptilandWorkbench.Tests.CommercialReliabilityTests" name="PsfMtfPreservesRequestedGridAndMatchesIndependentAxisSums" />
    </UnitTest>
    <UnitTest name="OptilandWorkbench.Tests.UiAuditRegressionTests.DefaultResultPageShowsActualContentRegardlessOfTitle(key: &quot;Wavefront Map&quot;, expectedIndex: 0)" storage="d:\projects\opticalsystem\tests\optilandworkbench.tests\bin\debug\net10.0\optilandworkbench.tests.dll" id="d3b41f5b-d757-bf87-e986-79767aa3a67d">
      <Execution id="967d63f5-8fd6-45c7-833e-33615c464072" />
      <TestMethod codeBase="D:\Projects\opticalsystem\tests\OptilandWorkbench.Tests\bin\Debug\net10.0\OptilandWorkbench.Tests.dll" adapterTypeName="executor://xunit/VsTestRunner3/netcore/" className="OptilandWorkbench.Tests.UiAuditRegressionTests" name="DefaultResultPageShowsActualContentRegardlessOfTitle" />
    </UnitTest>
    <UnitTest name="OptilandWorkbench.Tests.CommercialReliabilityTests.ExcessiveTransformsAreRejectedBeforeComputing(size: 369, padded: False)" storage="d:\projects\opticalsystem\tests\optilandworkbench.tests\bin\debug\net10.0\optilandworkbench.tests.dll" id="2a8e39f0-8ec4-99a1-c59d-b73bd9189962">
      <Execution id="a5cbe6e1-888f-4bd3-acbc-68196e721fbb" />
      <TestMethod codeBase="D:\Projects\opticalsystem\tests\OptilandWorkbench.Tests\bin\Debug\net10.0\OptilandWorkbench.Tests.dll" adapterTypeName="executor://xunit/VsTestRunner3/netcore/" className="OptilandWorkbench.Tests.CommercialReliabilityTests" name="ExcessiveTransformsAreRejectedBeforeComputing" />
    </UnitTest>
    <UnitTest name="OptilandWorkbench.Tests.CommercialReliabilityTests.DatabaseRangeDoesNotAllocateTheRequestedCapacityForASmallFile" storage="d:\projects\opticalsystem\tests\optilandworkbench.tests\bin\debug\net10.0\optilandworkbench.tests.dll" id="45e7c168-bd16-fd92-074c-d676e75e1ce2">
      <Execution id="d4326efa-68ff-4844-bf87-ca1db723c541" />
      <TestMethod codeBase="D:\Projects\opticalsystem\tests\OptilandWorkbench.Tests\bin\Debug\net10.0\OptilandWorkbench.Tests.dll" adapterTypeName="executor://xunit/VsTestRunner3/netcore/" className="OptilandWorkbench.Tests.CommercialReliabilityTests" name="DatabaseRangeDoesNotAllocateTheRequestedCapacityForASmallFile" />
    </UnitTest>
    <UnitTest name="OptilandWorkbench.Tests.CommercialReliabilityTests.StarterImageSimulationReportsFoldedPupilWithSettingsAndNoFabricatedRaster(name: &quot;Partially Coherent Image Analysis&quot;)" storage="d:\projects\opticalsystem\tests\optilandworkbench.tests\bin\debug\net10.0\optilandworkbench.tests.dll" id="c4a978a7-5db2-9d2b-f258-a3c09485cf26">
      <Execution id="beafc5c2-f012-4eba-873c-f18dbedb3ad3" />
      <TestMethod codeBase="D:\Projects\opticalsystem\tests\OptilandWorkbench.Tests\bin\Debug\net10.0\OptilandWorkbench.Tests.dll" adapterTypeName="executor://xunit/VsTestRunner3/netcore/" className="OptilandWorkbench.Tests.CommercialReliabilityTests" name="StarterImageSimulationReportsFoldedPupilWithSettingsAndNoFabricatedRaster" />
    </UnitTest>
    <UnitTest name="OptilandWorkbench.Tests.InterferogramFooterTests.MetadataUsesActualSelectedFieldCoordinatesAndTypedUnits(fieldKind: ObjectHeight, unit: Millimeter)" storage="d:\projects\opticalsystem\tests\optilandworkbench.tests\bin\debug\net10.0\optilandworkbench.tests.dll" id="a965584f-199f-7fd5-48c2-bd3a1d74cfeb">
      <Execution id="d795ff4d-2ea9-4343-bed0-4fda4c935ae5" />
      <TestMethod codeBase="D:\Projects\opticalsystem\tests\OptilandWorkbench.Tests\bin\Debug\net10.0\OptilandWorkbench.Tests.dll" adapterTypeName="executor://xunit/VsTestRunner3/netcore/" className="OptilandWorkbench.Tests.InterferogramFooterTests" name="MetadataUsesActualSelectedFieldCoordinatesAndTypedUnits" />
    </UnitTest>
    <UnitTest name="OptilandWorkbench.Tests.UiAuditRegressionTests.DefaultResultPageShowsActualContentRegardlessOfTitle(key: &quot;Spot Diagram&quot;, expectedIndex: 0)" storage="d:\projects\opticalsystem\tests\optilandworkbench.tests\bin\debug\net10.0\optilandworkbench.tests.dll" id="f72d4b48-977a-3830-e72a-e8b3154e1dc4">
      <Execution id="c1654607-050a-4d36-a462-8a83ec0b56e6" />
      <TestMethod codeBase="D:\Projects\opticalsystem\tests\OptilandWorkbench.Tests\bin\Debug\net10.0\OptilandWorkbench.Tests.dll" adapterTypeName="executor://xunit/VsTestRunner3/netcore/" className="OptilandWorkbench.Tests.UiAuditRegressionTests" name="DefaultResultPageShowsActualContentRegardlessOfTitle" />
    </UnitTest>
    <UnitTest name="OptilandWorkbench.Tests.OpticCapabilityPreflightTests.ManufacturingRowsExposeAndBlockOpaqueGeometry" storage="d:\projects\opticalsystem\tests\optilandworkbench.tests\bin\debug\net10.0\optilandworkbench.tests.dll" id="82498c8c-3245-c713-c4d4-a66683d68d67">
      <Execution id="09eabaae-19aa-4965-a0e5-c45e6e395741" />
      <TestMethod codeBase="D:\Projects\opticalsystem\tests\OptilandWorkbench.Tests\bin\Debug\net10.0\OptilandWorkbench.Tests.dll" adapterTypeName="executor://xunit/VsTestRunner3/netcore/" className="OptilandWorkbench.Tests.OpticCapabilityPreflightTests" name="ManufacturingRowsExposeAndBlockOpaqueGeometry" />
    </UnitTest>
    <UnitTest name="OptilandWorkbench.Tests.OpticCapabilityPreflightTests.UnknownSnapshotGeometryRequiresAndPreservesOpaquePayload" storage="d:\projects\opticalsystem\tests\optilandworkbench.tests\bin\debug\net10.0\optilandworkbench.tests.dll" id="cb31e8a1-b113-1692-ba0a-3ee23b8f3f9f">
      <Execution id="51b7e64e-f8dd-4d7b-a7b1-fb33523f556b" />
      <TestMethod codeBase="D:\Projects\opticalsystem\tests\OptilandWorkbench.Tests\bin\Debug\net10.0\OptilandWorkbench.Tests.dll" adapterTypeName="executor://xunit/VsTestRunner3/netcore/" className="OptilandWorkbench.Tests.OpticCapabilityPreflightTests" name="UnknownSnapshotGeometryRequiresAndPreservesOpaquePayload" />
    </UnitTest>
    <UnitTest name="OptilandWorkbench.Tests.WavefrontSurfaceRenderTests.SettingsToggleUsesConfiguredSurfaceInLightTheme" storage="d:\projects\opticalsystem\tests\optilandworkbench.tests\bin\debug\net10.0\optilandworkbench.tests.dll" id="e9c76ca4-394a-5480-6b90-04b5eecb052c">
      <Execution id="71180393-2445-4852-abd4-b3b728dbeddf" />
      <TestMethod codeBase="D:\Projects\opticalsystem\tests\OptilandWorkbench.Tests\bin\Debug\net10.0\OptilandWorkbench.Tests.dll" adapterTypeName="executor://xunit/VsTestRunner3/netcore/" className="OptilandWorkbench.Tests.WavefrontSurfaceRenderTests" name="SettingsToggleUsesConfiguredSurfaceInLightTheme" />
    </UnitTest>
    <UnitTest name="OptilandWorkbench.Tests.CommercialReliabilityTests.DatabaseRejectsOversizedCompressedHeaderBeforeReadingItsPayload" storage="d:\projects\opticalsystem\tests\optilandworkbench.tests\bin\debug\net10.0\optilandworkbench.tests.dll" id="2a1b1918-e093-7127-e62b-dbd89fcf564b">
      <Execution id="d5c7e1f2-6075-4ce0-9dc6-06b86ba02da3" />
      <TestMethod codeBase="D:\Projects\opticalsystem\tests\OptilandWorkbench.Tests\bin\Debug\net10.0\OptilandWorkbench.Tests.dll" adapterTypeName="executor://xunit/VsTestRunner3/netcore/" className="OptilandWorkbench.Tests.CommercialReliabilityTests" name="DatabaseRejectsOversizedCompressedHeaderBeforeReadingItsPayload" />
    </UnitTest>
    <UnitTest name="OptilandWorkbench.Tests.InterferogramFooterTests.MetadataUsesActualSelectedFieldCoordinatesAndTypedUnits(fieldKind: Angle, unit: Degree)" storage="d:\projects\opticalsystem\tests\optilandworkbench.tests\bin\debug\net10.0\optilandworkbench.tests.dll" id="3f657b24-9d22-3837-cd60-767122af24ea">
      <Execution id="1b85297d-0c82-4f04-bf26-b57729b5c8ec" />
      <TestMethod codeBase="D:\Projects\opticalsystem\tests\OptilandWorkbench.Tests\bin\Debug\net10.0\OptilandWorkbench.Tests.dll" adapterTypeName="executor://xunit/VsTestRunner3/netcore/" className="OptilandWorkbench.Tests.InterferogramFooterTests" name="MetadataUsesActualSelectedFieldCoordinatesAndTypedUnits" />
    </UnitTest>
    <UnitTest name="OptilandWorkbench.Tests.UiAuditRegressionTests.HeadlessSessionWaitsForAsyncCallbacks" storage="d:\projects\opticalsystem\tests\optilandworkbench.tests\bin\debug\net10.0\optilandworkbench.tests.dll" id="9c2962ae-9844-af08-e4d9-b778580dc3a2">
      <Execution id="7736373b-a4ae-43bd-999f-18f0e1856e9b" />
      <TestMethod codeBase="D:\Projects\opticalsystem\tests\OptilandWorkbench.Tests\bin\Debug\net10.0\OptilandWorkbench.Tests.dll" adapterTypeName="executor://xunit/VsTestRunner3/netcore/" className="OptilandWorkbench.Tests.UiAuditRegressionTests" name="HeadlessSessionWaitsForAsyncCallbacks" />
    </UnitTest>
    <UnitTest name="OptilandWorkbench.Tests.CommercialReliabilityTests.PsfMtfPreservesRequestedGridAndMatchesIndependentAxisSums(size: 9, padded: False)" storage="d:\projects\opticalsystem\tests\optilandworkbench.tests\bin\debug\net10.0\optilandworkbench.tests.dll" id="cd9efe57-2908-be9c-4a24-06110209190e">
      <Execution id="dfa73986-06dd-4e09-8003-4d7ea665afdd" />
      <TestMethod codeBase="D:\Projects\opticalsystem\tests\OptilandWorkbench.Tests\bin\Debug\net10.0\OptilandWorkbench.Tests.dll" adapterTypeName="executor://xunit/VsTestRunner3/netcore/" className="OptilandWorkbench.Tests.CommercialReliabilityTests" name="PsfMtfPreservesRequestedGridAndMatchesIndependentAxisSums" />
    </UnitTest>
    <UnitTest name="OptilandWorkbench.Tests.UiAuditRegressionTests.HeadlessSessionPropagatesAsyncCallbackFailures" storage="d:\projects\opticalsystem\tests\optilandworkbench.tests\bin\debug\net10.0\optilandworkbench.tests.dll" id="83117c8d-2821-99c1-2bd3-95dc99d7d970">
      <Execution id="e7d85b3b-57aa-4686-9ccd-13f417e870f1" />
      <TestMethod codeBase="D:\Projects\opticalsystem\tests\OptilandWorkbench.Tests\bin\Debug\net10.0\OptilandWorkbench.Tests.dll" adapterTypeName="executor://xunit/VsTestRunner3/netcore/" className="OptilandWorkbench.Tests.UiAuditRegressionTests" name="HeadlessSessionPropagatesAsyncCallbackFailures" />
    </UnitTest>
    <UnitTest name="OptilandWorkbench.Tests.UiAuditRegressionTests.DefaultResultPageShowsActualContentRegardlessOfTitle(key: &quot;First Order&quot;, expectedIndex: 1)" storage="d:\projects\opticalsystem\tests\optilandworkbench.tests\bin\debug\net10.0\optilandworkbench.tests.dll" id="8cfeb267-502d-5789-e701-2bc47d0e2b6a">
      <Execution id="3f1aeebf-8665-4e5c-9cb3-fe4c63363553" />
      <TestMethod codeBase="D:\Projects\opticalsystem\tests\OptilandWorkbench.Tests\bin\Debug\net10.0\OptilandWorkbench.Tests.dll" adapterTypeName="executor://xunit/VsTestRunner3/netcore/" className="OptilandWorkbench.Tests.UiAuditRegressionTests" name="DefaultResultPageShowsActualContentRegardlessOfTitle" />
    </UnitTest>
    <UnitTest name="OptilandWorkbench.Tests.InterferogramFooterTests.FooterUsesTypedSummaryWithoutGenericRowsOrFabricatedFringeSettings(width: 600)" storage="d:\projects\opticalsystem\tests\optilandworkbench.tests\bin\debug\net10.0\optilandworkbench.tests.dll" id="a4e53c95-3c93-f040-f96d-b5b89b056ccf">
      <Execution id="fa5a0ed8-a2fa-441b-aa1c-3d29e15993b6" />
      <TestMethod codeBase="D:\Projects\opticalsystem\tests\OptilandWorkbench.Tests\bin\Debug\net10.0\OptilandWorkbench.Tests.dll" adapterTypeName="executor://xunit/VsTestRunner3/netcore/" className="OptilandWorkbench.Tests.InterferogramFooterTests" name="FooterUsesTypedSummaryWithoutGenericRowsOrFabricatedFringeSettings" />
    </UnitTest>
    <UnitTest name="OptilandWorkbench.Tests.UiAuditRegressionTests.DefaultResultPageShowsActualContentRegardlessOfTitle(key: &quot;Prescription Report&quot;, expectedIndex: 1)" storage="d:\projects\opticalsystem\tests\optilandworkbench.tests\bin\debug\net10.0\optilandworkbench.tests.dll" id="ffcd9866-ed50-a72f-313e-b7bbbdaf0e53">
      <Execution id="057b997f-c5b4-43ce-8152-513cbb5b68e0" />
      <TestMethod codeBase="D:\Projects\opticalsystem\tests\OptilandWorkbench.Tests\bin\Debug\net10.0\OptilandWorkbench.Tests.dll" adapterTypeName="executor://xunit/VsTestRunner3/netcore/" className="OptilandWorkbench.Tests.UiAuditRegressionTests" name="DefaultResultPageShowsActualContentRegardlessOfTitle" />
    </UnitTest>
    <UnitTest name="OptilandWorkbench.Tests.CommercialReliabilityTests.InvalidPsfMetadataIsRejectedWithoutAllocatingItsDeclaredGrid(size: 0)" storage="d:\projects\opticalsystem\tests\optilandworkbench.tests\bin\debug\net10.0\optilandworkbench.tests.dll" id="d64d587d-812b-4fd1-5f8f-912a1e217093">
      <Execution id="38578f6d-c06e-4d1a-a625-ee905d4fbfa2" />
      <TestMethod codeBase="D:\Projects\opticalsystem\tests\OptilandWorkbench.Tests\bin\Debug\net10.0\OptilandWorkbench.Tests.dll" adapterTypeName="executor://xunit/VsTestRunner3/netcore/" className="OptilandWorkbench.Tests.CommercialReliabilityTests" name="InvalidPsfMetadataIsRejectedWithoutAllocatingItsDeclaredGrid" />
    </UnitTest>
    <UnitTest name="OptilandWorkbench.Tests.CommercialReliabilityTests.StarterImageSimulationProducesValidDataWhenAnExplicitSmallFieldIsSelected" storage="d:\projects\opticalsystem\tests\optilandworkbench.tests\bin\debug\net10.0\optilandworkbench.tests.dll" id="314f86cf-299c-0126-81ab-5994f98974a5">
      <Execution id="6c99f2fb-7bcd-4ad6-b212-d232c30e3540" />
      <TestMethod codeBase="D:\Projects\opticalsystem\tests\OptilandWorkbench.Tests\bin\Debug\net10.0\OptilandWorkbench.Tests.dll" adapterTypeName="executor://xunit/VsTestRunner3/netcore/" className="OptilandWorkbench.Tests.CommercialReliabilityTests" name="StarterImageSimulationProducesValidDataWhenAnExplicitSmallFieldIsSelected" />
    </UnitTest>
    <UnitTest name="OptilandWorkbench.Tests.OpticCapabilityPreflightTests.EveryPublicParaxialEntryPointBlocksOpaqueGeometry" storage="d:\projects\opticalsystem\tests\optilandworkbench.tests\bin\debug\net10.0\optilandworkbench.tests.dll" id="2b66352f-c2ea-c93b-150b-e28253c694df">
      <Execution id="0fe7ab4b-c1c2-4ec6-a911-91cc776e0c1d" />
      <TestMethod codeBase="D:\Projects\opticalsystem\tests\OptilandWorkbench.Tests\bin\Debug\net10.0\OptilandWorkbench.Tests.dll" adapterTypeName="executor://xunit/VsTestRunner3/netcore/" className="OptilandWorkbench.Tests.OpticCapabilityPreflightTests" name="EveryPublicParaxialEntryPointBlocksOpaqueGeometry" />
    </UnitTest>
    <UnitTest name="OptilandWorkbench.Tests.UiAuditRegressionTests.InvalidNumericInputRetainsErrorWithoutPublishingAnUpdate(cellName: &quot;ThermalExpansionCell&quot;)" storage="d:\projects\opticalsystem\tests\optilandworkbench.tests\bin\debug\net10.0\optilandworkbench.tests.dll" id="afe3b471-03fa-d88f-069d-e386260b7190">
      <Execution id="bf88b868-8242-413a-9b73-15a8500dcb23" />
      <TestMethod codeBase="D:\Projects\opticalsystem\tests\OptilandWorkbench.Tests\bin\Debug\net10.0\OptilandWorkbench.Tests.dll" adapterTypeName="executor://xunit/VsTestRunner3/netcore/" className="OptilandWorkbench.Tests.UiAuditRegressionTests" name="InvalidNumericInputRetainsErrorWithoutPublishingAnUpdate" />
    </UnitTest>
    <UnitTest name="OptilandWorkbench.Tests.CommercialReliabilityTests.StarterImageSimulationReportsFoldedPupilWithSettingsAndNoFabricatedRaster(name: &quot;Image Simulation&quot;)" storage="d:\projects\opticalsystem\tests\optilandworkbench.tests\bin\debug\net10.0\optilandworkbench.tests.dll" id="52108556-4ca6-1e7c-e526-6c8c169b5aef">
      <Execution id="71a7bd82-7fa6-426b-96fc-2d2a6a2adb70" />
      <TestMethod codeBase="D:\Projects\opticalsystem\tests\OptilandWorkbench.Tests\bin\Debug\net10.0\OptilandWorkbench.Tests.dll" adapterTypeName="executor://xunit/VsTestRunner3/netcore/" className="OptilandWorkbench.Tests.CommercialReliabilityTests" name="StarterImageSimulationReportsFoldedPupilWithSettingsAndNoFabricatedRaster" />
    </UnitTest>
    <UnitTest name="OptilandWorkbench.Tests.OpticCapabilityPreflightTests.OpaqueGeometryRoundTripsPayloadWithoutBecomingAPlane" storage="d:\projects\opticalsystem\tests\optilandworkbench.tests\bin\debug\net10.0\optilandworkbench.tests.dll" id="7343b87f-da4d-a7db-4dc5-adfba82889b6">
      <Execution id="d5912a58-55c7-44f6-9676-9938114866c6" />
      <TestMethod codeBase="D:\Projects\opticalsystem\tests\OptilandWorkbench.Tests\bin\Debug\net10.0\OptilandWorkbench.Tests.dll" adapterTypeName="executor://xunit/VsTestRunner3/netcore/" className="OptilandWorkbench.Tests.OpticCapabilityPreflightTests" name="OpaqueGeometryRoundTripsPayloadWithoutBecomingAPlane" />
    </UnitTest>
    <UnitTest name="OptilandWorkbench.Tests.WavefrontSurfaceRenderTests.InitialViewDoesNotInvalidateTheActiveRenderPass" storage="d:\projects\opticalsystem\tests\optilandworkbench.tests\bin\debug\net10.0\optilandworkbench.tests.dll" id="4e883d4f-0f9b-a24a-6a1e-f150b104da90">
      <Execution id="8d6239fa-0584-4484-a9f2-29e6049f558f" />
      <TestMethod codeBase="D:\Projects\opticalsystem\tests\OptilandWorkbench.Tests\bin\Debug\net10.0\OptilandWorkbench.Tests.dll" adapterTypeName="executor://xunit/VsTestRunner3/netcore/" className="OptilandWorkbench.Tests.WavefrontSurfaceRenderTests" name="InitialViewDoesNotInvalidateTheActiveRenderPass" />
    </UnitTest>
  </TestDefinitions>
  <TestEntries>
    <TestEntry testId="a4e53c95-3c93-f040-f96d-b5b89b056ccf" executionId="fa5a0ed8-a2fa-441b-aa1c-3d29e15993b6" testListId="8c84fa94-04c1-424b-9868-57a2d4851a1d" />
    <TestEntry testId="2a1b1918-e093-7127-e62b-dbd89fcf564b" executionId="d5c7e1f2-6075-4ce0-9dc6-06b86ba02da3" testListId="8c84fa94-04c1-424b-9868-57a2d4851a1d" />
    <TestEntry testId="35862ea7-b39a-3ede-755b-3c78ff0f1230" executionId="87c7f0f6-0fbe-4d2d-a4bd-2ace77b68799" testListId="8c84fa94-04c1-424b-9868-57a2d4851a1d" />
    <TestEntry testId="3f657b24-9d22-3837-cd60-767122af24ea" executionId="1b85297d-0c82-4f04-bf26-b57729b5c8ec" testListId="8c84fa94-04c1-424b-9868-57a2d4851a1d" />
    <TestEntry testId="a43a45c5-63d6-b297-db3c-8ad2e3271256" executionId="36a17cd0-c6d9-4fe3-a171-26962f75a286" testListId="8c84fa94-04c1-424b-9868-57a2d4851a1d" />
    <TestEntry testId="afe3b471-03fa-d88f-069d-e386260b7190" executionId="bf88b868-8242-413a-9b73-15a8500dcb23" testListId="8c84fa94-04c1-424b-9868-57a2d4851a1d" />
    <TestEntry testId="e00a6b3a-f5ee-9dc8-c310-a63924f39df5" executionId="7f31df74-581d-43a5-a305-f7ec9d26657c" testListId="8c84fa94-04c1-424b-9868-57a2d4851a1d" />
    <TestEntry testId="733758d4-ac84-b3fa-034f-e5a2b5cf5b01" executionId="89ff4092-d2e0-4cc4-b9cc-a15ac60af9dc" testListId="8c84fa94-04c1-424b-9868-57a2d4851a1d" />
    <TestEntry testId="8cfeb267-502d-5789-e701-2bc47d0e2b6a" executionId="3f1aeebf-8665-4e5c-9cb3-fe4c63363553" testListId="8c84fa94-04c1-424b-9868-57a2d4851a1d" />
    <TestEntry testId="39db3f38-7988-a863-9c4d-cc001004a381" executionId="7ca3a07b-464d-4839-9f32-3726955ca78b" testListId="8c84fa94-04c1-424b-9868-57a2d4851a1d" />
    <TestEntry testId="628dfb09-e0ce-38bc-4660-6fd743a3d7f4" executionId="8fab046f-e68b-4e18-ac91-a7a03690911a" testListId="8c84fa94-04c1-424b-9868-57a2d4851a1d" />
    <TestEntry testId="b70f44e5-fbff-6697-a6ad-8a1c87e1d2be" executionId="fc69b856-5b1a-4a16-b624-a50a75610378" testListId="8c84fa94-04c1-424b-9868-57a2d4851a1d" />
    <TestEntry testId="314f86cf-299c-0126-81ab-5994f98974a5" executionId="6c99f2fb-7bcd-4ad6-b212-d232c30e3540" testListId="8c84fa94-04c1-424b-9868-57a2d4851a1d" />
    <TestEntry testId="6dd88539-615c-e8b4-eb91-f4164725e7af" executionId="7a0e5483-a5b0-45e1-a6d5-b03ab34e67c4" testListId="8c84fa94-04c1-424b-9868-57a2d4851a1d" />
    <TestEntry testId="67d40c94-2c0e-a8ff-4dff-3fba0de3afcb" executionId="a638f682-c2f9-4f1a-a8b6-df3d672a862d" testListId="8c84fa94-04c1-424b-9868-57a2d4851a1d" />
    <TestEntry testId="791d6dda-e36e-6719-8923-84ab4b4b8af3" executionId="4afa8a58-4861-4434-b24a-f7eeda55e573" testListId="8c84fa94-04c1-424b-9868-57a2d4851a1d" />
    <TestEntry testId="62396946-9ab9-72a9-916b-b40ed0319b77" executionId="d653ce30-3f48-4da7-bbfe-3f41fe374be7" testListId="8c84fa94-04c1-424b-9868-57a2d4851a1d" />
    <TestEntry testId="9c2962ae-9844-af08-e4d9-b778580dc3a2" executionId="7736373b-a4ae-43bd-999f-18f0e1856e9b" testListId="8c84fa94-04c1-424b-9868-57a2d4851a1d" />
    <TestEntry testId="d9e33346-4599-d8e9-918b-b8d7539519b7" executionId="b2c68ffb-c1d2-4bfd-b07f-aa4c42696cec" testListId="8c84fa94-04c1-424b-9868-57a2d4851a1d" />
    <TestEntry testId="005c59ac-ebfa-6129-47a2-bbe5f46c23b3" executionId="7dc98e64-1743-42b4-8333-128c6d9856a4" testListId="8c84fa94-04c1-424b-9868-57a2d4851a1d" />
    <TestEntry testId="2b66352f-c2ea-c93b-150b-e28253c694df" executionId="0fe7ab4b-c1c2-4ec6-a911-91cc776e0c1d" testListId="8c84fa94-04c1-424b-9868-57a2d4851a1d" />
    <TestEntry testId="82498c8c-3245-c713-c4d4-a66683d68d67" executionId="09eabaae-19aa-4965-a0e5-c45e6e395741" testListId="8c84fa94-04c1-424b-9868-57a2d4851a1d" />
    <TestEntry testId="75349926-e56b-7c46-2812-01ac20b3d1d0" executionId="5e7f84e2-2904-4de1-9465-17d748b99ed8" testListId="8c84fa94-04c1-424b-9868-57a2d4851a1d" />
    <TestEntry testId="c242040b-fb30-161b-54e6-f48481564d85" executionId="7817266b-0afe-4a55-a099-b76005e83172" testListId="8c84fa94-04c1-424b-9868-57a2d4851a1d" />
    <TestEntry testId="50da7809-b988-c4a2-87e5-8e57bd950e9d" executionId="085f3d6d-2501-45d6-b331-57386705867b" testListId="8c84fa94-04c1-424b-9868-57a2d4851a1d" />
    <TestEntry testId="cb31e8a1-b113-1692-ba0a-3ee23b8f3f9f" executionId="51b7e64e-f8dd-4d7b-a7b1-fb33523f556b" testListId="8c84fa94-04c1-424b-9868-57a2d4851a1d" />
    <TestEntry testId="ffcd9866-ed50-a72f-313e-b7bbbdaf0e53" executionId="057b997f-c5b4-43ce-8152-513cbb5b68e0" testListId="8c84fa94-04c1-424b-9868-57a2d4851a1d" />
    <TestEntry testId="c4a978a7-5db2-9d2b-f258-a3c09485cf26" executionId="beafc5c2-f012-4eba-873c-f18dbedb3ad3" testListId="8c84fa94-04c1-424b-9868-57a2d4851a1d" />
    <TestEntry testId="7343b87f-da4d-a7db-4dc5-adfba82889b6" executionId="d5912a58-55c7-44f6-9676-9938114866c6" testListId="8c84fa94-04c1-424b-9868-57a2d4851a1d" />
    <TestEntry testId="a51e3ede-0247-b6f8-4e06-3ced5868e854" executionId="53465dc4-a1c2-4feb-b2e5-65aafb1000fa" testListId="8c84fa94-04c1-424b-9868-57a2d4851a1d" />
    <TestEntry testId="d3b41f5b-d757-bf87-e986-79767aa3a67d" executionId="967d63f5-8fd6-45c7-833e-33615c464072" testListId="8c84fa94-04c1-424b-9868-57a2d4851a1d" />
    <TestEntry testId="a965584f-199f-7fd5-48c2-bd3a1d74cfeb" executionId="d795ff4d-2ea9-4343-bed0-4fda4c935ae5" testListId="8c84fa94-04c1-424b-9868-57a2d4851a1d" />
    <TestEntry testId="89389432-79c0-1ac2-3386-f4e3a3900607" executionId="6fa46c39-0a16-422f-8a63-b44f6949a7d4" testListId="8c84fa94-04c1-424b-9868-57a2d4851a1d" />
    <TestEntry testId="b15692a0-756a-0a35-7725-945eb6cdfc08" executionId="477373c3-9ffa-4a43-88fe-bbc98039cc43" testListId="8c84fa94-04c1-424b-9868-57a2d4851a1d" />
    <TestEntry testId="98a3a5b7-0d81-584a-5410-d550733bf754" executionId="3447df93-5c08-4bc8-9f6e-23ff0ee35d25" testListId="8c84fa94-04c1-424b-9868-57a2d4851a1d" />
    <TestEntry testId="2a8e39f0-8ec4-99a1-c59d-b73bd9189962" executionId="a5cbe6e1-888f-4bd3-acbc-68196e721fbb" testListId="8c84fa94-04c1-424b-9868-57a2d4851a1d" />
    <TestEntry testId="83117c8d-2821-99c1-2bd3-95dc99d7d970" executionId="e7d85b3b-57aa-4686-9ccd-13f417e870f1" testListId="8c84fa94-04c1-424b-9868-57a2d4851a1d" />
    <TestEntry testId="cbdf955f-8f67-51da-24e7-17472bfb16f9" executionId="dcb26c61-b22c-4c9a-8da9-a21c11e329d2" testListId="8c84fa94-04c1-424b-9868-57a2d4851a1d" />
    <TestEntry testId="3ca4138d-688a-58c4-e3ff-73abc85125c1" executionId="f3396866-4be7-46d6-9b2a-0da3294e3295" testListId="8c84fa94-04c1-424b-9868-57a2d4851a1d" />
    <TestEntry testId="e48b483f-cfc3-0fdd-c6a1-45db92389134" executionId="19259f02-f8ff-4c9f-b052-d925128ab470" testListId="8c84fa94-04c1-424b-9868-57a2d4851a1d" />
    <TestEntry testId="3af7e193-9a0d-de6f-5566-ef3405111c55" executionId="2ffdde97-3606-42dd-b378-50fa61c3cf40" testListId="8c84fa94-04c1-424b-9868-57a2d4851a1d" />
    <TestEntry testId="f8284d05-68c0-d365-27c2-92a32498b586" executionId="d88ba4ea-4e92-419f-bbde-131880e68e00" testListId="8c84fa94-04c1-424b-9868-57a2d4851a1d" />
    <TestEntry testId="4e883d4f-0f9b-a24a-6a1e-f150b104da90" executionId="8d6239fa-0584-4484-a9f2-29e6049f558f" testListId="8c84fa94-04c1-424b-9868-57a2d4851a1d" />
    <TestEntry testId="da291c3d-8b4b-e986-1aa9-3b817b9e273c" executionId="6e405a1c-3bda-4ed9-8018-4ca94d4df0fe" testListId="8c84fa94-04c1-424b-9868-57a2d4851a1d" />
    <TestEntry testId="cd9efe57-2908-be9c-4a24-06110209190e" executionId="dfa73986-06dd-4e09-8003-4d7ea665afdd" testListId="8c84fa94-04c1-424b-9868-57a2d4851a1d" />
    <TestEntry testId="1adb0c71-500d-0554-7af2-af8257ec4cb3" executionId="e555b64b-aa57-4795-9b56-5e7aea9a90ea" testListId="8c84fa94-04c1-424b-9868-57a2d4851a1d" />
    <TestEntry testId="d69aab41-d9de-2cd2-e844-50817e4d62aa" executionId="93733995-db18-4c44-a05f-cfda1f878736" testListId="8c84fa94-04c1-424b-9868-57a2d4851a1d" />
    <TestEntry testId="52108556-4ca6-1e7c-e526-6c8c169b5aef" executionId="71a7bd82-7fa6-426b-96fc-2d2a6a2adb70" testListId="8c84fa94-04c1-424b-9868-57a2d4851a1d" />
    <TestEntry testId="90989aea-e158-5171-b3a6-b3e8702e31cb" executionId="7be54ebb-52a8-415e-a140-dc5a74b57c2d" testListId="8c84fa94-04c1-424b-9868-57a2d4851a1d" />
    <TestEntry testId="f72d4b48-977a-3830-e72a-e8b3154e1dc4" executionId="c1654607-050a-4d36-a462-8a83ec0b56e6" testListId="8c84fa94-04c1-424b-9868-57a2d4851a1d" />
    <TestEntry testId="d64d587d-812b-4fd1-5f8f-912a1e217093" executionId="38578f6d-c06e-4d1a-a625-ee905d4fbfa2" testListId="8c84fa94-04c1-424b-9868-57a2d4851a1d" />
    <TestEntry testId="8e086fb5-e352-c4b5-27a5-6873741b6302" executionId="89d2f114-598c-4a41-aba5-82476b812246" testListId="8c84fa94-04c1-424b-9868-57a2d4851a1d" />
    <TestEntry testId="5288f0f4-8910-db8b-cac6-38b27b14c8c0" executionId="c4f1905d-e483-4cb2-aa20-356c0d989f03" testListId="8c84fa94-04c1-424b-9868-57a2d4851a1d" />
    <TestEntry testId="21473fc0-3bd4-3f9e-bbdf-a6b635c6b179" executionId="1e62d385-d859-459b-b92a-aa82dc871ad5" testListId="8c84fa94-04c1-424b-9868-57a2d4851a1d" />
    <TestEntry testId="e9c76ca4-394a-5480-6b90-04b5eecb052c" executionId="71180393-2445-4852-abd4-b3b728dbeddf" testListId="8c84fa94-04c1-424b-9868-57a2d4851a1d" />
    <TestEntry testId="45e7c168-bd16-fd92-074c-d676e75e1ce2" executionId="d4326efa-68ff-4844-bf87-ca1db723c541" testListId="8c84fa94-04c1-424b-9868-57a2d4851a1d" />
  </TestEntries>
  <TestLists>
    <TestList name="列表中未列出的结果" id="8c84fa94-04c1-424b-9868-57a2d4851a1d" />
    <TestList name="所有已加载的结果" id="19431567-8539-422a-85d7-44ee4e166bda" />
  </TestLists>
  <ResultSummary outcome="Completed">
    <Counters total="56" executed="56" passed="56" failed="0" error="0" timeout="0" aborted="0" inconclusive="0" passedButRunAborted="0" notRunnable="0" notExecuted="0" disconnected="0" warning="0" completed="0" inProgress="0" pending="0" />
    <Output>
      <StdOut>[xUnit.net 00:00:00.00] xUnit.net VSTest Adapter v3.1.4+50e68bbb8b (64-bit .NET 10.0.8)&#xD;
[xUnit.net 00:00:00.76]   Discovering: OptilandWorkbench.Tests&#xD;
[xUnit.net 00:00:01.18]   Discovered:  OptilandWorkbench.Tests&#xD;
[xUnit.net 00:00:01.22]   Starting:    OptilandWorkbench.Tests&#xD;
[xUnit.net 00:00:23.32]   Finished:    OptilandWorkbench.Tests&#xD;
</StdOut>
    </Output>
  </ResultSummary>
</TestRun>