<?xml version="1.0" encoding="utf-8"?>
<TestRun id="b98e542e-f425-4131-8c62-9156741926b7" name="allen@DESKTOP-SET3SNR 2026-10-06 18:19:13" runUser="DESKTOP-SET3SNR\CodexSandboxOffline" xmlns="http://microsoft.com/schemas/VisualStudio/TeamTest/2010">
  <Times creation="2026-10-06T18:19:13.3823708+08:00" queuing="2026-10-06T18:19:13.3823710+08:00" start="2026-10-06T18:19:12.4158447+08:00" finish="2026-10-06T18:19:25.5460682+08:00" />
  <TestSettings name="default" id="1da9d45b-011c-4d9d-a500-5d947f176796">
    <Deployment runDeploymentRoot="allen_DESKTOP-SET3SNR_2026-10-06_18_19_13" />
  </TestSettings>
  <Results>
    <UnitTestResult executionId="bb9ba0c5-e1bc-4144-9fa2-7c7f02b2385e" testId="90989aea-e158-5171-b3a6-b3e8702e31cb" testName="OptilandWorkbench.Tests.UiAuditRegressionTests.DefaultResultPageShowsActualContentRegardlessOfTitle(key: &quot;Matrix Spot Diagram&quot;, expectedIndex: 0)" computerName="DESKTOP-SET3SNR" duration="00:00:00.0176278" startTime="2026-10-06T18:19:20.8674822+08:00" endTime="2026-10-06T18:19:20.8849248+08:00" testType="13cdc9d9-ddb5-4fa4-a97d-d965ccfc6d4b" outcome="Passed" testListId="8c84fa94-04c1-424b-9868-57a2d4851a1d" relativeResultsDirectory="bb9ba0c5-e1bc-4144-9fa2-7c7f02b2385e" />
    <UnitTestResult executionId="cdbf81e4-fa4e-4338-808f-d953f28cf19e" testId="3ca4138d-688a-58c4-e3ff-73abc85125c1" testName="OptilandWorkbench.Tests.CommercialReliabilityTests.UnavailableImageSimulationPreservesTheOutputFileAndItsDiagnostic" computerName="DESKTOP-SET3SNR" duration="00:00:01.2335460" startTime="2026-10-06T18:19:18.1803664+08:00" endTime="2026-10-06T18:19:19.4129383+08:00" testType="13cdc9d9-ddb5-4fa4-a97d-d965ccfc6d4b" outcome="Passed" testListId="8c84fa94-04c1-424b-9868-57a2d4851a1d" relativeResultsDirectory="cdbf81e4-fa4e-4338-808f-d953f28cf19e" />
    <UnitTestResult executionId="ef34fa84-aed4-493d-9514-ff690a3e1dbd" testId="314f86cf-299c-0126-81ab-5994f98974a5" testName="OptilandWorkbench.Tests.CommercialReliabilityTests.StarterImageSimulationProducesValidDataWhenAnExplicitSmallFieldIsSelected" computerName="DESKTOP-SET3SNR" duration="00:00:01.2496542" startTime="2026-10-06T18:19:13.8060691+08:00" endTime="2026-10-06T18:19:15.0557815+08:00" testType="13cdc9d9-ddb5-4fa4-a97d-d965ccfc6d4b" outcome="Passed" testListId="8c84fa94-04c1-424b-9868-57a2d4851a1d" relativeResultsDirectory="ef34fa84-aed4-493d-9514-ff690a3e1dbd" />
    <UnitTestResult executionId="13ad2fa4-0210-4931-8396-45620c64118c" testId="628dfb09-e0ce-38bc-4660-6fd743a3d7f4" testName="OptilandWorkbench.Tests.OpticCapabilityPreflightTests.NativeFilesPreserveOpaqueGeometryPayload" computerName="DESKTOP-SET3SNR" duration="00:00:00.1285346" startTime="2026-10-06T18:19:13.7567019+08:00" endTime="2026-10-06T18:19:13.8871441+08:00" testType="13cdc9d9-ddb5-4fa4-a97d-d965ccfc6d4b" outcome="Passed" testListId="8c84fa94-04c1-424b-9868-57a2d4851a1d" relativeResultsDirectory="13ad2fa4-0210-4931-8396-45620c64118c" />
    <UnitTestResult executionId="952e3f7f-a5a9-4bf5-b9b6-5210e19ee110" testId="62396946-9ab9-72a9-916b-b40ed0319b77" testName="OptilandWorkbench.Tests.CommercialReliabilityTests.DiffractionEntryPointsObserveAnAlreadyCancelledRequest(entryPoint: 3)" computerName="DESKTOP-SET3SNR" duration="00:00:00.0005780" startTime="2026-10-06T18:19:13.7160134+08:00" endTime="2026-10-06T18:19:13.7165727+08:00" testType="13cdc9d9-ddb5-4fa4-a97d-d965ccfc6d4b" outcome="Passed" testListId="8c84fa94-04c1-424b-9868-57a2d4851a1d" relativeResultsDirectory="952e3f7f-a5a9-4bf5-b9b6-5210e19ee110" />
    <UnitTestResult executionId="a148fd5b-b5e3-47e4-9498-2bd23d4097d3" testId="5288f0f4-8910-db8b-cac6-38b27b14c8c0" testName="OptilandWorkbench.Tests.UiAuditRegressionTests.DefaultResultPageShowsActualContentRegardlessOfTitle(key: &quot;System Data Report&quot;, expectedIndex: 1)" computerName="DESKTOP-SET3SNR" duration="00:00:00.0078301" startTime="2026-10-06T18:19:20.8205456+08:00" endTime="2026-10-06T18:19:20.8286670+08:00" testType="13cdc9d9-ddb5-4fa4-a97d-d965ccfc6d4b" outcome="Passed" testListId="8c84fa94-04c1-424b-9868-57a2d4851a1d" relativeResultsDirectory="a148fd5b-b5e3-47e4-9498-2bd23d4097d3" />
    <UnitTestResult executionId="ef734124-6429-4029-a4c3-6e9035a5c224" testId="b15692a0-756a-0a35-7725-945eb6cdfc08" testName="OptilandWorkbench.Tests.CommercialReliabilityTests.DiffractionEntryPointsObserveAnAlreadyCancelledRequest(entryPoint: 4)" computerName="DESKTOP-SET3SNR" duration="00:00:00.0008560" startTime="2026-10-06T18:19:13.7152310+08:00" endTime="2026-10-06T18:19:13.7159553+08:00" testType="13cdc9d9-ddb5-4fa4-a97d-d965ccfc6d4b" outcome="Passed" testListId="8c84fa94-04c1-424b-9868-57a2d4851a1d" relativeResultsDirectory="ef734124-6429-4029-a4c3-6e9035a5c224" />
    <UnitTestResult executionId="1a87070a-2722-43f2-9da4-945c26962ed9" testId="e9c76ca4-394a-5480-6b90-04b5eecb052c" testName="OptilandWorkbench.Tests.WavefrontSurfaceRenderTests.SettingsToggleUsesConfiguredSurfaceInLightTheme" computerName="DESKTOP-SET3SNR" duration="00:00:00.6818060" startTime="2026-10-06T18:19:19.4833193+08:00" endTime="2026-10-06T18:19:20.1654228+08:00" testType="13cdc9d9-ddb5-4fa4-a97d-d965ccfc6d4b" outcome="Passed" testListId="8c84fa94-04c1-424b-9868-57a2d4851a1d" relativeResultsDirectory="1a87070a-2722-43f2-9da4-945c26962ed9" />
    <UnitTestResult executionId="43f39e37-6afa-4654-8305-e741f537864c" testId="52108556-4ca6-1e7c-e526-6c8c169b5aef" testName="OptilandWorkbench.Tests.CommercialReliabilityTests.StarterImageSimulationReportsFoldedPupilWithSettingsAndNoFabricatedRaster(name: &quot;Image Simulation&quot;)" computerName="DESKTOP-SET3SNR" duration="00:00:00.2511428" startTime="2026-10-06T18:19:15.1837478+08:00" endTime="2026-10-06T18:19:15.4349451+08:00" testType="13cdc9d9-ddb5-4fa4-a97d-d965ccfc6d4b" outcome="Passed" testListId="8c84fa94-04c1-424b-9868-57a2d4851a1d" relativeResultsDirectory="43f39e37-6afa-4654-8305-e741f537864c" />
    <UnitTestResult executionId="fac85651-2bdc-455a-bdb6-7f6650c4bae3" testId="cb31e8a1-b113-1692-ba0a-3ee23b8f3f9f" testName="OptilandWorkbench.Tests.OpticCapabilityPreflightTests.UnknownSnapshotGeometryRequiresAndPreservesOpaquePayload" computerName="DESKTOP-SET3SNR" duration="00:00:00.4279273" startTime="2026-10-06T18:19:13.3200948+08:00" endTime="2026-10-06T18:19:13.7517468+08:00" testType="13cdc9d9-ddb5-4fa4-a97d-d965ccfc6d4b" outcome="Passed" testListId="8c84fa94-04c1-424b-9868-57a2d4851a1d" relativeResultsDirectory="fac85651-2bdc-455a-bdb6-7f6650c4bae3" />
    <UnitTestResult executionId="69ad1d92-be37-4d9f-b548-ecae204afaf7" testId="2b66352f-c2ea-c93b-150b-e28253c694df" testName="OptilandWorkbench.Tests.OpticCapabilityPreflightTests.EveryPublicParaxialEntryPointBlocksOpaqueGeometry" computerName="DESKTOP-SET3SNR" duration="00:00:00.0214904" startTime="2026-10-06T18:19:13.8891275+08:00" endTime="2026-10-06T18:19:13.9106575+08:00" testType="13cdc9d9-ddb5-4fa4-a97d-d965ccfc6d4b" outcome="Passed" testListId="8c84fa94-04c1-424b-9868-57a2d4851a1d" relativeResultsDirectory="69ad1d92-be37-4d9f-b548-ecae204afaf7" />
    <UnitTestResult executionId="b8bd8e88-c6b8-49b6-bf81-1f6ac04f4ad8" testId="f8284d05-68c0-d365-27c2-92a32498b586" testName="OptilandWorkbench.Tests.UiAuditRegressionTests.InvalidNumericInputRetainsErrorWithoutPublishingAnUpdate(cellName: &quot;ThicknessSolveCell&quot;)" computerName="DESKTOP-SET3SNR" duration="00:00:01.3072429" startTime="2026-10-06T18:19:24.0642021+08:00" endTime="2026-10-06T18:19:25.3715496+08:00" testType="13cdc9d9-ddb5-4fa4-a97d-d965ccfc6d4b" outcome="Passed" testListId="8c84fa94-04c1-424b-9868-57a2d4851a1d" relativeResultsDirectory="b8bd8e88-c6b8-49b6-bf81-1f6ac04f4ad8" />
    <UnitTestResult executionId="284db565-c646-4984-a0a1-b3d15c7e9d33" testId="f72d4b48-977a-3830-e72a-e8b3154e1dc4" testName="OptilandWorkbench.Tests.UiAuditRegressionTests.DefaultResultPageShowsActualContentRegardlessOfTitle(key: &quot;Spot Diagram&quot;, expectedIndex: 0)" computerName="DESKTOP-SET3SNR" duration="00:00:00.0307188" startTime="2026-10-06T18:19:20.8361482+08:00" endTime="2026-10-06T18:19:20.8670461+08:00" testType="13cdc9d9-ddb5-4fa4-a97d-d965ccfc6d4b" outcome="Passed" testListId="8c84fa94-04c1-424b-9868-57a2d4851a1d" relativeResultsDirectory="284db565-c646-4984-a0a1-b3d15c7e9d33" />
    <UnitTestResult executionId="542dbb2d-9bfc-41d1-9840-98ae848b2d0f" testId="21473fc0-3bd4-3f9e-bbdf-a6b635c6b179" testName="OptilandWorkbench.Tests.InterferogramFooterTests.FooterUsesTypedSummaryWithoutGenericRowsOrFabricatedFringeSettings(width: 1200)" computerName="DESKTOP-SET3SNR" duration="00:00:00.0077433" startTime="2026-10-06T18:19:25.4639429+08:00" endTime="2026-10-06T18:19:25.4717873+08:00" testType="13cdc9d9-ddb5-4fa4-a97d-d965ccfc6d4b" outcome="Passed" testListId="8c84fa94-04c1-424b-9868-57a2d4851a1d" relativeResultsDirectory="542dbb2d-9bfc-41d1-9840-98ae848b2d0f" />
    <UnitTestResult executionId="237f133f-ba40-454f-879f-1d6530a82992" testId="ffcd9866-ed50-a72f-313e-b7bbbdaf0e53" testName="OptilandWorkbench.Tests.UiAuditRegressionTests.DefaultResultPageShowsActualContentRegardlessOfTitle(key: &quot;Prescription Report&quot;, expectedIndex: 1)" computerName="DESKTOP-SET3SNR" duration="00:00:00.0070894" startTime="2026-10-06T18:19:20.8287515+08:00" endTime="2026-10-06T18:19:20.8360222+08:00" testType="13cdc9d9-ddb5-4fa4-a97d-d965ccfc6d4b" outcome="Passed" testListId="8c84fa94-04c1-424b-9868-57a2d4851a1d" relativeResultsDirectory="237f133f-ba40-454f-879f-1d6530a82992" />
    <UnitTestResult executionId="616bb1d4-0079-4c8e-a570-969e2ffa664d" testId="39db3f38-7988-a863-9c4d-cc001004a381" testName="OptilandWorkbench.Tests.UiAuditRegressionTests.InvalidNumericInputRetainsErrorWithoutPublishingAnUpdate(cellName: &quot;SemiDiameterSolveCell&quot;)" computerName="DESKTOP-SET3SNR" duration="00:00:01.1213680" startTime="2026-10-06T18:19:20.8851252+08:00" endTime="2026-10-06T18:19:22.0066396+08:00" testType="13cdc9d9-ddb5-4fa4-a97d-d965ccfc6d4b" outcome="Passed" testListId="8c84fa94-04c1-424b-9868-57a2d4851a1d" relativeResultsDirectory="616bb1d4-0079-4c8e-a570-969e2ffa664d" />
    <UnitTestResult executionId="272f6a00-0840-4fc7-a03a-1c846a60bee4" testId="75349926-e56b-7c46-2812-01ac20b3d1d0" testName="OptilandWorkbench.Tests.CommercialReliabilityTests.PsfMtfPreservesRequestedGridAndMatchesIndependentAxisSums(size: 8, padded: True)" computerName="DESKTOP-SET3SNR" duration="00:00:00.0000910" startTime="2026-10-06T18:19:13.3617892+08:00" endTime="2026-10-06T18:19:13.3618189+08:00" testType="13cdc9d9-ddb5-4fa4-a97d-d965ccfc6d4b" outcome="Passed" testListId="8c84fa94-04c1-424b-9868-57a2d4851a1d" relativeResultsDirectory="272f6a00-0840-4fc7-a03a-1c846a60bee4" />
    <UnitTestResult executionId="50a0341d-d9dd-445d-9755-8667cecc6556" testId="2a1b1918-e093-7127-e62b-dbd89fcf564b" testName="OptilandWorkbench.Tests.CommercialReliabilityTests.DatabaseRejectsOversizedCompressedHeaderBeforeReadingItsPayload" computerName="DESKTOP-SET3SNR" duration="00:00:00.0812655" startTime="2026-10-06T18:19:13.7198003+08:00" endTime="2026-10-06T18:19:13.7996266+08:00" testType="13cdc9d9-ddb5-4fa4-a97d-d965ccfc6d4b" outcome="Passed" testListId="8c84fa94-04c1-424b-9868-57a2d4851a1d" relativeResultsDirectory="50a0341d-d9dd-445d-9755-8667cecc6556" />
    <UnitTestResult executionId="60cb0ca7-1b96-4057-a102-ae399ba431a7" testId="8cfeb267-502d-5789-e701-2bc47d0e2b6a" testName="OptilandWorkbench.Tests.UiAuditRegressionTests.DefaultResultPageShowsActualContentRegardlessOfTitle(key: &quot;First Order&quot;, expectedIndex: 1)" computerName="DESKTOP-SET3SNR" duration="00:00:00.0066091" startTime="2026-10-06T18:19:20.8136048+08:00" endTime="2026-10-06T18:19:20.8204478+08:00" testType="13cdc9d9-ddb5-4fa4-a97d-d965ccfc6d4b" outcome="Passed" testListId="8c84fa94-04c1-424b-9868-57a2d4851a1d" relativeResultsDirectory="60cb0ca7-1b96-4057-a102-ae399ba431a7" />
    <UnitTestResult executionId="37a7ee2f-ff64-4667-8bc4-0d1b6e4fabdc" testId="1adb0c71-500d-0554-7af2-af8257ec4cb3" testName="OptilandWorkbench.Tests.CommercialReliabilityTests.ExcessiveTransformsAreRejectedBeforeComputing(size: 185, padded: True)" computerName="DESKTOP-SET3SNR" duration="00:00:00.0001973" startTime="2026-10-06T18:19:13.7181076+08:00" endTime="2026-10-06T18:19:13.7182701+08:00" testType="13cdc9d9-ddb5-4fa4-a97d-d965ccfc6d4b" outcome="Passed" testListId="8c84fa94-04c1-424b-9868-57a2d4851a1d" relativeResultsDirectory="37a7ee2f-ff64-4667-8bc4-0d1b6e4fabdc" />
    <UnitTestResult executionId="a187b678-51c8-4450-81a8-c0eada6ee5a4" testId="82498c8c-3245-c713-c4d4-a66683d68d67" testName="OptilandWorkbench.Tests.OpticCapabilityPreflightTests.ManufacturingRowsExposeAndBlockOpaqueGeometry" computerName="DESKTOP-SET3SNR" duration="00:00:00.0010785" startTime="2026-10-06T18:19:13.8879466+08:00" endTime="2026-10-06T18:19:13.8890373+08:00" testType="13cdc9d9-ddb5-4fa4-a97d-d965ccfc6d4b" outcome="Passed" testListId="8c84fa94-04c1-424b-9868-57a2d4851a1d" relativeResultsDirectory="a187b678-51c8-4450-81a8-c0eada6ee5a4" />
    <UnitTestResult executionId="9cd39da7-4e15-4518-a6a8-a5a0c6f79d37" testId="a4e53c95-3c93-f040-f96d-b5b89b056ccf" testName="OptilandWorkbench.Tests.InterferogramFooterTests.FooterUsesTypedSummaryWithoutGenericRowsOrFabricatedFringeSettings(width: 600)" computerName="DESKTOP-SET3SNR" duration="00:00:00.0238631" startTime="2026-10-06T18:19:25.4397342+08:00" endTime="2026-10-06T18:19:25.4638568+08:00" testType="13cdc9d9-ddb5-4fa4-a97d-d965ccfc6d4b" outcome="Passed" testListId="8c84fa94-04c1-424b-9868-57a2d4851a1d" relativeResultsDirectory="9cd39da7-4e15-4518-a6a8-a5a0c6f79d37" />
    <UnitTestResult executionId="7c518a71-8c92-419c-9d15-4e91bd49c82c" testId="c4a978a7-5db2-9d2b-f258-a3c09485cf26" testName="OptilandWorkbench.Tests.CommercialReliabilityTests.StarterImageSimulationReportsFoldedPupilWithSettingsAndNoFabricatedRaster(name: &quot;Partially Coherent Image Analysis&quot;)" computerName="DESKTOP-SET3SNR" duration="00:00:01.2608019" startTime="2026-10-06T18:19:16.9185758+08:00" endTime="2026-10-06T18:19:18.1795886+08:00" testType="13cdc9d9-ddb5-4fa4-a97d-d965ccfc6d4b" outcome="Passed" testListId="8c84fa94-04c1-424b-9868-57a2d4851a1d" relativeResultsDirectory="7c518a71-8c92-419c-9d15-4e91bd49c82c" />
    <UnitTestResult executionId="5e12f739-7737-4e4a-a13a-bdfd83e1fa26" testId="67d40c94-2c0e-a8ff-4dff-3fba0de3afcb" testName="OptilandWorkbench.Tests.UiAuditRegressionTests.DefaultResultPageShowsActualContentRegardlessOfTitle(key: &quot;Classified Data Report&quot;, expectedIndex: 1)" computerName="DESKTOP-SET3SNR" duration="00:00:00.0291594" startTime="2026-10-06T18:19:20.7158975+08:00" endTime="2026-10-06T18:19:20.7453985+08:00" testType="13cdc9d9-ddb5-4fa4-a97d-d965ccfc6d4b" outcome="Passed" testListId="8c84fa94-04c1-424b-9868-57a2d4851a1d" relativeResultsDirectory="5e12f739-7737-4e4a-a13a-bdfd83e1fa26" />
    <UnitTestResult executionId="18f604e1-a98c-4a60-81b3-f660c1a64c00" testId="7343b87f-da4d-a7db-4dc5-adfba82889b6" testName="OptilandWorkbench.Tests.OpticCapabilityPreflightTests.OpaqueGeometryRoundTripsPayloadWithoutBecomingAPlane" computerName="DESKTOP-SET3SNR" duration="00:00:00.0048438" startTime="2026-10-06T18:19:13.7518620+08:00" endTime="2026-10-06T18:19:13.7566199+08:00" testType="13cdc9d9-ddb5-4fa4-a97d-d965ccfc6d4b" outcome="Passed" testListId="8c84fa94-04c1-424b-9868-57a2d4851a1d" relativeResultsDirectory="18f604e1-a98c-4a60-81b3-f660c1a64c00" />
    <UnitTestResult executionId="60dc399a-e198-425b-b154-8cf96789b00c" testId="da291c3d-8b4b-e986-1aa9-3b817b9e273c" testName="OptilandWorkbench.Tests.CommercialReliabilityTests.PsfMtfPreservesRequestedGridAndMatchesIndependentAxisSums(size: 3, padded: False)" computerName="DESKTOP-SET3SNR" duration="00:00:00.0000167" startTime="2026-10-06T18:19:13.3614366+08:00" endTime="2026-10-06T18:19:13.3615017+08:00" testType="13cdc9d9-ddb5-4fa4-a97d-d965ccfc6d4b" outcome="Passed" testListId="8c84fa94-04c1-424b-9868-57a2d4851a1d" relativeResultsDirectory="60dc399a-e198-425b-b154-8cf96789b00c" />
    <UnitTestResult executionId="577cf966-05a7-4589-9fbc-f8f24b304d12" testId="50da7809-b988-c4a2-87e5-8e57bd950e9d" testName="OptilandWorkbench.Tests.InterferogramFooterTests.MissingMetadataIsNotReportedAsZeroAndOtherKindsKeepTheirSummary" computerName="DESKTOP-SET3SNR" duration="00:00:00.0050690" startTime="2026-10-06T18:19:25.4718756+08:00" endTime="2026-10-06T18:19:25.4771322+08:00" testType="13cdc9d9-ddb5-4fa4-a97d-d965ccfc6d4b" outcome="Passed" testListId="8c84fa94-04c1-424b-9868-57a2d4851a1d" relativeResultsDirectory="577cf966-05a7-4589-9fbc-f8f24b304d12" />
    <UnitTestResult executionId="54f57559-a829-43b3-960f-cf92d0d78969" testId="9c2962ae-9844-af08-e4d9-b778580dc3a2" testName="OptilandWorkbench.Tests.UiAuditRegressionTests.HeadlessSessionWaitsForAsyncCallbacks" computerName="DESKTOP-SET3SNR" duration="00:00:00.0443997" startTime="2026-10-06T18:19:25.3716628+08:00" endTime="2026-10-06T18:19:25.4163438+08:00" testType="13cdc9d9-ddb5-4fa4-a97d-d965ccfc6d4b" outcome="Passed" testListId="8c84fa94-04c1-424b-9868-57a2d4851a1d" relativeResultsDirectory="54f57559-a829-43b3-960f-cf92d0d78969" />
    <UnitTestResult executionId="cf2982cf-2fcb-4d06-9592-7f8624f5c1d0" testId="b70f44e5-fbff-6697-a6ad-8a1c87e1d2be" testName="OptilandWorkbench.Tests.CommercialReliabilityTests.DiffractionEntryPointsObserveAnAlreadyCancelledRequest(entryPoint: 1)" computerName="DESKTOP-SET3SNR" duration="00:00:00.0004615" startTime="2026-10-06T18:19:13.7172705+08:00" endTime="2026-10-06T18:19:13.7177049+08:00" testType="13cdc9d9-ddb5-4fa4-a97d-d965ccfc6d4b" outcome="Passed" testListId="8c84fa94-04c1-424b-9868-57a2d4851a1d" relativeResultsDirectory="cf2982cf-2fcb-4d06-9592-7f8624f5c1d0" />
    <UnitTestResult executionId="321a18a4-5689-43b2-aef8-58ab5ddd836b" testId="d64d587d-812b-4fd1-5f8f-912a1e217093" testName="OptilandWorkbench.Tests.CommercialReliabilityTests.InvalidPsfMetadataIsRejectedWithoutAllocatingItsDeclaredGrid(size: 0)" computerName="DESKTOP-SET3SNR" duration="00:00:00.0042500" startTime="2026-10-06T18:19:13.3210928+08:00" endTime="2026-10-06T18:19:13.3299414+08:00" testType="13cdc9d9-ddb5-4fa4-a97d-d965ccfc6d4b" outcome="Passed" testListId="8c84fa94-04c1-424b-9868-57a2d4851a1d" relativeResultsDirectory="321a18a4-5689-43b2-aef8-58ab5ddd836b" />
    <UnitTestResult executionId="6f36410d-4eea-4b4e-aaf0-e5f47365622c" testId="d3b41f5b-d757-bf87-e986-79767aa3a67d" testName="OptilandWorkbench.Tests.UiAuditRegressionTests.DefaultResultPageShowsActualContentRegardlessOfTitle(key: &quot;Wavefront Map&quot;, expectedIndex: 0)" computerName="DESKTOP-SET3SNR" duration="00:00:00.0677952" startTime="2026-10-06T18:19:20.7454957+08:00" endTime="2026-10-06T18:19:20.8135085+08:00" testType="13cdc9d9-ddb5-4fa4-a97d-d965ccfc6d4b" outcome="Passed" testListId="8c84fa94-04c1-424b-9868-57a2d4851a1d" relativeResultsDirectory="6f36410d-4eea-4b4e-aaf0-e5f47365622c" />
    <UnitTestResult executionId="56758760-6bb0-4beb-9da8-23498c7d0f30" testId="3f657b24-9d22-3837-cd60-767122af24ea" testName="OptilandWorkbench.Tests.InterferogramFooterTests.MetadataUsesActualSelectedFieldCoordinatesAndTypedUnits(fieldKind: Angle, unit: Degree)" computerName="DESKTOP-SET3SNR" duration="00:00:00.0140095" startTime="2026-10-06T18:19:25.4238286+08:00" endTime="2026-10-06T18:19:25.4378725+08:00" testType="13cdc9d9-ddb5-4fa4-a97d-d965ccfc6d4b" outcome="Passed" testListId="8c84fa94-04c1-424b-9868-57a2d4851a1d" relativeResultsDirectory="56758760-6bb0-4beb-9da8-23498c7d0f30" />
    <UnitTestResult executionId="0f716788-cecc-4d8d-8aac-9e0c6b786e1b" testId="98a3a5b7-0d81-584a-5410-d550733bf754" testName="OptilandWorkbench.Tests.CommercialReliabilityTests.DiffractionEntryPointsObserveAnAlreadyCancelledRequest(entryPoint: 2)" computerName="DESKTOP-SET3SNR" duration="00:00:00.0006132" startTime="2026-10-06T18:19:13.7166396+08:00" endTime="2026-10-06T18:19:13.7172132+08:00" testType="13cdc9d9-ddb5-4fa4-a97d-d965ccfc6d4b" outcome="Passed" testListId="8c84fa94-04c1-424b-9868-57a2d4851a1d" relativeResultsDirectory="0f716788-cecc-4d8d-8aac-9e0c6b786e1b" />
    <UnitTestResult executionId="c783bc2b-6ed4-4f7a-b2f7-69fdcecdeca4" testId="d9e33346-4599-d8e9-918b-b8d7539519b7" testName="OptilandWorkbench.Tests.CommercialReliabilityTests.DirectImageSimulationKeepsTheFoldedMappingException" computerName="DESKTOP-SET3SNR" duration="00:00:00.0642429" startTime="2026-10-06T18:19:19.4182146+08:00" endTime="2026-10-06T18:19:19.4824552+08:00" testType="13cdc9d9-ddb5-4fa4-a97d-d965ccfc6d4b" outcome="Passed" testListId="8c84fa94-04c1-424b-9868-57a2d4851a1d" relativeResultsDirectory="c783bc2b-6ed4-4f7a-b2f7-69fdcecdeca4" />
    <UnitTestResult executionId="76e88638-cfcb-412c-bc3d-86d3fd73d49a" testId="cbdf955f-8f67-51da-24e7-17472bfb16f9" testName="OptilandWorkbench.Tests.CommercialReliabilityTests.PsfMtfPreservesRequestedGridAndMatchesIndependentAxisSums(size: 5, padded: False)" computerName="DESKTOP-SET3SNR" duration="00:00:00.0001941" startTime="2026-10-06T18:19:13.3405143+08:00" endTime="2026-10-06T18:19:13.3406419+08:00" testType="13cdc9d9-ddb5-4fa4-a97d-d965ccfc6d4b" outcome="Passed" testListId="8c84fa94-04c1-424b-9868-57a2d4851a1d" relativeResultsDirectory="76e88638-cfcb-412c-bc3d-86d3fd73d49a" />
    <UnitTestResult executionId="89ed4071-3197-418a-bfb7-45b92b66dd37" testId="e48b483f-cfc3-0fdd-c6a1-45db92389134" testName="OptilandWorkbench.Tests.CommercialReliabilityTests.DirectFrequencyBudgetIsCheckedBeforeReadingTheFrequencyList" computerName="DESKTOP-SET3SNR" duration="00:00:00.0004978" startTime="2026-10-06T18:19:15.1833423+08:00" endTime="2026-10-06T18:19:15.1836298+08:00" testType="13cdc9d9-ddb5-4fa4-a97d-d965ccfc6d4b" outcome="Passed" testListId="8c84fa94-04c1-424b-9868-57a2d4851a1d" relativeResultsDirectory="89ed4071-3197-418a-bfb7-45b92b66dd37" />
    <UnitTestResult executionId="e07efa28-032d-4462-ac0b-88dc0b602079" testId="a965584f-199f-7fd5-48c2-bd3a1d74cfeb" testName="OptilandWorkbench.Tests.InterferogramFooterTests.MetadataUsesActualSelectedFieldCoordinatesAndTypedUnits(fieldKind: ObjectHeight, unit: Millimeter)" computerName="DESKTOP-SET3SNR" duration="00:00:00.0017666" startTime="2026-10-06T18:19:25.4379558+08:00" endTime="2026-10-06T18:19:25.4396830+08:00" testType="13cdc9d9-ddb5-4fa4-a97d-d965ccfc6d4b" outcome="Passed" testListId="8c84fa94-04c1-424b-9868-57a2d4851a1d" relativeResultsDirectory="e07efa28-032d-4462-ac0b-88dc0b602079" />
    <UnitTestResult executionId="a6bdb8ff-02c2-4b58-89bc-2d86f69ade77" testId="35862ea7-b39a-3ede-755b-3c78ff0f1230" testName="OptilandWorkbench.Tests.CommercialReliabilityTests.NonPowerOfTwoTransformObservesCancellationDuringComputation" computerName="DESKTOP-SET3SNR" duration="00:00:00.1268535" startTime="2026-10-06T18:19:15.0560646+08:00" endTime="2026-10-06T18:19:15.1830966+08:00" testType="13cdc9d9-ddb5-4fa4-a97d-d965ccfc6d4b" outcome="Passed" testListId="8c84fa94-04c1-424b-9868-57a2d4851a1d" relativeResultsDirectory="a6bdb8ff-02c2-4b58-89bc-2d86f69ade77" />
    <UnitTestResult executionId="926279ef-ff31-408b-bde3-0bdc2dd6a6f6" testId="45e7c168-bd16-fd92-074c-d676e75e1ce2" testName="OptilandWorkbench.Tests.CommercialReliabilityTests.DatabaseRangeDoesNotAllocateTheRequestedCapacityForASmallFile" computerName="DESKTOP-SET3SNR" duration="00:00:00.0050377" startTime="2026-10-06T18:19:19.4130823+08:00" endTime="2026-10-06T18:19:19.4180835+08:00" testType="13cdc9d9-ddb5-4fa4-a97d-d965ccfc6d4b" outcome="Passed" testListId="8c84fa94-04c1-424b-9868-57a2d4851a1d" relativeResultsDirectory="926279ef-ff31-408b-bde3-0bdc2dd6a6f6" />
    <UnitTestResult executionId="cf3e6821-8f98-4857-a657-736e8783bc7e" testId="e00a6b3a-f5ee-9dc8-c310-a63924f39df5" testName="OptilandWorkbench.Tests.CommercialReliabilityTests.DatabaseRejectsOversizedCompressedChunkAtIndexValidation" computerName="DESKTOP-SET3SNR" duration="00:00:00.0062382" startTime="2026-10-06T18:19:13.7997523+08:00" endTime="2026-10-06T18:19:13.8059491+08:00" testType="13cdc9d9-ddb5-4fa4-a97d-d965ccfc6d4b" outcome="Passed" testListId="8c84fa94-04c1-424b-9868-57a2d4851a1d" relativeResultsDirectory="cf3e6821-8f98-4857-a657-736e8783bc7e" />
    <UnitTestResult executionId="93ffedff-658e-46e3-b250-94bb461a6f68" testId="a51e3ede-0247-b6f8-4e06-3ced5868e854" testName="OptilandWorkbench.Tests.CommercialReliabilityTests.InvalidPsfMetadataIsRejectedWithoutAllocatingItsDeclaredGrid(size: 2147483647)" computerName="DESKTOP-SET3SNR" duration="00:00:00.0001749" startTime="2026-10-06T18:19:13.3374372+08:00" endTime="2026-10-06T18:19:13.3375045+08:00" testType="13cdc9d9-ddb5-4fa4-a97d-d965ccfc6d4b" outcome="Passed" testListId="8c84fa94-04c1-424b-9868-57a2d4851a1d" relativeResultsDirectory="93ffedff-658e-46e3-b250-94bb461a6f68" />
    <UnitTestResult executionId="e912aa3a-c091-4760-9196-437c91cd8d1f" testId="c242040b-fb30-161b-54e6-f48481564d85" testName="OptilandWorkbench.Tests.CommercialReliabilityTests.InvalidPsfMetadataIsRejectedWithoutAllocatingItsDeclaredGrid(size: 2049)" computerName="DESKTOP-SET3SNR" duration="00:00:00.0000156" startTime="2026-10-06T18:19:13.3379313+08:00" endTime="2026-10-06T18:19:13.3379647+08:00" testType="13cdc9d9-ddb5-4fa4-a97d-d965ccfc6d4b" outcome="Passed" testListId="8c84fa94-04c1-424b-9868-57a2d4851a1d" relativeResultsDirectory="e912aa3a-c091-4760-9196-437c91cd8d1f" />
    <UnitTestResult executionId="aa6d0958-311d-4c5c-9d06-af1f24efa2ba" testId="cd9efe57-2908-be9c-4a24-06110209190e" testName="OptilandWorkbench.Tests.CommercialReliabilityTests.PsfMtfPreservesRequestedGridAndMatchesIndependentAxisSums(size: 9, padded: False)" computerName="DESKTOP-SET3SNR" duration="00:00:00.0008020" startTime="2026-10-06T18:19:13.3387263+08:00" endTime="2026-10-06T18:19:13.3387778+08:00" testType="13cdc9d9-ddb5-4fa4-a97d-d965ccfc6d4b" outcome="Passed" testListId="8c84fa94-04c1-424b-9868-57a2d4851a1d" relativeResultsDirectory="aa6d0958-311d-4c5c-9d06-af1f24efa2ba" />
    <UnitTestResult executionId="3746253f-f07f-497a-81c2-f534837fbde0" testId="005c59ac-ebfa-6129-47a2-bbe5f46c23b3" testName="OptilandWorkbench.Tests.CommercialReliabilityTests.PsfMtfPreservesRequestedGridAndMatchesIndependentAxisSums(size: 8, padded: False)" computerName="DESKTOP-SET3SNR" duration="00:00:00.0006468" startTime="2026-10-06T18:19:13.3386587+08:00" endTime="2026-10-06T18:19:13.3386856+08:00" testType="13cdc9d9-ddb5-4fa4-a97d-d965ccfc6d4b" outcome="Passed" testListId="8c84fa94-04c1-424b-9868-57a2d4851a1d" relativeResultsDirectory="3746253f-f07f-497a-81c2-f534837fbde0" />
    <UnitTestResult executionId="d9e67bfd-e874-46b7-82bc-753b179ba006" testId="89389432-79c0-1ac2-3386-f4e3a3900607" testName="OptilandWorkbench.Tests.OpticCapabilityPreflightTests.UnsupportedGeometryIsBlockedByEveryComputationalPreflight" computerName="DESKTOP-SET3SNR" duration="00:00:00.0045476" startTime="2026-10-06T18:19:13.9112695+08:00" endTime="2026-10-06T18:19:13.9152387+08:00" testType="13cdc9d9-ddb5-4fa4-a97d-d965ccfc6d4b" outcome="Passed" testListId="8c84fa94-04c1-424b-9868-57a2d4851a1d" relativeResultsDirectory="d9e67bfd-e874-46b7-82bc-753b179ba006" />
    <UnitTestResult executionId="3bdf5462-d738-42b2-b4b2-ee406ccc761f" testId="6dd88539-615c-e8b4-eb91-f4164725e7af" testName="OptilandWorkbench.Tests.CommercialReliabilityTests.ExcessiveTransformsAreRejectedBeforeComputing(size: 2048, padded: True)" computerName="DESKTOP-SET3SNR" duration="00:00:00.0000505" startTime="2026-10-06T18:19:13.7196776+08:00" endTime="2026-10-06T18:19:13.7197070+08:00" testType="13cdc9d9-ddb5-4fa4-a97d-d965ccfc6d4b" outcome="Passed" testListId="8c84fa94-04c1-424b-9868-57a2d4851a1d" relativeResultsDirectory="3bdf5462-d738-42b2-b4b2-ee406ccc761f" />
    <UnitTestResult executionId="3f00c804-2a25-4ed9-8786-80d0eff078ec" testId="791d6dda-e36e-6719-8923-84ab4b4b8af3" testName="OptilandWorkbench.Tests.UiAuditRegressionTests.UnlockingAnOldResultRequiresSyncAndFileSwitchClearsLockedContent" computerName="DESKTOP-SET3SNR" duration="00:00:00.5413736" startTime="2026-10-06T18:19:20.1740750+08:00" endTime="2026-10-06T18:19:20.7157278+08:00" testType="13cdc9d9-ddb5-4fa4-a97d-d965ccfc6d4b" outcome="Passed" testListId="8c84fa94-04c1-424b-9868-57a2d4851a1d" relativeResultsDirectory="3f00c804-2a25-4ed9-8786-80d0eff078ec" />
    <UnitTestResult executionId="01719450-a4f4-4b94-b568-5131c3f4f4df" testId="3af7e193-9a0d-de6f-5566-ef3405111c55" testName="OptilandWorkbench.Tests.UiAuditRegressionTests.InvalidNumericInputRetainsErrorWithoutPublishingAnUpdate(cellName: &quot;RadiusSolveCell&quot;)" computerName="DESKTOP-SET3SNR" duration="00:00:01.0749546" startTime="2026-10-06T18:19:22.9891791+08:00" endTime="2026-10-06T18:19:24.0640579+08:00" testType="13cdc9d9-ddb5-4fa4-a97d-d965ccfc6d4b" outcome="Passed" testListId="8c84fa94-04c1-424b-9868-57a2d4851a1d" relativeResultsDirectory="01719450-a4f4-4b94-b568-5131c3f4f4df" />
    <UnitTestResult executionId="ac74ddd9-dcce-4758-92f2-a88ac84cce00" testId="83117c8d-2821-99c1-2bd3-95dc99d7d970" testName="OptilandWorkbench.Tests.UiAuditRegressionTests.HeadlessSessionPropagatesAsyncCallbackFailures" computerName="DESKTOP-SET3SNR" duration="00:00:00.0068977" startTime="2026-10-06T18:19:25.4164427+08:00" endTime="2026-10-06T18:19:25.4235265+08:00" testType="13cdc9d9-ddb5-4fa4-a97d-d965ccfc6d4b" outcome="Passed" testListId="8c84fa94-04c1-424b-9868-57a2d4851a1d" relativeResultsDirectory="ac74ddd9-dcce-4758-92f2-a88ac84cce00" />
    <UnitTestResult executionId="4158ba32-e60b-4fcd-9034-ecfacf57e0c8" testId="afe3b471-03fa-d88f-069d-e386260b7190" testName="OptilandWorkbench.Tests.UiAuditRegressionTests.InvalidNumericInputRetainsErrorWithoutPublishingAnUpdate(cellName: &quot;ThermalExpansionCell&quot;)" computerName="DESKTOP-SET3SNR" duration="00:00:00.9817645" startTime="2026-10-06T18:19:22.0067500+08:00" endTime="2026-10-06T18:19:22.9890624+08:00" testType="13cdc9d9-ddb5-4fa4-a97d-d965ccfc6d4b" outcome="Passed" testListId="8c84fa94-04c1-424b-9868-57a2d4851a1d" relativeResultsDirectory="4158ba32-e60b-4fcd-9034-ecfacf57e0c8" />
    <UnitTestResult executionId="16cd5144-1eab-4806-a57a-6f0bf705ae7c" testId="a43a45c5-63d6-b297-db3c-8ad2e3271256" testName="OptilandWorkbench.Tests.CommercialReliabilityTests.PsfMtfPreservesRequestedGridAndMatchesIndependentAxisSums(size: 5, padded: True)" computerName="DESKTOP-SET3SNR" duration="00:00:00.0015936" startTime="2026-10-06T18:19:13.3388269+08:00" endTime="2026-10-06T18:19:13.3404339+08:00" testType="13cdc9d9-ddb5-4fa4-a97d-d965ccfc6d4b" outcome="Passed" testListId="8c84fa94-04c1-424b-9868-57a2d4851a1d" relativeResultsDirectory="16cd5144-1eab-4806-a57a-6f0bf705ae7c" />
    <UnitTestResult executionId="3800edd8-cefb-4de9-aadf-d3547f755884" testId="2a8e39f0-8ec4-99a1-c59d-b73bd9189962" testName="OptilandWorkbench.Tests.CommercialReliabilityTests.ExcessiveTransformsAreRejectedBeforeComputing(size: 369, padded: False)" computerName="DESKTOP-SET3SNR" duration="00:00:00.0002941" startTime="2026-10-06T18:19:13.7177802+08:00" endTime="2026-10-06T18:19:13.7180416+08:00" testType="13cdc9d9-ddb5-4fa4-a97d-d965ccfc6d4b" outcome="Passed" testListId="8c84fa94-04c1-424b-9868-57a2d4851a1d" relativeResultsDirectory="3800edd8-cefb-4de9-aadf-d3547f755884" />
    <UnitTestResult executionId="882b0ca3-9d75-44c5-8063-fd887deb2318" testId="d69aab41-d9de-2cd2-e844-50817e4d62aa" testName="OptilandWorkbench.Tests.CommercialReliabilityTests.StarterImageSimulationReportsFoldedPupilWithSettingsAndNoFabricatedRaster(name: &quot;Extended Diffraction Image Analysis&quot;)" computerName="DESKTOP-SET3SNR" duration="00:00:01.4833288" startTime="2026-10-06T18:19:15.4350834+08:00" endTime="2026-10-06T18:19:16.9183999+08:00" testType="13cdc9d9-ddb5-4fa4-a97d-d965ccfc6d4b" outcome="Passed" testListId="8c84fa94-04c1-424b-9868-57a2d4851a1d" relativeResultsDirectory="882b0ca3-9d75-44c5-8063-fd887deb2318" />
    <UnitTestResult executionId="f8913be3-4240-4694-949c-eecfd2b9b84e" testId="4e883d4f-0f9b-a24a-6a1e-f150b104da90" testName="OptilandWorkbench.Tests.WavefrontSurfaceRenderTests.InitialViewDoesNotInvalidateTheActiveRenderPass" computerName="DESKTOP-SET3SNR" duration="00:00:00.0081388" startTime="2026-10-06T18:19:20.1655493+08:00" endTime="2026-10-06T18:19:20.1738549+08:00" testType="13cdc9d9-ddb5-4fa4-a97d-d965ccfc6d4b" outcome="Passed" testListId="8c84fa94-04c1-424b-9868-57a2d4851a1d" relativeResultsDirectory="f8913be3-4240-4694-949c-eecfd2b9b84e" />
    <UnitTestResult executionId="eadf9302-a1a3-43b1-ab38-e103825aae70" testId="8e086fb5-e352-c4b5-27a5-6873741b6302" testName="OptilandWorkbench.Tests.CommercialReliabilityTests.PsfMtfPreservesRequestedGridAndMatchesIndependentAxisSums(size: 6, padded: False)" computerName="DESKTOP-SET3SNR" duration="00:00:00.0068595" startTime="2026-10-06T18:19:13.3385537+08:00" endTime="2026-10-06T18:19:13.3385977+08:00" testType="13cdc9d9-ddb5-4fa4-a97d-d965ccfc6d4b" outcome="Passed" testListId="8c84fa94-04c1-424b-9868-57a2d4851a1d" relativeResultsDirectory="eadf9302-a1a3-43b1-ab38-e103825aae70" />
    <UnitTestResult executionId="996d6331-76ea-4575-8de7-142e40c1e7d0" testId="733758d4-ac84-b3fa-034f-e5a2b5cf5b01" testName="OptilandWorkbench.Tests.CommercialReliabilityTests.DiffractionEntryPointsObserveAnAlreadyCancelledRequest(entryPoint: 0)" computerName="DESKTOP-SET3SNR" duration="00:00:00.3741871" startTime="2026-10-06T18:19:13.3619172+08:00" endTime="2026-10-06T18:19:13.7150945+08:00" testType="13cdc9d9-ddb5-4fa4-a97d-d965ccfc6d4b" outcome="Passed" testListId="8c84fa94-04c1-424b-9868-57a2d4851a1d" relativeResultsDirectory="996d6331-76ea-4575-8de7-142e40c1e7d0" />
  </Results>
  <TestDefinitions>
    <UnitTest name="OptilandWorkbench.Tests.CommercialReliabilityTests.DiffractionEntryPointsObserveAnAlreadyCancelledRequest(entryPoint: 4)" storage="d:\projects\opticalsystem\tests\optilandworkbench.tests\bin\release\net10.0\optilandworkbench.tests.dll" id="b15692a0-756a-0a35-7725-945eb6cdfc08">
      <Execution id="ef734124-6429-4029-a4c3-6e9035a5c224" />
      <TestMethod codeBase="D:\Projects\opticalsystem\tests\OptilandWorkbench.Tests\bin\Release\net10.0\OptilandWorkbench.Tests.dll" adapterTypeName="executor://xunit/VsTestRunner3/netcore/" className="OptilandWorkbench.Tests.CommercialReliabilityTests" name="DiffractionEntryPointsObserveAnAlreadyCancelledRequest" />
    </UnitTest>
    <UnitTest name="OptilandWorkbench.Tests.UiAuditRegressionTests.DefaultResultPageShowsActualContentRegardlessOfTitle(key: &quot;Classified Data Report&quot;, expectedIndex: 1)" storage="d:\projects\opticalsystem\tests\optilandworkbench.tests\bin\release\net10.0\optilandworkbench.tests.dll" id="67d40c94-2c0e-a8ff-4dff-3fba0de3afcb">
      <Execution id="5e12f739-7737-4e4a-a13a-bdfd83e1fa26" />
      <TestMethod codeBase="D:\Projects\opticalsystem\tests\OptilandWorkbench.Tests\bin\Release\net10.0\OptilandWorkbench.Tests.dll" adapterTypeName="executor://xunit/VsTestRunner3/netcore/" className="OptilandWorkbench.Tests.UiAuditRegressionTests" name="DefaultResultPageShowsActualContentRegardlessOfTitle" />
    </UnitTest>
    <UnitTest name="OptilandWorkbench.Tests.CommercialReliabilityTests.PsfMtfPreservesRequestedGridAndMatchesIndependentAxisSums(size: 5, padded: False)" storage="d:\projects\opticalsystem\tests\optilandworkbench.tests\bin\release\net10.0\optilandworkbench.tests.dll" id="cbdf955f-8f67-51da-24e7-17472bfb16f9">
      <Execution id="76e88638-cfcb-412c-bc3d-86d3fd73d49a" />
      <TestMethod codeBase="D:\Projects\opticalsystem\tests\OptilandWorkbench.Tests\bin\Release\net10.0\OptilandWorkbench.Tests.dll" adapterTypeName="executor://xunit/VsTestRunner3/netcore/" className="OptilandWorkbench.Tests.CommercialReliabilityTests" name="PsfMtfPreservesRequestedGridAndMatchesIndependentAxisSums" />
    </UnitTest>
    <UnitTest name="OptilandWorkbench.Tests.CommercialReliabilityTests.DiffractionEntryPointsObserveAnAlreadyCancelledRequest(entryPoint: 0)" storage="d:\projects\opticalsystem\tests\optilandworkbench.tests\bin\release\net10.0\optilandworkbench.tests.dll" id="733758d4-ac84-b3fa-034f-e5a2b5cf5b01">
      <Execution id="996d6331-76ea-4575-8de7-142e40c1e7d0" />
      <TestMethod codeBase="D:\Projects\opticalsystem\tests\OptilandWorkbench.Tests\bin\Release\net10.0\OptilandWorkbench.Tests.dll" adapterTypeName="executor://xunit/VsTestRunner3/netcore/" className="OptilandWorkbench.Tests.CommercialReliabilityTests" name="DiffractionEntryPointsObserveAnAlreadyCancelledRequest" />
    </UnitTest>
    <UnitTest name="OptilandWorkbench.Tests.UiAuditRegressionTests.InvalidNumericInputRetainsErrorWithoutPublishingAnUpdate(cellName: &quot;SemiDiameterSolveCell&quot;)" storage="d:\projects\opticalsystem\tests\optilandworkbench.tests\bin\release\net10.0\optilandworkbench.tests.dll" id="39db3f38-7988-a863-9c4d-cc001004a381">
      <Execution id="616bb1d4-0079-4c8e-a570-969e2ffa664d" />
      <TestMethod codeBase="D:\Projects\opticalsystem\tests\OptilandWorkbench.Tests\bin\Release\net10.0\OptilandWorkbench.Tests.dll" adapterTypeName="executor://xunit/VsTestRunner3/netcore/" className="OptilandWorkbench.Tests.UiAuditRegressionTests" name="InvalidNumericInputRetainsErrorWithoutPublishingAnUpdate" />
    </UnitTest>
    <UnitTest name="OptilandWorkbench.Tests.CommercialReliabilityTests.DirectImageSimulationKeepsTheFoldedMappingException" storage="d:\projects\opticalsystem\tests\optilandworkbench.tests\bin\release\net10.0\optilandworkbench.tests.dll" id="d9e33346-4599-d8e9-918b-b8d7539519b7">
      <Execution id="c783bc2b-6ed4-4f7a-b2f7-69fdcecdeca4" />
      <TestMethod codeBase="D:\Projects\opticalsystem\tests\OptilandWorkbench.Tests\bin\Release\net10.0\OptilandWorkbench.Tests.dll" adapterTypeName="executor://xunit/VsTestRunner3/netcore/" className="OptilandWorkbench.Tests.CommercialReliabilityTests" name="DirectImageSimulationKeepsTheFoldedMappingException" />
    </UnitTest>
    <UnitTest name="OptilandWorkbench.Tests.OpticCapabilityPreflightTests.UnsupportedGeometryIsBlockedByEveryComputationalPreflight" storage="d:\projects\opticalsystem\tests\optilandworkbench.tests\bin\release\net10.0\optilandworkbench.tests.dll" id="89389432-79c0-1ac2-3386-f4e3a3900607">
      <Execution id="d9e67bfd-e874-46b7-82bc-753b179ba006" />
      <TestMethod codeBase="D:\Projects\opticalsystem\tests\OptilandWorkbench.Tests\bin\Release\net10.0\OptilandWorkbench.Tests.dll" adapterTypeName="executor://xunit/VsTestRunner3/netcore/" className="OptilandWorkbench.Tests.OpticCapabilityPreflightTests" name="UnsupportedGeometryIsBlockedByEveryComputationalPreflight" />
    </UnitTest>
    <UnitTest name="OptilandWorkbench.Tests.CommercialReliabilityTests.ExcessiveTransformsAreRejectedBeforeComputing(size: 185, padded: True)" storage="d:\projects\opticalsystem\tests\optilandworkbench.tests\bin\release\net10.0\optilandworkbench.tests.dll" id="1adb0c71-500d-0554-7af2-af8257ec4cb3">
      <Execution id="37a7ee2f-ff64-4667-8bc4-0d1b6e4fabdc" />
      <TestMethod codeBase="D:\Projects\opticalsystem\tests\OptilandWorkbench.Tests\bin\Release\net10.0\OptilandWorkbench.Tests.dll" adapterTypeName="executor://xunit/VsTestRunner3/netcore/" className="OptilandWorkbench.Tests.CommercialReliabilityTests" name="ExcessiveTransformsAreRejectedBeforeComputing" />
    </UnitTest>
    <UnitTest name="OptilandWorkbench.Tests.CommercialReliabilityTests.DiffractionEntryPointsObserveAnAlreadyCancelledRequest(entryPoint: 2)" storage="d:\projects\opticalsystem\tests\optilandworkbench.tests\bin\release\net10.0\optilandworkbench.tests.dll" id="98a3a5b7-0d81-584a-5410-d550733bf754">
      <Execution id="0f716788-cecc-4d8d-8aac-9e0c6b786e1b" />
      <TestMethod codeBase="D:\Projects\opticalsystem\tests\OptilandWorkbench.Tests\bin\Release\net10.0\OptilandWorkbench.Tests.dll" adapterTypeName="executor://xunit/VsTestRunner3/netcore/" className="OptilandWorkbench.Tests.CommercialReliabilityTests" name="DiffractionEntryPointsObserveAnAlreadyCancelledRequest" />
    </UnitTest>
    <UnitTest name="OptilandWorkbench.Tests.CommercialReliabilityTests.UnavailableImageSimulationPreservesTheOutputFileAndItsDiagnostic" storage="d:\projects\opticalsystem\tests\optilandworkbench.tests\bin\release\net10.0\optilandworkbench.tests.dll" id="3ca4138d-688a-58c4-e3ff-73abc85125c1">
      <Execution id="cdbf81e4-fa4e-4338-808f-d953f28cf19e" />
      <TestMethod codeBase="D:\Projects\opticalsystem\tests\OptilandWorkbench.Tests\bin\Release\net10.0\OptilandWorkbench.Tests.dll" adapterTypeName="executor://xunit/VsTestRunner3/netcore/" className="OptilandWorkbench.Tests.CommercialReliabilityTests" name="UnavailableImageSimulationPreservesTheOutputFileAndItsDiagnostic" />
    </UnitTest>
    <UnitTest name="OptilandWorkbench.Tests.CommercialReliabilityTests.InvalidPsfMetadataIsRejectedWithoutAllocatingItsDeclaredGrid(size: 2147483647)" storage="d:\projects\opticalsystem\tests\optilandworkbench.tests\bin\release\net10.0\optilandworkbench.tests.dll" id="a51e3ede-0247-b6f8-4e06-3ced5868e854">
      <Execution id="93ffedff-658e-46e3-b250-94bb461a6f68" />
      <TestMethod codeBase="D:\Projects\opticalsystem\tests\OptilandWorkbench.Tests\bin\Release\net10.0\OptilandWorkbench.Tests.dll" adapterTypeName="executor://xunit/VsTestRunner3/netcore/" className="OptilandWorkbench.Tests.CommercialReliabilityTests" name="InvalidPsfMetadataIsRejectedWithoutAllocatingItsDeclaredGrid" />
    </UnitTest>
    <UnitTest name="OptilandWorkbench.Tests.CommercialReliabilityTests.StarterImageSimulationReportsFoldedPupilWithSettingsAndNoFabricatedRaster(name: &quot;Extended Diffraction Image Analysis&quot;)" storage="d:\projects\opticalsystem\tests\optilandworkbench.tests\bin\release\net10.0\optilandworkbench.tests.dll" id="d69aab41-d9de-2cd2-e844-50817e4d62aa">
      <Execution id="882b0ca3-9d75-44c5-8063-fd887deb2318" />
      <TestMethod codeBase="D:\Projects\opticalsystem\tests\OptilandWorkbench.Tests\bin\Release\net10.0\OptilandWorkbench.Tests.dll" adapterTypeName="executor://xunit/VsTestRunner3/netcore/" className="OptilandWorkbench.Tests.CommercialReliabilityTests" name="StarterImageSimulationReportsFoldedPupilWithSettingsAndNoFabricatedRaster" />
    </UnitTest>
    <UnitTest name="OptilandWorkbench.Tests.UiAuditRegressionTests.DefaultResultPageShowsActualContentRegardlessOfTitle(key: &quot;Matrix Spot Diagram&quot;, expectedIndex: 0)" storage="d:\projects\opticalsystem\tests\optilandworkbench.tests\bin\release\net10.0\optilandworkbench.tests.dll" id="90989aea-e158-5171-b3a6-b3e8702e31cb">
      <Execution id="bb9ba0c5-e1bc-4144-9fa2-7c7f02b2385e" />
      <TestMethod codeBase="D:\Projects\opticalsystem\tests\OptilandWorkbench.Tests\bin\Release\net10.0\OptilandWorkbench.Tests.dll" adapterTypeName="executor://xunit/VsTestRunner3/netcore/" className="OptilandWorkbench.Tests.UiAuditRegressionTests" name="DefaultResultPageShowsActualContentRegardlessOfTitle" />
    </UnitTest>
    <UnitTest name="OptilandWorkbench.Tests.CommercialReliabilityTests.DiffractionEntryPointsObserveAnAlreadyCancelledRequest(entryPoint: 3)" storage="d:\projects\opticalsystem\tests\optilandworkbench.tests\bin\release\net10.0\optilandworkbench.tests.dll" id="62396946-9ab9-72a9-916b-b40ed0319b77">
      <Execution id="952e3f7f-a5a9-4bf5-b9b6-5210e19ee110" />
      <TestMethod codeBase="D:\Projects\opticalsystem\tests\OptilandWorkbench.Tests\bin\Release\net10.0\OptilandWorkbench.Tests.dll" adapterTypeName="executor://xunit/VsTestRunner3/netcore/" className="OptilandWorkbench.Tests.CommercialReliabilityTests" name="DiffractionEntryPointsObserveAnAlreadyCancelledRequest" />
    </UnitTest>
    <UnitTest name="OptilandWorkbench.Tests.OpticCapabilityPreflightTests.NativeFilesPreserveOpaqueGeometryPayload" storage="d:\projects\opticalsystem\tests\optilandworkbench.tests\bin\release\net10.0\optilandworkbench.tests.dll" id="628dfb09-e0ce-38bc-4660-6fd743a3d7f4">
      <Execution id="13ad2fa4-0210-4931-8396-45620c64118c" />
      <TestMethod codeBase="D:\Projects\opticalsystem\tests\OptilandWorkbench.Tests\bin\Release\net10.0\OptilandWorkbench.Tests.dll" adapterTypeName="executor://xunit/VsTestRunner3/netcore/" className="OptilandWorkbench.Tests.OpticCapabilityPreflightTests" name="NativeFilesPreserveOpaqueGeometryPayload" />
    </UnitTest>
    <UnitTest name="OptilandWorkbench.Tests.CommercialReliabilityTests.PsfMtfPreservesRequestedGridAndMatchesIndependentAxisSums(size: 3, padded: False)" storage="d:\projects\opticalsystem\tests\optilandworkbench.tests\bin\release\net10.0\optilandworkbench.tests.dll" id="da291c3d-8b4b-e986-1aa9-3b817b9e273c">
      <Execution id="60dc399a-e198-425b-b154-8cf96789b00c" />
      <TestMethod codeBase="D:\Projects\opticalsystem\tests\OptilandWorkbench.Tests\bin\Release\net10.0\OptilandWorkbench.Tests.dll" adapterTypeName="executor://xunit/VsTestRunner3/netcore/" className="OptilandWorkbench.Tests.CommercialReliabilityTests" name="PsfMtfPreservesRequestedGridAndMatchesIndependentAxisSums" />
    </UnitTest>
    <UnitTest name="OptilandWorkbench.Tests.UiAuditRegressionTests.UnlockingAnOldResultRequiresSyncAndFileSwitchClearsLockedContent" storage="d:\projects\opticalsystem\tests\optilandworkbench.tests\bin\release\net10.0\optilandworkbench.tests.dll" id="791d6dda-e36e-6719-8923-84ab4b4b8af3">
      <Execution id="3f00c804-2a25-4ed9-8786-80d0eff078ec" />
      <TestMethod codeBase="D:\Projects\opticalsystem\tests\OptilandWorkbench.Tests\bin\Release\net10.0\OptilandWorkbench.Tests.dll" adapterTypeName="executor://xunit/VsTestRunner3/netcore/" className="OptilandWorkbench.Tests.UiAuditRegressionTests" name="UnlockingAnOldResultRequiresSyncAndFileSwitchClearsLockedContent" />
    </UnitTest>
    <UnitTest name="OptilandWorkbench.Tests.CommercialReliabilityTests.PsfMtfPreservesRequestedGridAndMatchesIndependentAxisSums(size: 8, padded: True)" storage="d:\projects\opticalsystem\tests\optilandworkbench.tests\bin\release\net10.0\optilandworkbench.tests.dll" id="75349926-e56b-7c46-2812-01ac20b3d1d0">
      <Execution id="272f6a00-0840-4fc7-a03a-1c846a60bee4" />
      <TestMethod codeBase="D:\Projects\opticalsystem\tests\OptilandWorkbench.Tests\bin\Release\net10.0\OptilandWorkbench.Tests.dll" adapterTypeName="executor://xunit/VsTestRunner3/netcore/" className="OptilandWorkbench.Tests.CommercialReliabilityTests" name="PsfMtfPreservesRequestedGridAndMatchesIndependentAxisSums" />
    </UnitTest>
    <UnitTest name="OptilandWorkbench.Tests.CommercialReliabilityTests.PsfMtfPreservesRequestedGridAndMatchesIndependentAxisSums(size: 6, padded: False)" storage="d:\projects\opticalsystem\tests\optilandworkbench.tests\bin\release\net10.0\optilandworkbench.tests.dll" id="8e086fb5-e352-c4b5-27a5-6873741b6302">
      <Execution id="eadf9302-a1a3-43b1-ab38-e103825aae70" />
      <TestMethod codeBase="D:\Projects\opticalsystem\tests\OptilandWorkbench.Tests\bin\Release\net10.0\OptilandWorkbench.Tests.dll" adapterTypeName="executor://xunit/VsTestRunner3/netcore/" className="OptilandWorkbench.Tests.CommercialReliabilityTests" name="PsfMtfPreservesRequestedGridAndMatchesIndependentAxisSums" />
    </UnitTest>
    <UnitTest name="OptilandWorkbench.Tests.CommercialReliabilityTests.InvalidPsfMetadataIsRejectedWithoutAllocatingItsDeclaredGrid(size: 2049)" storage="d:\projects\opticalsystem\tests\optilandworkbench.tests\bin\release\net10.0\optilandworkbench.tests.dll" id="c242040b-fb30-161b-54e6-f48481564d85">
      <Execution id="e912aa3a-c091-4760-9196-437c91cd8d1f" />
      <TestMethod codeBase="D:\Projects\opticalsystem\tests\OptilandWorkbench.Tests\bin\Release\net10.0\OptilandWorkbench.Tests.dll" adapterTypeName="executor://xunit/VsTestRunner3/netcore/" className="OptilandWorkbench.Tests.CommercialReliabilityTests" name="InvalidPsfMetadataIsRejectedWithoutAllocatingItsDeclaredGrid" />
    </UnitTest>
    <UnitTest name="OptilandWorkbench.Tests.UiAuditRegressionTests.DefaultResultPageShowsActualContentRegardlessOfTitle(key: &quot;System Data Report&quot;, expectedIndex: 1)" storage="d:\projects\opticalsystem\tests\optilandworkbench.tests\bin\release\net10.0\optilandworkbench.tests.dll" id="5288f0f4-8910-db8b-cac6-38b27b14c8c0">
      <Execution id="a148fd5b-b5e3-47e4-9498-2bd23d4097d3" />
      <TestMethod codeBase="D:\Projects\opticalsystem\tests\OptilandWorkbench.Tests\bin\Release\net10.0\OptilandWorkbench.Tests.dll" adapterTypeName="executor://xunit/VsTestRunner3/netcore/" className="OptilandWorkbench.Tests.UiAuditRegressionTests" name="DefaultResultPageShowsActualContentRegardlessOfTitle" />
    </UnitTest>
    <UnitTest name="OptilandWorkbench.Tests.InterferogramFooterTests.MissingMetadataIsNotReportedAsZeroAndOtherKindsKeepTheirSummary" storage="d:\projects\opticalsystem\tests\optilandworkbench.tests\bin\release\net10.0\optilandworkbench.tests.dll" id="50da7809-b988-c4a2-87e5-8e57bd950e9d">
      <Execution id="577cf966-05a7-4589-9fbc-f8f24b304d12" />
      <TestMethod codeBase="D:\Projects\opticalsystem\tests\OptilandWorkbench.Tests\bin\Release\net10.0\OptilandWorkbench.Tests.dll" adapterTypeName="executor://xunit/VsTestRunner3/netcore/" className="OptilandWorkbench.Tests.InterferogramFooterTests" name="MissingMetadataIsNotReportedAsZeroAndOtherKindsKeepTheirSummary" />
    </UnitTest>
    <UnitTest name="OptilandWorkbench.Tests.UiAuditRegressionTests.InvalidNumericInputRetainsErrorWithoutPublishingAnUpdate(cellName: &quot;ThicknessSolveCell&quot;)" storage="d:\projects\opticalsystem\tests\optilandworkbench.tests\bin\release\net10.0\optilandworkbench.tests.dll" id="f8284d05-68c0-d365-27c2-92a32498b586">
      <Execution id="b8bd8e88-c6b8-49b6-bf81-1f6ac04f4ad8" />
      <TestMethod codeBase="D:\Projects\opticalsystem\tests\OptilandWorkbench.Tests\bin\Release\net10.0\OptilandWorkbench.Tests.dll" adapterTypeName="executor://xunit/VsTestRunner3/netcore/" className="OptilandWorkbench.Tests.UiAuditRegressionTests" name="InvalidNumericInputRetainsErrorWithoutPublishingAnUpdate" />
    </UnitTest>
    <UnitTest name="OptilandWorkbench.Tests.CommercialReliabilityTests.ExcessiveTransformsAreRejectedBeforeComputing(size: 2048, padded: True)" storage="d:\projects\opticalsystem\tests\optilandworkbench.tests\bin\release\net10.0\optilandworkbench.tests.dll" id="6dd88539-615c-e8b4-eb91-f4164725e7af">
      <Execution id="3bdf5462-d738-42b2-b4b2-ee406ccc761f" />
      <TestMethod codeBase="D:\Projects\opticalsystem\tests\OptilandWorkbench.Tests\bin\Release\net10.0\OptilandWorkbench.Tests.dll" adapterTypeName="executor://xunit/VsTestRunner3/netcore/" className="OptilandWorkbench.Tests.CommercialReliabilityTests" name="ExcessiveTransformsAreRejectedBeforeComputing" />
    </UnitTest>
    <UnitTest name="OptilandWorkbench.Tests.InterferogramFooterTests.FooterUsesTypedSummaryWithoutGenericRowsOrFabricatedFringeSettings(width: 1200)" storage="d:\projects\opticalsystem\tests\optilandworkbench.tests\bin\release\net10.0\optilandworkbench.tests.dll" id="21473fc0-3bd4-3f9e-bbdf-a6b635c6b179">
      <Execution id="542dbb2d-9bfc-41d1-9840-98ae848b2d0f" />
      <TestMethod codeBase="D:\Projects\opticalsystem\tests\OptilandWorkbench.Tests\bin\Release\net10.0\OptilandWorkbench.Tests.dll" adapterTypeName="executor://xunit/VsTestRunner3/netcore/" className="OptilandWorkbench.Tests.InterferogramFooterTests" name="FooterUsesTypedSummaryWithoutGenericRowsOrFabricatedFringeSettings" />
    </UnitTest>
    <UnitTest name="OptilandWorkbench.Tests.CommercialReliabilityTests.DatabaseRejectsOversizedCompressedChunkAtIndexValidation" storage="d:\projects\opticalsystem\tests\optilandworkbench.tests\bin\release\net10.0\optilandworkbench.tests.dll" id="e00a6b3a-f5ee-9dc8-c310-a63924f39df5">
      <Execution id="cf3e6821-8f98-4857-a657-736e8783bc7e" />
      <TestMethod codeBase="D:\Projects\opticalsystem\tests\OptilandWorkbench.Tests\bin\Release\net10.0\OptilandWorkbench.Tests.dll" adapterTypeName="executor://xunit/VsTestRunner3/netcore/" className="OptilandWorkbench.Tests.CommercialReliabilityTests" name="DatabaseRejectsOversizedCompressedChunkAtIndexValidation" />
    </UnitTest>
    <UnitTest name="OptilandWorkbench.Tests.CommercialReliabilityTests.PsfMtfPreservesRequestedGridAndMatchesIndependentAxisSums(size: 8, padded: False)" storage="d:\projects\opticalsystem\tests\optilandworkbench.tests\bin\release\net10.0\optilandworkbench.tests.dll" id="005c59ac-ebfa-6129-47a2-bbe5f46c23b3">
      <Execution id="3746253f-f07f-497a-81c2-f534837fbde0" />
      <TestMethod codeBase="D:\Projects\opticalsystem\tests\OptilandWorkbench.Tests\bin\Release\net10.0\OptilandWorkbench.Tests.dll" adapterTypeName="executor://xunit/VsTestRunner3/netcore/" className="OptilandWorkbench.Tests.CommercialReliabilityTests" name="PsfMtfPreservesRequestedGridAndMatchesIndependentAxisSums" />
    </UnitTest>
    <UnitTest name="OptilandWorkbench.Tests.CommercialReliabilityTests.DirectFrequencyBudgetIsCheckedBeforeReadingTheFrequencyList" storage="d:\projects\opticalsystem\tests\optilandworkbench.tests\bin\release\net10.0\optilandworkbench.tests.dll" id="e48b483f-cfc3-0fdd-c6a1-45db92389134">
      <Execution id="89ed4071-3197-418a-bfb7-45b92b66dd37" />
      <TestMethod codeBase="D:\Projects\opticalsystem\tests\OptilandWorkbench.Tests\bin\Release\net10.0\OptilandWorkbench.Tests.dll" adapterTypeName="executor://xunit/VsTestRunner3/netcore/" className="OptilandWorkbench.Tests.CommercialReliabilityTests" name="DirectFrequencyBudgetIsCheckedBeforeReadingTheFrequencyList" />
    </UnitTest>
    <UnitTest name="OptilandWorkbench.Tests.CommercialReliabilityTests.NonPowerOfTwoTransformObservesCancellationDuringComputation" storage="d:\projects\opticalsystem\tests\optilandworkbench.tests\bin\release\net10.0\optilandworkbench.tests.dll" id="35862ea7-b39a-3ede-755b-3c78ff0f1230">
      <Execution id="a6bdb8ff-02c2-4b58-89bc-2d86f69ade77" />
      <TestMethod codeBase="D:\Projects\opticalsystem\tests\OptilandWorkbench.Tests\bin\Release\net10.0\OptilandWorkbench.Tests.dll" adapterTypeName="executor://xunit/VsTestRunner3/netcore/" className="OptilandWorkbench.Tests.CommercialReliabilityTests" name="NonPowerOfTwoTransformObservesCancellationDuringComputation" />
    </UnitTest>
    <UnitTest name="OptilandWorkbench.Tests.UiAuditRegressionTests.InvalidNumericInputRetainsErrorWithoutPublishingAnUpdate(cellName: &quot;RadiusSolveCell&quot;)" storage="d:\projects\opticalsystem\tests\optilandworkbench.tests\bin\release\net10.0\optilandworkbench.tests.dll" id="3af7e193-9a0d-de6f-5566-ef3405111c55">
      <Execution id="01719450-a4f4-4b94-b568-5131c3f4f4df" />
      <TestMethod codeBase="D:\Projects\opticalsystem\tests\OptilandWorkbench.Tests\bin\Release\net10.0\OptilandWorkbench.Tests.dll" adapterTypeName="executor://xunit/VsTestRunner3/netcore/" className="OptilandWorkbench.Tests.UiAuditRegressionTests" name="InvalidNumericInputRetainsErrorWithoutPublishingAnUpdate" />
    </UnitTest>
    <UnitTest name="OptilandWorkbench.Tests.CommercialReliabilityTests.DiffractionEntryPointsObserveAnAlreadyCancelledRequest(entryPoint: 1)" storage="d:\projects\opticalsystem\tests\optilandworkbench.tests\bin\release\net10.0\optilandworkbench.tests.dll" id="b70f44e5-fbff-6697-a6ad-8a1c87e1d2be">
      <Execution id="cf2982cf-2fcb-4d06-9592-7f8624f5c1d0" />
      <TestMethod codeBase="D:\Projects\opticalsystem\tests\OptilandWorkbench.Tests\bin\Release\net10.0\OptilandWorkbench.Tests.dll" adapterTypeName="executor://xunit/VsTestRunner3/netcore/" className="OptilandWorkbench.Tests.CommercialReliabilityTests" name="DiffractionEntryPointsObserveAnAlreadyCancelledRequest" />
    </UnitTest>
    <UnitTest name="OptilandWorkbench.Tests.CommercialReliabilityTests.PsfMtfPreservesRequestedGridAndMatchesIndependentAxisSums(size: 5, padded: True)" storage="d:\projects\opticalsystem\tests\optilandworkbench.tests\bin\release\net10.0\optilandworkbench.tests.dll" id="a43a45c5-63d6-b297-db3c-8ad2e3271256">
      <Execution id="16cd5144-1eab-4806-a57a-6f0bf705ae7c" />
      <TestMethod codeBase="D:\Projects\opticalsystem\tests\OptilandWorkbench.Tests\bin\Release\net10.0\OptilandWorkbench.Tests.dll" adapterTypeName="executor://xunit/VsTestRunner3/netcore/" className="OptilandWorkbench.Tests.CommercialReliabilityTests" name="PsfMtfPreservesRequestedGridAndMatchesIndependentAxisSums" />
    </UnitTest>
    <UnitTest name="OptilandWorkbench.Tests.UiAuditRegressionTests.DefaultResultPageShowsActualContentRegardlessOfTitle(key: &quot;Wavefront Map&quot;, expectedIndex: 0)" storage="d:\projects\opticalsystem\tests\optilandworkbench.tests\bin\release\net10.0\optilandworkbench.tests.dll" id="d3b41f5b-d757-bf87-e986-79767aa3a67d">
      <Execution id="6f36410d-4eea-4b4e-aaf0-e5f47365622c" />
      <TestMethod codeBase="D:\Projects\opticalsystem\tests\OptilandWorkbench.Tests\bin\Release\net10.0\OptilandWorkbench.Tests.dll" adapterTypeName="executor://xunit/VsTestRunner3/netcore/" className="OptilandWorkbench.Tests.UiAuditRegressionTests" name="DefaultResultPageShowsActualContentRegardlessOfTitle" />
    </UnitTest>
    <UnitTest name="OptilandWorkbench.Tests.CommercialReliabilityTests.ExcessiveTransformsAreRejectedBeforeComputing(size: 369, padded: False)" storage="d:\projects\opticalsystem\tests\optilandworkbench.tests\bin\release\net10.0\optilandworkbench.tests.dll" id="2a8e39f0-8ec4-99a1-c59d-b73bd9189962">
      <Execution id="3800edd8-cefb-4de9-aadf-d3547f755884" />
      <TestMethod codeBase="D:\Projects\opticalsystem\tests\OptilandWorkbench.Tests\bin\Release\net10.0\OptilandWorkbench.Tests.dll" adapterTypeName="executor://xunit/VsTestRunner3/netcore/" className="OptilandWorkbench.Tests.CommercialReliabilityTests" name="ExcessiveTransformsAreRejectedBeforeComputing" />
    </UnitTest>
    <UnitTest name="OptilandWorkbench.Tests.CommercialReliabilityTests.DatabaseRangeDoesNotAllocateTheRequestedCapacityForASmallFile" storage="d:\projects\opticalsystem\tests\optilandworkbench.tests\bin\release\net10.0\optilandworkbench.tests.dll" id="45e7c168-bd16-fd92-074c-d676e75e1ce2">
      <Execution id="926279ef-ff31-408b-bde3-0bdc2dd6a6f6" />
      <TestMethod codeBase="D:\Projects\opticalsystem\tests\OptilandWorkbench.Tests\bin\Release\net10.0\OptilandWorkbench.Tests.dll" adapterTypeName="executor://xunit/VsTestRunner3/netcore/" className="OptilandWorkbench.Tests.CommercialReliabilityTests" name="DatabaseRangeDoesNotAllocateTheRequestedCapacityForASmallFile" />
    </UnitTest>
    <UnitTest name="OptilandWorkbench.Tests.CommercialReliabilityTests.StarterImageSimulationReportsFoldedPupilWithSettingsAndNoFabricatedRaster(name: &quot;Partially Coherent Image Analysis&quot;)" storage="d:\projects\opticalsystem\tests\optilandworkbench.tests\bin\release\net10.0\optilandworkbench.tests.dll" id="c4a978a7-5db2-9d2b-f258-a3c09485cf26">
      <Execution id="7c518a71-8c92-419c-9d15-4e91bd49c82c" />
      <TestMethod codeBase="D:\Projects\opticalsystem\tests\OptilandWorkbench.Tests\bin\Release\net10.0\OptilandWorkbench.Tests.dll" adapterTypeName="executor://xunit/VsTestRunner3/netcore/" className="OptilandWorkbench.Tests.CommercialReliabilityTests" name="StarterImageSimulationReportsFoldedPupilWithSettingsAndNoFabricatedRaster" />
    </UnitTest>
    <UnitTest name="OptilandWorkbench.Tests.InterferogramFooterTests.MetadataUsesActualSelectedFieldCoordinatesAndTypedUnits(fieldKind: ObjectHeight, unit: Millimeter)" storage="d:\projects\opticalsystem\tests\optilandworkbench.tests\bin\release\net10.0\optilandworkbench.tests.dll" id="a965584f-199f-7fd5-48c2-bd3a1d74cfeb">
      <Execution id="e07efa28-032d-4462-ac0b-88dc0b602079" />
      <TestMethod codeBase="D:\Projects\opticalsystem\tests\OptilandWorkbench.Tests\bin\Release\net10.0\OptilandWorkbench.Tests.dll" adapterTypeName="executor://xunit/VsTestRunner3/netcore/" className="OptilandWorkbench.Tests.InterferogramFooterTests" name="MetadataUsesActualSelectedFieldCoordinatesAndTypedUnits" />
    </UnitTest>
    <UnitTest name="OptilandWorkbench.Tests.UiAuditRegressionTests.DefaultResultPageShowsActualContentRegardlessOfTitle(key: &quot;Spot Diagram&quot;, expectedIndex: 0)" storage="d:\projects\opticalsystem\tests\optilandworkbench.tests\bin\release\net10.0\optilandworkbench.tests.dll" id="f72d4b48-977a-3830-e72a-e8b3154e1dc4">
      <Execution id="284db565-c646-4984-a0a1-b3d15c7e9d33" />
      <TestMethod codeBase="D:\Projects\opticalsystem\tests\OptilandWorkbench.Tests\bin\Release\net10.0\OptilandWorkbench.Tests.dll" adapterTypeName="executor://xunit/VsTestRunner3/netcore/" className="OptilandWorkbench.Tests.UiAuditRegressionTests" name="DefaultResultPageShowsActualContentRegardlessOfTitle" />
    </UnitTest>
    <UnitTest name="OptilandWorkbench.Tests.OpticCapabilityPreflightTests.ManufacturingRowsExposeAndBlockOpaqueGeometry" storage="d:\projects\opticalsystem\tests\optilandworkbench.tests\bin\release\net10.0\optilandworkbench.tests.dll" id="82498c8c-3245-c713-c4d4-a66683d68d67">
      <Execution id="a187b678-51c8-4450-81a8-c0eada6ee5a4" />
      <TestMethod codeBase="D:\Projects\opticalsystem\tests\OptilandWorkbench.Tests\bin\Release\net10.0\OptilandWorkbench.Tests.dll" adapterTypeName="executor://xunit/VsTestRunner3/netcore/" className="OptilandWorkbench.Tests.OpticCapabilityPreflightTests" name="ManufacturingRowsExposeAndBlockOpaqueGeometry" />
    </UnitTest>
    <UnitTest name="OptilandWorkbench.Tests.OpticCapabilityPreflightTests.UnknownSnapshotGeometryRequiresAndPreservesOpaquePayload" storage="d:\projects\opticalsystem\tests\optilandworkbench.tests\bin\release\net10.0\optilandworkbench.tests.dll" id="cb31e8a1-b113-1692-ba0a-3ee23b8f3f9f">
      <Execution id="fac85651-2bdc-455a-bdb6-7f6650c4bae3" />
      <TestMethod codeBase="D:\Projects\opticalsystem\tests\OptilandWorkbench.Tests\bin\Release\net10.0\OptilandWorkbench.Tests.dll" adapterTypeName="executor://xunit/VsTestRunner3/netcore/" className="OptilandWorkbench.Tests.OpticCapabilityPreflightTests" name="UnknownSnapshotGeometryRequiresAndPreservesOpaquePayload" />
    </UnitTest>
    <UnitTest name="OptilandWorkbench.Tests.WavefrontSurfaceRenderTests.SettingsToggleUsesConfiguredSurfaceInLightTheme" storage="d:\projects\opticalsystem\tests\optilandworkbench.tests\bin\release\net10.0\optilandworkbench.tests.dll" id="e9c76ca4-394a-5480-6b90-04b5eecb052c">
      <Execution id="1a87070a-2722-43f2-9da4-945c26962ed9" />
      <TestMethod codeBase="D:\Projects\opticalsystem\tests\OptilandWorkbench.Tests\bin\Release\net10.0\OptilandWorkbench.Tests.dll" adapterTypeName="executor://xunit/VsTestRunner3/netcore/" className="OptilandWorkbench.Tests.WavefrontSurfaceRenderTests" name="SettingsToggleUsesConfiguredSurfaceInLightTheme" />
    </UnitTest>
    <UnitTest name="OptilandWorkbench.Tests.CommercialReliabilityTests.DatabaseRejectsOversizedCompressedHeaderBeforeReadingItsPayload" storage="d:\projects\opticalsystem\tests\optilandworkbench.tests\bin\release\net10.0\optilandworkbench.tests.dll" id="2a1b1918-e093-7127-e62b-dbd89fcf564b">
      <Execution id="50a0341d-d9dd-445d-9755-8667cecc6556" />
      <TestMethod codeBase="D:\Projects\opticalsystem\tests\OptilandWorkbench.Tests\bin\Release\net10.0\OptilandWorkbench.Tests.dll" adapterTypeName="executor://xunit/VsTestRunner3/netcore/" className="OptilandWorkbench.Tests.CommercialReliabilityTests" name="DatabaseRejectsOversizedCompressedHeaderBeforeReadingItsPayload" />
    </UnitTest>
    <UnitTest name="OptilandWorkbench.Tests.InterferogramFooterTests.MetadataUsesActualSelectedFieldCoordinatesAndTypedUnits(fieldKind: Angle, unit: Degree)" storage="d:\projects\opticalsystem\tests\optilandworkbench.tests\bin\release\net10.0\optilandworkbench.tests.dll" id="3f657b24-9d22-3837-cd60-767122af24ea">
      <Execution id="56758760-6bb0-4beb-9da8-23498c7d0f30" />
      <TestMethod codeBase="D:\Projects\opticalsystem\tests\OptilandWorkbench.Tests\bin\Release\net10.0\OptilandWorkbench.Tests.dll" adapterTypeName="executor://xunit/VsTestRunner3/netcore/" className="OptilandWorkbench.Tests.InterferogramFooterTests" name="MetadataUsesActualSelectedFieldCoordinatesAndTypedUnits" />
    </UnitTest>
    <UnitTest name="OptilandWorkbench.Tests.UiAuditRegressionTests.HeadlessSessionWaitsForAsyncCallbacks" storage="d:\projects\opticalsystem\tests\optilandworkbench.tests\bin\release\net10.0\optilandworkbench.tests.dll" id="9c2962ae-9844-af08-e4d9-b778580dc3a2">
      <Execution id="54f57559-a829-43b3-960f-cf92d0d78969" />
      <TestMethod codeBase="D:\Projects\opticalsystem\tests\OptilandWorkbench.Tests\bin\Release\net10.0\OptilandWorkbench.Tests.dll" adapterTypeName="executor://xunit/VsTestRunner3/netcore/" className="OptilandWorkbench.Tests.UiAuditRegressionTests" name="HeadlessSessionWaitsForAsyncCallbacks" />
    </UnitTest>
    <UnitTest name="OptilandWorkbench.Tests.CommercialReliabilityTests.PsfMtfPreservesRequestedGridAndMatchesIndependentAxisSums(size: 9, padded: False)" storage="d:\projects\opticalsystem\tests\optilandworkbench.tests\bin\release\net10.0\optilandworkbench.tests.dll" id="cd9efe57-2908-be9c-4a24-06110209190e">
      <Execution id="aa6d0958-311d-4c5c-9d06-af1f24efa2ba" />
      <TestMethod codeBase="D:\Projects\opticalsystem\tests\OptilandWorkbench.Tests\bin\Release\net10.0\OptilandWorkbench.Tests.dll" adapterTypeName="executor://xunit/VsTestRunner3/netcore/" className="OptilandWorkbench.Tests.CommercialReliabilityTests" name="PsfMtfPreservesRequestedGridAndMatchesIndependentAxisSums" />
    </UnitTest>
    <UnitTest name="OptilandWorkbench.Tests.UiAuditRegressionTests.HeadlessSessionPropagatesAsyncCallbackFailures" storage="d:\projects\opticalsystem\tests\optilandworkbench.tests\bin\release\net10.0\optilandworkbench.tests.dll" id="83117c8d-2821-99c1-2bd3-95dc99d7d970">
      <Execution id="ac74ddd9-dcce-4758-92f2-a88ac84cce00" />
      <TestMethod codeBase="D:\Projects\opticalsystem\tests\OptilandWorkbench.Tests\bin\Release\net10.0\OptilandWorkbench.Tests.dll" adapterTypeName="executor://xunit/VsTestRunner3/netcore/" className="OptilandWorkbench.Tests.UiAuditRegressionTests" name="HeadlessSessionPropagatesAsyncCallbackFailures" />
    </UnitTest>
    <UnitTest name="OptilandWorkbench.Tests.UiAuditRegressionTests.DefaultResultPageShowsActualContentRegardlessOfTitle(key: &quot;First Order&quot;, expectedIndex: 1)" storage="d:\projects\opticalsystem\tests\optilandworkbench.tests\bin\release\net10.0\optilandworkbench.tests.dll" id="8cfeb267-502d-5789-e701-2bc47d0e2b6a">
      <Execution id="60cb0ca7-1b96-4057-a102-ae399ba431a7" />
      <TestMethod codeBase="D:\Projects\opticalsystem\tests\OptilandWorkbench.Tests\bin\Release\net10.0\OptilandWorkbench.Tests.dll" adapterTypeName="executor://xunit/VsTestRunner3/netcore/" className="OptilandWorkbench.Tests.UiAuditRegressionTests" name="DefaultResultPageShowsActualContentRegardlessOfTitle" />
    </UnitTest>
    <UnitTest name="OptilandWorkbench.Tests.InterferogramFooterTests.FooterUsesTypedSummaryWithoutGenericRowsOrFabricatedFringeSettings(width: 600)" storage="d:\projects\opticalsystem\tests\optilandworkbench.tests\bin\release\net10.0\optilandworkbench.tests.dll" id="a4e53c95-3c93-f040-f96d-b5b89b056ccf">
      <Execution id="9cd39da7-4e15-4518-a6a8-a5a0c6f79d37" />
      <TestMethod codeBase="D:\Projects\opticalsystem\tests\OptilandWorkbench.Tests\bin\Release\net10.0\OptilandWorkbench.Tests.dll" adapterTypeName="executor://xunit/VsTestRunner3/netcore/" className="OptilandWorkbench.Tests.InterferogramFooterTests" name="FooterUsesTypedSummaryWithoutGenericRowsOrFabricatedFringeSettings" />
    </UnitTest>
    <UnitTest name="OptilandWorkbench.Tests.UiAuditRegressionTests.DefaultResultPageShowsActualContentRegardlessOfTitle(key: &quot;Prescription Report&quot;, expectedIndex: 1)" storage="d:\projects\opticalsystem\tests\optilandworkbench.tests\bin\release\net10.0\optilandworkbench.tests.dll" id="ffcd9866-ed50-a72f-313e-b7bbbdaf0e53">
      <Execution id="237f133f-ba40-454f-879f-1d6530a82992" />
      <TestMethod codeBase="D:\Projects\opticalsystem\tests\OptilandWorkbench.Tests\bin\Release\net10.0\OptilandWorkbench.Tests.dll" adapterTypeName="executor://xunit/VsTestRunner3/netcore/" className="OptilandWorkbench.Tests.UiAuditRegressionTests" name="DefaultResultPageShowsActualContentRegardlessOfTitle" />
    </UnitTest>
    <UnitTest name="OptilandWorkbench.Tests.CommercialReliabilityTests.InvalidPsfMetadataIsRejectedWithoutAllocatingItsDeclaredGrid(size: 0)" storage="d:\projects\opticalsystem\tests\optilandworkbench.tests\bin\release\net10.0\optilandworkbench.tests.dll" id="d64d587d-812b-4fd1-5f8f-912a1e217093">
      <Execution id="321a18a4-5689-43b2-aef8-58ab5ddd836b" />
      <TestMethod codeBase="D:\Projects\opticalsystem\tests\OptilandWorkbench.Tests\bin\Release\net10.0\OptilandWorkbench.Tests.dll" adapterTypeName="executor://xunit/VsTestRunner3/netcore/" className="OptilandWorkbench.Tests.CommercialReliabilityTests" name="InvalidPsfMetadataIsRejectedWithoutAllocatingItsDeclaredGrid" />
    </UnitTest>
    <UnitTest name="OptilandWorkbench.Tests.CommercialReliabilityTests.StarterImageSimulationProducesValidDataWhenAnExplicitSmallFieldIsSelected" storage="d:\projects\opticalsystem\tests\optilandworkbench.tests\bin\release\net10.0\optilandworkbench.tests.dll" id="314f86cf-299c-0126-81ab-5994f98974a5">
      <Execution id="ef34fa84-aed4-493d-9514-ff690a3e1dbd" />
      <TestMethod codeBase="D:\Projects\opticalsystem\tests\OptilandWorkbench.Tests\bin\Release\net10.0\OptilandWorkbench.Tests.dll" adapterTypeName="executor://xunit/VsTestRunner3/netcore/" className="OptilandWorkbench.Tests.CommercialReliabilityTests" name="StarterImageSimulationProducesValidDataWhenAnExplicitSmallFieldIsSelected" />
    </UnitTest>
    <UnitTest name="OptilandWorkbench.Tests.OpticCapabilityPreflightTests.EveryPublicParaxialEntryPointBlocksOpaqueGeometry" storage="d:\projects\opticalsystem\tests\optilandworkbench.tests\bin\release\net10.0\optilandworkbench.tests.dll" id="2b66352f-c2ea-c93b-150b-e28253c694df">
      <Execution id="69ad1d92-be37-4d9f-b548-ecae204afaf7" />
      <TestMethod codeBase="D:\Projects\opticalsystem\tests\OptilandWorkbench.Tests\bin\Release\net10.0\OptilandWorkbench.Tests.dll" adapterTypeName="executor://xunit/VsTestRunner3/netcore/" className="OptilandWorkbench.Tests.OpticCapabilityPreflightTests" name="EveryPublicParaxialEntryPointBlocksOpaqueGeometry" />
    </UnitTest>
    <UnitTest name="OptilandWorkbench.Tests.UiAuditRegressionTests.InvalidNumericInputRetainsErrorWithoutPublishingAnUpdate(cellName: &quot;ThermalExpansionCell&quot;)" storage="d:\projects\opticalsystem\tests\optilandworkbench.tests\bin\release\net10.0\optilandworkbench.tests.dll" id="afe3b471-03fa-d88f-069d-e386260b7190">
      <Execution id="4158ba32-e60b-4fcd-9034-ecfacf57e0c8" />
      <TestMethod codeBase="D:\Projects\opticalsystem\tests\OptilandWorkbench.Tests\bin\Release\net10.0\OptilandWorkbench.Tests.dll" adapterTypeName="executor://xunit/VsTestRunner3/netcore/" className="OptilandWorkbench.Tests.UiAuditRegressionTests" name="InvalidNumericInputRetainsErrorWithoutPublishingAnUpdate" />
    </UnitTest>
    <UnitTest name="OptilandWorkbench.Tests.CommercialReliabilityTests.StarterImageSimulationReportsFoldedPupilWithSettingsAndNoFabricatedRaster(name: &quot;Image Simulation&quot;)" storage="d:\projects\opticalsystem\tests\optilandworkbench.tests\bin\release\net10.0\optilandworkbench.tests.dll" id="52108556-4ca6-1e7c-e526-6c8c169b5aef">
      <Execution id="43f39e37-6afa-4654-8305-e741f537864c" />
      <TestMethod codeBase="D:\Projects\opticalsystem\tests\OptilandWorkbench.Tests\bin\Release\net10.0\OptilandWorkbench.Tests.dll" adapterTypeName="executor://xunit/VsTestRunner3/netcore/" className="OptilandWorkbench.Tests.CommercialReliabilityTests" name="StarterImageSimulationReportsFoldedPupilWithSettingsAndNoFabricatedRaster" />
    </UnitTest>
    <UnitTest name="OptilandWorkbench.Tests.OpticCapabilityPreflightTests.OpaqueGeometryRoundTripsPayloadWithoutBecomingAPlane" storage="d:\projects\opticalsystem\tests\optilandworkbench.tests\bin\release\net10.0\optilandworkbench.tests.dll" id="7343b87f-da4d-a7db-4dc5-adfba82889b6">
      <Execution id="18f604e1-a98c-4a60-81b3-f660c1a64c00" />
      <TestMethod codeBase="D:\Projects\opticalsystem\tests\OptilandWorkbench.Tests\bin\Release\net10.0\OptilandWorkbench.Tests.dll" adapterTypeName="executor://xunit/VsTestRunner3/netcore/" className="OptilandWorkbench.Tests.OpticCapabilityPreflightTests" name="OpaqueGeometryRoundTripsPayloadWithoutBecomingAPlane" />
    </UnitTest>
    <UnitTest name="OptilandWorkbench.Tests.WavefrontSurfaceRenderTests.InitialViewDoesNotInvalidateTheActiveRenderPass" storage="d:\projects\opticalsystem\tests\optilandworkbench.tests\bin\release\net10.0\optilandworkbench.tests.dll" id="4e883d4f-0f9b-a24a-6a1e-f150b104da90">
      <Execution id="f8913be3-4240-4694-949c-eecfd2b9b84e" />
      <TestMethod codeBase="D:\Projects\opticalsystem\tests\OptilandWorkbench.Tests\bin\Release\net10.0\OptilandWorkbench.Tests.dll" adapterTypeName="executor://xunit/VsTestRunner3/netcore/" className="OptilandWorkbench.Tests.WavefrontSurfaceRenderTests" name="InitialViewDoesNotInvalidateTheActiveRenderPass" />
    </UnitTest>
  </TestDefinitions>
  <TestEntries>
    <TestEntry testId="90989aea-e158-5171-b3a6-b3e8702e31cb" executionId="bb9ba0c5-e1bc-4144-9fa2-7c7f02b2385e" testListId="8c84fa94-04c1-424b-9868-57a2d4851a1d" />
    <TestEntry testId="3ca4138d-688a-58c4-e3ff-73abc85125c1" executionId="cdbf81e4-fa4e-4338-808f-d953f28cf19e" testListId="8c84fa94-04c1-424b-9868-57a2d4851a1d" />
    <TestEntry testId="314f86cf-299c-0126-81ab-5994f98974a5" executionId="ef34fa84-aed4-493d-9514-ff690a3e1dbd" testListId="8c84fa94-04c1-424b-9868-57a2d4851a1d" />
    <TestEntry testId="628dfb09-e0ce-38bc-4660-6fd743a3d7f4" executionId="13ad2fa4-0210-4931-8396-45620c64118c" testListId="8c84fa94-04c1-424b-9868-57a2d4851a1d" />
    <TestEntry testId="62396946-9ab9-72a9-916b-b40ed0319b77" executionId="952e3f7f-a5a9-4bf5-b9b6-5210e19ee110" testListId="8c84fa94-04c1-424b-9868-57a2d4851a1d" />
    <TestEntry testId="5288f0f4-8910-db8b-cac6-38b27b14c8c0" executionId="a148fd5b-b5e3-47e4-9498-2bd23d4097d3" testListId="8c84fa94-04c1-424b-9868-57a2d4851a1d" />
    <TestEntry testId="b15692a0-756a-0a35-7725-945eb6cdfc08" executionId="ef734124-6429-4029-a4c3-6e9035a5c224" testListId="8c84fa94-04c1-424b-9868-57a2d4851a1d" />
    <TestEntry testId="e9c76ca4-394a-5480-6b90-04b5eecb052c" executionId="1a87070a-2722-43f2-9da4-945c26962ed9" testListId="8c84fa94-04c1-424b-9868-57a2d4851a1d" />
    <TestEntry testId="52108556-4ca6-1e7c-e526-6c8c169b5aef" executionId="43f39e37-6afa-4654-8305-e741f537864c" testListId="8c84fa94-04c1-424b-9868-57a2d4851a1d" />
    <TestEntry testId="cb31e8a1-b113-1692-ba0a-3ee23b8f3f9f" executionId="fac85651-2bdc-455a-bdb6-7f6650c4bae3" testListId="8c84fa94-04c1-424b-9868-57a2d4851a1d" />
    <TestEntry testId="2b66352f-c2ea-c93b-150b-e28253c694df" executionId="69ad1d92-be37-4d9f-b548-ecae204afaf7" testListId="8c84fa94-04c1-424b-9868-57a2d4851a1d" />
    <TestEntry testId="f8284d05-68c0-d365-27c2-92a32498b586" executionId="b8bd8e88-c6b8-49b6-bf81-1f6ac04f4ad8" testListId="8c84fa94-04c1-424b-9868-57a2d4851a1d" />
    <TestEntry testId="f72d4b48-977a-3830-e72a-e8b3154e1dc4" executionId="284db565-c646-4984-a0a1-b3d15c7e9d33" testListId="8c84fa94-04c1-424b-9868-57a2d4851a1d" />
    <TestEntry testId="21473fc0-3bd4-3f9e-bbdf-a6b635c6b179" executionId="542dbb2d-9bfc-41d1-9840-98ae848b2d0f" testListId="8c84fa94-04c1-424b-9868-57a2d4851a1d" />
    <TestEntry testId="ffcd9866-ed50-a72f-313e-b7bbbdaf0e53" executionId="237f133f-ba40-454f-879f-1d6530a82992" testListId="8c84fa94-04c1-424b-9868-57a2d4851a1d" />
    <TestEntry testId="39db3f38-7988-a863-9c4d-cc001004a381" executionId="616bb1d4-0079-4c8e-a570-969e2ffa664d" testListId="8c84fa94-04c1-424b-9868-57a2d4851a1d" />
    <TestEntry testId="75349926-e56b-7c46-2812-01ac20b3d1d0" executionId="272f6a00-0840-4fc7-a03a-1c846a60bee4" testListId="8c84fa94-04c1-424b-9868-57a2d4851a1d" />
    <TestEntry testId="2a1b1918-e093-7127-e62b-dbd89fcf564b" executionId="50a0341d-d9dd-445d-9755-8667cecc6556" testListId="8c84fa94-04c1-424b-9868-57a2d4851a1d" />
    <TestEntry testId="8cfeb267-502d-5789-e701-2bc47d0e2b6a" executionId="60cb0ca7-1b96-4057-a102-ae399ba431a7" testListId="8c84fa94-04c1-424b-9868-57a2d4851a1d" />
    <TestEntry testId="1adb0c71-500d-0554-7af2-af8257ec4cb3" executionId="37a7ee2f-ff64-4667-8bc4-0d1b6e4fabdc" testListId="8c84fa94-04c1-424b-9868-57a2d4851a1d" />
    <TestEntry testId="82498c8c-3245-c713-c4d4-a66683d68d67" executionId="a187b678-51c8-4450-81a8-c0eada6ee5a4" testListId="8c84fa94-04c1-424b-9868-57a2d4851a1d" />
    <TestEntry testId="a4e53c95-3c93-f040-f96d-b5b89b056ccf" executionId="9cd39da7-4e15-4518-a6a8-a5a0c6f79d37" testListId="8c84fa94-04c1-424b-9868-57a2d4851a1d" />
    <TestEntry testId="c4a978a7-5db2-9d2b-f258-a3c09485cf26" executionId="7c518a71-8c92-419c-9d15-4e91bd49c82c" testListId="8c84fa94-04c1-424b-9868-57a2d4851a1d" />
    <TestEntry testId="67d40c94-2c0e-a8ff-4dff-3fba0de3afcb" executionId="5e12f739-7737-4e4a-a13a-bdfd83e1fa26" testListId="8c84fa94-04c1-424b-9868-57a2d4851a1d" />
    <TestEntry testId="7343b87f-da4d-a7db-4dc5-adfba82889b6" executionId="18f604e1-a98c-4a60-81b3-f660c1a64c00" testListId="8c84fa94-04c1-424b-9868-57a2d4851a1d" />
    <TestEntry testId="da291c3d-8b4b-e986-1aa9-3b817b9e273c" executionId="60dc399a-e198-425b-b154-8cf96789b00c" testListId="8c84fa94-04c1-424b-9868-57a2d4851a1d" />
    <TestEntry testId="50da7809-b988-c4a2-87e5-8e57bd950e9d" executionId="577cf966-05a7-4589-9fbc-f8f24b304d12" testListId="8c84fa94-04c1-424b-9868-57a2d4851a1d" />
    <TestEntry testId="9c2962ae-9844-af08-e4d9-b778580dc3a2" executionId="54f57559-a829-43b3-960f-cf92d0d78969" testListId="8c84fa94-04c1-424b-9868-57a2d4851a1d" />
    <TestEntry testId="b70f44e5-fbff-6697-a6ad-8a1c87e1d2be" executionId="cf2982cf-2fcb-4d06-9592-7f8624f5c1d0" testListId="8c84fa94-04c1-424b-9868-57a2d4851a1d" />
    <TestEntry testId="d64d587d-812b-4fd1-5f8f-912a1e217093" executionId="321a18a4-5689-43b2-aef8-58ab5ddd836b" testListId="8c84fa94-04c1-424b-9868-57a2d4851a1d" />
    <TestEntry testId="d3b41f5b-d757-bf87-e986-79767aa3a67d" executionId="6f36410d-4eea-4b4e-aaf0-e5f47365622c" testListId="8c84fa94-04c1-424b-9868-57a2d4851a1d" />
    <TestEntry testId="3f657b24-9d22-3837-cd60-767122af24ea" executionId="56758760-6bb0-4beb-9da8-23498c7d0f30" testListId="8c84fa94-04c1-424b-9868-57a2d4851a1d" />
    <TestEntry testId="98a3a5b7-0d81-584a-5410-d550733bf754" executionId="0f716788-cecc-4d8d-8aac-9e0c6b786e1b" testListId="8c84fa94-04c1-424b-9868-57a2d4851a1d" />
    <TestEntry testId="d9e33346-4599-d8e9-918b-b8d7539519b7" executionId="c783bc2b-6ed4-4f7a-b2f7-69fdcecdeca4" testListId="8c84fa94-04c1-424b-9868-57a2d4851a1d" />
    <TestEntry testId="cbdf955f-8f67-51da-24e7-17472bfb16f9" executionId="76e88638-cfcb-412c-bc3d-86d3fd73d49a" testListId="8c84fa94-04c1-424b-9868-57a2d4851a1d" />
    <TestEntry testId="e48b483f-cfc3-0fdd-c6a1-45db92389134" executionId="89ed4071-3197-418a-bfb7-45b92b66dd37" testListId="8c84fa94-04c1-424b-9868-57a2d4851a1d" />
    <TestEntry testId="a965584f-199f-7fd5-48c2-bd3a1d74cfeb" executionId="e07efa28-032d-4462-ac0b-88dc0b602079" testListId="8c84fa94-04c1-424b-9868-57a2d4851a1d" />
    <TestEntry testId="35862ea7-b39a-3ede-755b-3c78ff0f1230" executionId="a6bdb8ff-02c2-4b58-89bc-2d86f69ade77" testListId="8c84fa94-04c1-424b-9868-57a2d4851a1d" />
    <TestEntry testId="45e7c168-bd16-fd92-074c-d676e75e1ce2" executionId="926279ef-ff31-408b-bde3-0bdc2dd6a6f6" testListId="8c84fa94-04c1-424b-9868-57a2d4851a1d" />
    <TestEntry testId="e00a6b3a-f5ee-9dc8-c310-a63924f39df5" executionId="cf3e6821-8f98-4857-a657-736e8783bc7e" testListId="8c84fa94-04c1-424b-9868-57a2d4851a1d" />
    <TestEntry testId="a51e3ede-0247-b6f8-4e06-3ced5868e854" executionId="93ffedff-658e-46e3-b250-94bb461a6f68" testListId="8c84fa94-04c1-424b-9868-57a2d4851a1d" />
    <TestEntry testId="c242040b-fb30-161b-54e6-f48481564d85" executionId="e912aa3a-c091-4760-9196-437c91cd8d1f" testListId="8c84fa94-04c1-424b-9868-57a2d4851a1d" />
    <TestEntry testId="cd9efe57-2908-be9c-4a24-06110209190e" executionId="aa6d0958-311d-4c5c-9d06-af1f24efa2ba" testListId="8c84fa94-04c1-424b-9868-57a2d4851a1d" />
    <TestEntry testId="005c59ac-ebfa-6129-47a2-bbe5f46c23b3" executionId="3746253f-f07f-497a-81c2-f534837fbde0" testListId="8c84fa94-04c1-424b-9868-57a2d4851a1d" />
    <TestEntry testId="89389432-79c0-1ac2-3386-f4e3a3900607" executionId="d9e67bfd-e874-46b7-82bc-753b179ba006" testListId="8c84fa94-04c1-424b-9868-57a2d4851a1d" />
    <TestEntry testId="6dd88539-615c-e8b4-eb91-f4164725e7af" executionId="3bdf5462-d738-42b2-b4b2-ee406ccc761f" testListId="8c84fa94-04c1-424b-9868-57a2d4851a1d" />
    <TestEntry testId="791d6dda-e36e-6719-8923-84ab4b4b8af3" executionId="3f00c804-2a25-4ed9-8786-80d0eff078ec" testListId="8c84fa94-04c1-424b-9868-57a2d4851a1d" />
    <TestEntry testId="3af7e193-9a0d-de6f-5566-ef3405111c55" executionId="01719450-a4f4-4b94-b568-5131c3f4f4df" testListId="8c84fa94-04c1-424b-9868-57a2d4851a1d" />
    <TestEntry testId="83117c8d-2821-99c1-2bd3-95dc99d7d970" executionId="ac74ddd9-dcce-4758-92f2-a88ac84cce00" testListId="8c84fa94-04c1-424b-9868-57a2d4851a1d" />
    <TestEntry testId="afe3b471-03fa-d88f-069d-e386260b7190" executionId="4158ba32-e60b-4fcd-9034-ecfacf57e0c8" testListId="8c84fa94-04c1-424b-9868-57a2d4851a1d" />
    <TestEntry testId="a43a45c5-63d6-b297-db3c-8ad2e3271256" executionId="16cd5144-1eab-4806-a57a-6f0bf705ae7c" testListId="8c84fa94-04c1-424b-9868-57a2d4851a1d" />
    <TestEntry testId="2a8e39f0-8ec4-99a1-c59d-b73bd9189962" executionId="3800edd8-cefb-4de9-aadf-d3547f755884" testListId="8c84fa94-04c1-424b-9868-57a2d4851a1d" />
    <TestEntry testId="d69aab41-d9de-2cd2-e844-50817e4d62aa" executionId="882b0ca3-9d75-44c5-8063-fd887deb2318" testListId="8c84fa94-04c1-424b-9868-57a2d4851a1d" />
    <TestEntry testId="4e883d4f-0f9b-a24a-6a1e-f150b104da90" executionId="f8913be3-4240-4694-949c-eecfd2b9b84e" testListId="8c84fa94-04c1-424b-9868-57a2d4851a1d" />
    <TestEntry testId="8e086fb5-e352-c4b5-27a5-6873741b6302" executionId="eadf9302-a1a3-43b1-ab38-e103825aae70" testListId="8c84fa94-04c1-424b-9868-57a2d4851a1d" />
    <TestEntry testId="733758d4-ac84-b3fa-034f-e5a2b5cf5b01" executionId="996d6331-76ea-4575-8de7-142e40c1e7d0" testListId="8c84fa94-04c1-424b-9868-57a2d4851a1d" />
  </TestEntries>
  <TestLists>
    <TestList name="列表中未列出的结果" id="8c84fa94-04c1-424b-9868-57a2d4851a1d" />
    <TestList name="所有已加载的结果" id="19431567-8539-422a-85d7-44ee4e166bda" />
  </TestLists>
  <ResultSummary outcome="Completed">
    <Counters total="56" executed="56" passed="56" failed="0" error="0" timeout="0" aborted="0" inconclusive="0" passedButRunAborted="0" notRunnable="0" notExecuted="0" disconnected="0" warning="0" completed="0" inProgress="0" pending="0" />
    <Output>
      <StdOut>[xUnit.net 00:00:00.00] xUnit.net VSTest Adapter v3.1.4+50e68bbb8b (64-bit .NET 10.0.8)&#xD;
[xUnit.net 00:00:00.11]   Discovering: OptilandWorkbench.Tests&#xD;
[xUnit.net 00:00:00.50]   Discovered:  OptilandWorkbench.Tests&#xD;
[xUnit.net 00:00:00.54]   Starting:    OptilandWorkbench.Tests&#xD;
[xUnit.net 00:00:12.71]   Finished:    OptilandWorkbench.Tests&#xD;
</StdOut>
    </Output>
  </ResultSummary>
</TestRun>