<?xml version="1.0" encoding="utf-8"?>
<TestRun id="4cda550a-24b1-45cd-9e47-08bc7ab8f57c" name="@starlabdeMacBook-Air 2026-10-04 21:56:10" xmlns="http://microsoft.com/schemas/VisualStudio/TeamTest/2010">
  <Times creation="2026-10-04T21:56:10.5760690+08:00" queuing="2026-10-04T21:56:10.5760690+08:00" start="2026-10-04T21:54:49.1898900+08:00" finish="2026-10-04T21:56:10.5771190+08:00" />
  <TestSettings name="default" id="986dd1c2-094e-4a3d-8b30-948eea44910d">
    <Deployment runDeploymentRoot="_starlabdeMacBook-Air_2026-10-04_21_56_10" />
  </TestSettings>
  <TestLists>
    <TestList name="列表中未列出的结果" id="8c84fa94-04c1-424b-9868-57a2d4851a1d" />
    <TestList name="所有已加载的结果" id="19431567-8539-422a-85d7-44ee4e166bda" />
  </TestLists>
  <ResultSummary outcome="Failed">
    <Counters total="0" executed="0" passed="0" failed="0" error="0" timeout="0" aborted="0" inconclusive="0" passedButRunAborted="0" notRunnable="0" notExecuted="0" disconnected="0" warning="0" completed="0" inProgress="0" pending="0" />
    <Output>
      <StdOut>[xUnit.net 00:00:00.00] xUnit.net VSTest Adapter v3.1.4+50e68bbb8b (64-bit .NET 10.0.8)
[xUnit.net 00:00:00.04]   Discovering: OptilandWorkbench.Tests
[xUnit.net 00:00:00.25]   Discovered:  OptilandWorkbench.Tests
[xUnit.net 00:00:00.26]   Starting:    OptilandWorkbench.Tests
[createdump] Gathering state for process 50115 
[createdump] Writing full dump to file /var/folders/cb/v0mdrb6x27n0gn3trpqhw9nr0000gn/T/de1ba94d-1864-40c0-b7dd-bbfa8464ec65/dotnet_50115_20261004T215530_hangdump.dmp
[createdump] Written 7672861048 bytes (468314 pages) to core file
[createdump] Target process is alive
[createdump] Dump successfully written in 40146ms
</StdOut>
    </Output>
    <RunInfos>
      <RunInfo computerName="starlabdeMacBook-Air" outcome="Error" timestamp="2026-10-04T21:56:10.5475680+08:00">
        <Text>活动的测试运行已中止。原因: 测试主机进程崩溃</Text>
      </RunInfo>
      <RunInfo computerName="starlabdeMacBook-Air" outcome="Warning" timestamp="2026-10-04T21:56:10.5572280+08:00">
        <Text>数据收集器“Blame”消息: 指定的非活动时间(40 秒)已过。正在从测试主机及其子进程中收集挂起的转储。</Text>
      </RunInfo>
    </RunInfos>
    <CollectorDataEntries>
      <Collector agentName="starlabdeMacBook-Air" uri="datacollector://microsoft/TestPlatform/Extensions/Blame/v1" collectorDisplayName="Blame">
        <UriAttachments>
          <UriAttachment>
            <A href="starlabdeMacBook-Air/dotnet_50115_20261004T215530_hangdump.dmp"></A>
          </UriAttachment>
          <UriAttachment>
            <A href="starlabdeMacBook-Air/Sequence_f3c0cbecf20540bfa757a5a73abb8620.xml"></A>
          </UriAttachment>
        </UriAttachments>
      </Collector>
    </CollectorDataEntries>
  </ResultSummary>
</TestRun>